Archive member included to satisfy reference by file (symbol)

/home/crash/.pico-sdk/toolchain/13_3_Rel1/bin/../lib/gcc/arm-none-eabi/13.3.1/thumb/v6-m/nofp/libgcc.a(_dvmd_tls.o)
                              CMakeFiles/blink.dir/home/crash/.pico-sdk/sdk/2.1.0/src/rp2_common/pico_divider/divider_hardware.S.o (__aeabi_idiv0)
/home/crash/.pico-sdk/toolchain/13_3_Rel1/bin/../lib/gcc/arm-none-eabi/13.3.1/../../../../arm-none-eabi/lib/thumb/v6-m/nofp/libg.a(libc_a-strlen-stub.o)
                              CMakeFiles/blink.dir/home/crash/.pico-sdk/sdk/2.1.0/src/rp2_common/pico_stdio/stdio.c.o (strlen)
/home/crash/.pico-sdk/toolchain/13_3_Rel1/bin/../lib/gcc/arm-none-eabi/13.3.1/../../../../arm-none-eabi/lib/thumb/v6-m/nofp/libg.a(libc_a-malloc.o)
                              CMakeFiles/blink.dir/home/crash/.pico-sdk/sdk/2.1.0/src/rp2_common/pico_malloc/malloc.c.o (malloc)
/home/crash/.pico-sdk/toolchain/13_3_Rel1/bin/../lib/gcc/arm-none-eabi/13.3.1/../../../../arm-none-eabi/lib/thumb/v6-m/nofp/libg.a(libc_a-mallocr.o)
                              /home/crash/.pico-sdk/toolchain/13_3_Rel1/bin/../lib/gcc/arm-none-eabi/13.3.1/../../../../arm-none-eabi/lib/thumb/v6-m/nofp/libg.a(libc_a-malloc.o) (_malloc_r)
/home/crash/.pico-sdk/toolchain/13_3_Rel1/bin/../lib/gcc/arm-none-eabi/13.3.1/../../../../arm-none-eabi/lib/thumb/v6-m/nofp/libg.a(libc_a-lcltime_r.o)
                              CMakeFiles/blink.dir/home/crash/.pico-sdk/sdk/2.1.0/src/common/pico_util/datetime.c.o (localtime_r)
/home/crash/.pico-sdk/toolchain/13_3_Rel1/bin/../lib/gcc/arm-none-eabi/13.3.1/../../../../arm-none-eabi/lib/thumb/v6-m/nofp/libg.a(libc_a-sbrkr.o)
                              /home/crash/.pico-sdk/toolchain/13_3_Rel1/bin/../lib/gcc/arm-none-eabi/13.3.1/../../../../arm-none-eabi/lib/thumb/v6-m/nofp/libg.a(libc_a-mallocr.o) (_sbrk_r)
/home/crash/.pico-sdk/toolchain/13_3_Rel1/bin/../lib/gcc/arm-none-eabi/13.3.1/../../../../arm-none-eabi/lib/thumb/v6-m/nofp/libg.a(libc_a-mktime.o)
                              CMakeFiles/blink.dir/home/crash/.pico-sdk/sdk/2.1.0/src/common/pico_util/datetime.c.o (mktime)
/home/crash/.pico-sdk/toolchain/13_3_Rel1/bin/../lib/gcc/arm-none-eabi/13.3.1/../../../../arm-none-eabi/lib/thumb/v6-m/nofp/libg.a(libc_a-month_lengths.o)
                              /home/crash/.pico-sdk/toolchain/13_3_Rel1/bin/../lib/gcc/arm-none-eabi/13.3.1/../../../../arm-none-eabi/lib/thumb/v6-m/nofp/libg.a(libc_a-lcltime_r.o) (__month_lengths)
/home/crash/.pico-sdk/toolchain/13_3_Rel1/bin/../lib/gcc/arm-none-eabi/13.3.1/../../../../arm-none-eabi/lib/thumb/v6-m/nofp/libg.a(libc_a-tzcalc_limits.o)
                              /home/crash/.pico-sdk/toolchain/13_3_Rel1/bin/../lib/gcc/arm-none-eabi/13.3.1/../../../../arm-none-eabi/lib/thumb/v6-m/nofp/libg.a(libc_a-lcltime_r.o) (__tzcalc_limits)
/home/crash/.pico-sdk/toolchain/13_3_Rel1/bin/../lib/gcc/arm-none-eabi/13.3.1/../../../../arm-none-eabi/lib/thumb/v6-m/nofp/libg.a(libc_a-tzlock.o)
                              /home/crash/.pico-sdk/toolchain/13_3_Rel1/bin/../lib/gcc/arm-none-eabi/13.3.1/../../../../arm-none-eabi/lib/thumb/v6-m/nofp/libg.a(libc_a-lcltime_r.o) (__tz_lock)
/home/crash/.pico-sdk/toolchain/13_3_Rel1/bin/../lib/gcc/arm-none-eabi/13.3.1/../../../../arm-none-eabi/lib/thumb/v6-m/nofp/libg.a(libc_a-tzset.o)
                              /home/crash/.pico-sdk/toolchain/13_3_Rel1/bin/../lib/gcc/arm-none-eabi/13.3.1/../../../../arm-none-eabi/lib/thumb/v6-m/nofp/libg.a(libc_a-lcltime_r.o) (_tzset_unlocked)
/home/crash/.pico-sdk/toolchain/13_3_Rel1/bin/../lib/gcc/arm-none-eabi/13.3.1/../../../../arm-none-eabi/lib/thumb/v6-m/nofp/libg.a(libc_a-mlock.o)
                              /home/crash/.pico-sdk/toolchain/13_3_Rel1/bin/../lib/gcc/arm-none-eabi/13.3.1/../../../../arm-none-eabi/lib/thumb/v6-m/nofp/libg.a(libc_a-mallocr.o) (__malloc_lock)
/home/crash/.pico-sdk/toolchain/13_3_Rel1/bin/../lib/gcc/arm-none-eabi/13.3.1/../../../../arm-none-eabi/lib/thumb/v6-m/nofp/libg.a(libc_a-calloc.o)
                              CMakeFiles/blink.dir/home/crash/.pico-sdk/sdk/2.1.0/src/rp2_common/pico_malloc/malloc.c.o (calloc)
/home/crash/.pico-sdk/toolchain/13_3_Rel1/bin/../lib/gcc/arm-none-eabi/13.3.1/../../../../arm-none-eabi/lib/thumb/v6-m/nofp/libg.a(libc_a-memcmp.o)
                              CMakeFiles/blink.dir/home/crash/.pico-sdk/sdk/2.1.0/src/rp2_common/pico_atomic/atomic.c.o (memcmp)
/home/crash/.pico-sdk/toolchain/13_3_Rel1/bin/../lib/gcc/arm-none-eabi/13.3.1/../../../../arm-none-eabi/lib/thumb/v6-m/nofp/libg.a(libc_a-callocr.o)
                              /home/crash/.pico-sdk/toolchain/13_3_Rel1/bin/../lib/gcc/arm-none-eabi/13.3.1/../../../../arm-none-eabi/lib/thumb/v6-m/nofp/libg.a(libc_a-calloc.o) (_calloc_r)
/home/crash/.pico-sdk/toolchain/13_3_Rel1/bin/../lib/gcc/arm-none-eabi/13.3.1/../../../../arm-none-eabi/lib/thumb/v6-m/nofp/libg.a(libc_a-div.o)
[...]
Memory Configuration

Name             Origin             Length             Attributes
FLASH            0x10000000         0x00200000         xr
RAM              0x20000000         0x00040000         xrw
SCRATCH_X        0x20040000         0x00001000         xrw
SCRATCH_Y        0x20041000         0x00001000         xrw
*default*        0x00000000         0xffffffff

Linker script and memory map

LOAD /home/crash/.pico-sdk/toolchain/13_3_Rel1/bin/../lib/gcc/arm-none-eabi/13.3.1/thumb/v6-m/nofp/crti.o
LOAD /home/crash/.pico-sdk/toolchain/13_3_Rel1/bin/../lib/gcc/arm-none-eabi/13.3.1/thumb/v6-m/nofp/crtbegin.o
LOAD /home/crash/.pico-sdk/toolchain/13_3_Rel1/bin/../lib/gcc/arm-none-eabi/13.3.1/../../../../arm-none-eabi/lib/thumb/v6-m/nofp/crt0.o

.flash_begin    0x10000000        0x0
                0x10000000                        __flash_binary_start = .

.boot2          0x10000000      0x100
                0x10000000                        __boot2_start__ = .
 *(.boot2)
 .boot2         0x10000000      0x100 pico-sdk/src/rp2040/boot_stage2/CMakeFiles/bs2_default_library.dir/./bs2_default_padded_checksummed.S.o
                0x10000100                        __boot2_end__ = .
                0x00000001                        ASSERT (((__boot2_end__ - __boot2_start__) == 0x100), ERROR: Pico second stage bootloader must be 256 bytes in size)

.text           0x10000100     0x6a80
                0x10000100                        __logical_binary_start = .
 *(.vectors)
 .vectors       0x10000100       0xd4 CMakeFiles/blink.dir/home/crash/.pico-sdk/sdk/2.1.0/src/rp2_common/pico_crt0/crt0.S.o
                0x10000100                __vectors
                0x10000100                __VECTOR_TABLE
                0x100001c0                isr_invalid
                0x100001c0                __default_isrs_start
                0x100001c2                isr_nmi
                0x100001c4                isr_hardfault
                0x100001c6                isr_svcall
                0x100001c8                isr_pendsv
                0x100001ca                isr_systick
                0x100001cc                isr_irq30
                0x100001cc                __unhandled_user_irq
                0x100001cc                isr_irq13
                0x100001cc                isr_irq27
                0x100001cc                isr_irq31
                0x100001cc                isr_irq5
                0x100001cc                isr_irq11
                0x100001cc                isr_irq23
                0x100001cc                isr_irq18
                0x100001cc                isr_irq28
                0x100001cc                isr_irq19
                0x100001cc                isr_irq0
                0x100001cc                isr_irq6
                0x100001cc                isr_irq22
                0x100001cc                isr_irq17
                0x100001cc                isr_irq14
                0x100001cc                isr_irq2
                0x100001cc                isr_irq10
                0x100001cc                isr_irq8
                0x100001cc                isr_irq24
                0x100001cc                isr_irq1
                0x100001cc                isr_irq7
                0x100001cc                isr_irq21
                0x100001cc                isr_irq20
                0x100001cc                isr_irq15
                0x100001cc                isr_irq25
                0x100001cc                isr_irq4
                0x100001cc                isr_irq16
                0x100001cc                isr_irq29
                0x100001cc                isr_irq26
                0x100001cc                __default_isrs_end
                0x100001cc                isr_irq3
                0x100001cc                isr_irq12
                0x100001cc                isr_irq9
                0x100001d2                unhandled_user_irq_num_in_r0
 *(.binary_info_header)
 .binary_info_header
                0x100001d4       0x14 CMakeFiles/blink.dir/home/crash/.pico-sdk/sdk/2.1.0/src/rp2_common/pico_crt0/crt0.S.o
                0x100001e8                        __binary_info_header_end = .
 *(.embedded_block)
                0x100001e8                        __embedded_block_end = .
 *(.reset)
 .reset         0x100001e8       0x9c CMakeFiles/blink.dir/home/crash/.pico-sdk/sdk/2.1.0/src/rp2_common/pico_crt0/crt0.S.o
                0x100001e8                _entry_point
 *(.init)
 .init          0x10000284        0x4 /home/crash/.pico-sdk/toolchain/13_3_Rel1/bin/../lib/gcc/arm-none-eabi/13.3.1/thumb/v6-m/nofp/crti.o
                0x10000284                _init
 *(EXCLUDE_FILE(*libm.a: *libc.a:*lib_a-mem*.o *libgcc.a:) .text*)
 .text.register_tm_clones
                0x10000288       0x28 /home/crash/.pico-sdk/toolchain/13_3_Rel1/bin/../lib/gcc/arm-none-eabi/13.3.1/thumb/v6-m/nofp/crtbegin.o
 .text.frame_dummy
                0x100002b0       0x24 /home/crash/.pico-sdk/toolchain/13_3_Rel1/bin/../lib/gcc/arm-none-eabi/13.3.1/thumb/v6-m/nofp/crtbegin.o
 .text._Z12pico_set_ledv.part.0
                0x100002d4       0xc8 CMakeFiles/blink.dir/example.cpp.o
 .text._Z12pico_set_ledv
                0x1000039c       0x64 CMakeFiles/blink.dir/example.cpp.o
                0x1000039c                pico_set_led()
 .text.startup.main
                0x10000400       0xf0 CMakeFiles/blink.dir/example.cpp.o
                0x10000400                main
 .text.startup._GLOBAL__sub_I_ms_last_change
                0x100004f0       0x10 CMakeFiles/blink.dir/example.cpp.o
 .text._ZN3TAPC2Ev
                0x10000500        0x8 CMakeFiles/blink.dir/src/TAP.cpp.o
                0x10000500                TAP::TAP()
                0x10000500                TAP::TAP()
 .text._ZN3TAP12tapSendTelemERKNS_13TAP_TELEMETRYE
                0x10000508       0x4c CMakeFiles/blink.dir/src/TAP.cpp.o
                0x10000508                TAP::tapSendTelem(TAP::TAP_TELEMETRY const&)
 .text.gpio_init
                0x10000554       0x40 CMakeFiles/blink.dir/home/crash/.pico-sdk/sdk/2.1.0/src/rp2_common/hardware_gpio/gpio.c.o
                0x10000554                gpio_init
 .text.rp2040_chip_version
                0x10000594        0xc CMakeFiles/blink.dir/home/crash/.pico-sdk/sdk/2.1.0/src/rp2040/pico_platform/platform.c.o
                0x10000594                rp2040_chip_version
 .text.panic    0x100005a0       0x30 CMakeFiles/blink.dir/home/crash/.pico-sdk/sdk/2.1.0/src/rp2_common/pico_platform_panic/panic.c.o
                0x100005a0                panic
 .text.hw_claim_or_assert
                0x100005d0       0x44 CMakeFiles/blink.dir/home/crash/.pico-sdk/sdk/2.1.0/src/common/hardware_claim/claim.c.o
                0x100005d0                hw_claim_or_assert
 .text.hw_claim_unused_from_range
                0x10000614       0x9c CMakeFiles/blink.dir/home/crash/.pico-sdk/sdk/2.1.0/src/common/hardware_claim/claim.c.o
                0x10000614                hw_claim_unused_from_range
 .text.next_striped_spin_lock_num
                0x100006b0       0x18 CMakeFiles/blink.dir/home/crash/.pico-sdk/sdk/2.1.0/src/rp2_common/hardware_sync/sync.c.o
                0x100006b0                next_striped_spin_lock_num
 .text.spin_lock_claim_unused
                0x100006c8       0x24 CMakeFiles/blink.dir/home/crash/.pico-sdk/sdk/2.1.0/src/rp2_common/hardware_sync/sync.c.o
                0x100006c8                spin_lock_claim_unused
 .text.spin_locks_reset
                0x100006ec       0x1c CMakeFiles/blink.dir/home/crash/.pico-sdk/sdk/2.1.0/src/rp2_common/hardware_sync_spin_lock/sync_spin_lock.c.o
                0x100006ec                spin_locks_reset
 .text.runtime_init_per_core_irq_priorities
                0x10000708       0x24 CMakeFiles/blink.dir/home/crash/.pico-sdk/sdk/2.1.0/src/rp2_common/hardware_irq/irq.c.o
                0x10000708                runtime_init_per_core_irq_priorities
 .text.irq_set_enabled
                0x1000072c       0x24 CMakeFiles/blink.dir/home/crash/.pico-sdk/sdk/2.1.0/src/rp2_common/hardware_irq/irq.c.o
                0x1000072c                irq_set_enabled
 .text.irq_is_enabled
                0x10000750       0x18 CMakeFiles/blink.dir/home/crash/.pico-sdk/sdk/2.1.0/src/rp2_common/hardware_irq/irq.c.o
                0x10000750                irq_is_enabled
 .text.irq_set_pending
                0x10000768       0x10 CMakeFiles/blink.dir/home/crash/.pico-sdk/sdk/2.1.0/src/rp2_common/hardware_irq/irq.c.o
                0x10000768                irq_set_pending
 .text.irq_has_shared_handler
                0x10000778       0x2c CMakeFiles/blink.dir/home/crash/.pico-sdk/sdk/2.1.0/src/rp2_common/hardware_irq/irq.c.o
                0x10000778                irq_has_shared_handler
 .text.irq_set_exclusive_handler
                0x100007a4       0x54 CMakeFiles/blink.dir/home/crash/.pico-sdk/sdk/2.1.0/src/rp2_common/hardware_irq/irq.c.o
                0x100007a4                irq_set_exclusive_handler
 .text.irq_add_shared_handler
                0x100007f8      0x1f4 CMakeFiles/blink.dir/home/crash/.pico-sdk/sdk/2.1.0/src/rp2_common/hardware_irq/irq.c.o
                0x100007f8                irq_add_shared_handler
 .text.irq_add_tail_to_free_list
                0x100009ec       0xb4 CMakeFiles/blink.dir/home/crash/.pico-sdk/sdk/2.1.0/src/rp2_common/hardware_irq/irq.c.o
                0x100009ec                irq_add_tail_to_free_list
 .text.user_irq_claim_unused
                0x10000aa0       0x2c CMakeFiles/blink.dir/home/crash/.pico-sdk/sdk/2.1.0/src/rp2_common/hardware_irq/irq.c.o
                0x10000aa0                user_irq_claim_unused
 .text.lock_init
                0x10000acc       0x10 CMakeFiles/blink.dir/home/crash/.pico-sdk/sdk/2.1.0/src/common/pico_sync/lock_core.c.o
                0x10000acc                lock_init
 .text.runtime_init_mutex
                0x10000adc       0x50 CMakeFiles/blink.dir/home/crash/.pico-sdk/sdk/2.1.0/src/common/pico_sync/mutex.c.o
                0x10000adc                runtime_init_mutex
 .text.mutex_init
                0x10000b2c       0x1c CMakeFiles/blink.dir/home/crash/.pico-sdk/sdk/2.1.0/src/common/pico_sync/mutex.c.o
                0x10000b2c                mutex_init
 .text.critical_section_init
                0x10000b48       0x1c CMakeFiles/blink.dir/home/crash/.pico-sdk/sdk/2.1.0/src/common/pico_sync/critical_section.c.o
                0x10000b48                critical_section_init
 .text.critical_section_init_with_lock_num
                0x10000b64       0x14 CMakeFiles/blink.dir/home/crash/.pico-sdk/sdk/2.1.0/src/common/pico_sync/critical_section.c.o
                0x10000b64                critical_section_init_with_lock_num
 .text.sleep_until_callback
                0x10000b78       0x30 CMakeFiles/blink.dir/home/crash/.pico-sdk/sdk/2.1.0/src/common/pico_time/time.c.o
 .text.alarm_pool_irq_handler
                0x10000ba8      0x2fc CMakeFiles/blink.dir/home/crash/.pico-sdk/sdk/2.1.0/src/common/pico_time/time.c.o
 .text.runtime_init_default_alarm_pool
                0x10000ea4       0xdc CMakeFiles/blink.dir/home/crash/.pico-sdk/sdk/2.1.0/src/common/pico_time/time.c.o
                0x10000ea4                runtime_init_default_alarm_pool
 .text.alarm_pool_get_default
                0x10000f80        0x8 CMakeFiles/blink.dir/home/crash/.pico-sdk/sdk/2.1.0/src/common/pico_time/time.c.o
                0x10000f80                alarm_pool_get_default
 .text.alarm_pool_add_alarm_at
                0x10000f88       0xd4 CMakeFiles/blink.dir/home/crash/.pico-sdk/sdk/2.1.0/src/common/pico_time/time.c.o
                0x10000f88                alarm_pool_add_alarm_at
 .text.alarm_pool_add_alarm_at_force_in_context
                0x1000105c       0xb0 CMakeFiles/blink.dir/home/crash/.pico-sdk/sdk/2.1.0/src/common/pico_time/time.c.o
                0x1000105c                alarm_pool_add_alarm_at_force_in_context
 .text.alarm_pool_cancel_alarm
                0x1000110c       0x74 CMakeFiles/blink.dir/home/crash/.pico-sdk/sdk/2.1.0/src/common/pico_time/time.c.o
                0x1000110c                alarm_pool_cancel_alarm
 .text.alarm_pool_core_num
                0x10001180        0x4 CMakeFiles/blink.dir/home/crash/.pico-sdk/sdk/2.1.0/src/common/pico_time/time.c.o
                0x10001180                alarm_pool_core_num
 .text.sleep_until
                0x10001184       0xd8 CMakeFiles/blink.dir/home/crash/.pico-sdk/sdk/2.1.0/src/common/pico_time/time.c.o
                0x10001184                sleep_until
 .text.sleep_ms
                0x1000125c       0x38 CMakeFiles/blink.dir/home/crash/.pico-sdk/sdk/2.1.0/src/common/pico_time/time.c.o
                0x1000125c                sleep_ms
 .text.best_effort_wfe_or_timeout
                0x10001294       0xe0 CMakeFiles/blink.dir/home/crash/.pico-sdk/sdk/2.1.0/src/common/pico_time/time.c.o
                0x10001294                best_effort_wfe_or_timeout
 .text.timer_hardware_alarm_claim
                0x10001374       0x14 CMakeFiles/blink.dir/home/crash/.pico-sdk/sdk/2.1.0/src/rp2_common/hardware_timer/timer.c.o
                0x10001374                timer_hardware_alarm_claim
 .text.timer_time_us_64
                0x10001388       0x10 CMakeFiles/blink.dir/home/crash/.pico-sdk/sdk/2.1.0/src/rp2_common/hardware_timer/timer.c.o
                0x10001388                timer_time_us_64
 .text.time_us_64
                0x10001398       0x14 CMakeFiles/blink.dir/home/crash/.pico-sdk/sdk/2.1.0/src/rp2_common/hardware_timer/timer.c.o
                0x10001398                time_us_64
 .text.busy_wait_until
                0x100013ac       0x20 CMakeFiles/blink.dir/home/crash/.pico-sdk/sdk/2.1.0/src/rp2_common/hardware_timer/timer.c.o
                0x100013ac                busy_wait_until
 .text.clock_configure_int_divider
                0x100013cc       0xf4 CMakeFiles/blink.dir/home/crash/.pico-sdk/sdk/2.1.0/src/rp2_common/hardware_clocks/clocks.c.o
                0x100013cc                clock_configure_int_divider
 .text.clock_configure_undivided
                0x100014c0       0xe8 CMakeFiles/blink.dir/home/crash/.pico-sdk/sdk/2.1.0/src/rp2_common/hardware_clocks/clocks.c.o
                0x100014c0                clock_configure_undivided
 .text.clock_get_hz
                0x100015a8        0xc CMakeFiles/blink.dir/home/crash/.pico-sdk/sdk/2.1.0/src/rp2_common/hardware_clocks/clocks.c.o
                0x100015a8                clock_get_hz
 .text.pll_init
                0x100015b4       0xa4 CMakeFiles/blink.dir/home/crash/.pico-sdk/sdk/2.1.0/src/rp2_common/hardware_pll/pll.c.o
                0x100015b4                pll_init
 .text.watchdog_reboot
                0x10001658       0x9c CMakeFiles/blink.dir/home/crash/.pico-sdk/sdk/2.1.0/src/rp2_common/hardware_watchdog/watchdog.c.o
                0x10001658                watchdog_reboot
 .text.tick_start
                0x100016f4       0x10 CMakeFiles/blink.dir/home/crash/.pico-sdk/sdk/2.1.0/src/rp2_common/hardware_ticks/ticks.c.o
                0x100016f4                tick_start
 .text.rom_func_lookup
                0x10001704       0x10 CMakeFiles/blink.dir/home/crash/.pico-sdk/sdk/2.1.0/src/rp2_common/pico_bootrom/bootrom.c.o
                0x10001704                rom_func_lookup
 .text.rom_data_lookup
                0x10001714       0x10 CMakeFiles/blink.dir/home/crash/.pico-sdk/sdk/2.1.0/src/rp2_common/pico_bootrom/bootrom.c.o
                0x10001714                rom_data_lookup
 .text.rom_funcs_lookup
                0x10001724       0x44 CMakeFiles/blink.dir/home/crash/.pico-sdk/sdk/2.1.0/src/rp2_common/pico_bootrom/bootrom.c.o
                0x10001724                rom_funcs_lookup
 .text.rom_reset_usb_boot_extra
                0x10001768       0x28 CMakeFiles/blink.dir/home/crash/.pico-sdk/sdk/2.1.0/src/rp2_common/pico_bootrom/bootrom.c.o
                0x10001768                rom_reset_usb_boot_extra
 .text.xosc_init
                0x10001790       0x28 CMakeFiles/blink.dir/home/crash/.pico-sdk/sdk/2.1.0/src/rp2_common/hardware_xosc/xosc.c.o
                0x10001790                xosc_init
 .text.first_per_core_initializer
                0x100017b8        0x4 CMakeFiles/blink.dir/home/crash/.pico-sdk/sdk/2.1.0/src/rp2_common/pico_runtime/runtime.c.o
 .text.hard_assertion_failure
                0x100017bc        0xc CMakeFiles/blink.dir/home/crash/.pico-sdk/sdk/2.1.0/src/rp2_common/pico_runtime/runtime.c.o
                0x100017bc                hard_assertion_failure
 .text.runtime_run_initializers
                0x100017c8       0x28 CMakeFiles/blink.dir/home/crash/.pico-sdk/sdk/2.1.0/src/rp2_common/pico_runtime/runtime.c.o
                0x100017c8                runtime_run_initializers
 .text.runtime_init_early_resets
                0x100017f0       0x2c CMakeFiles/blink.dir/home/crash/.pico-sdk/sdk/2.1.0/src/rp2_common/pico_runtime_init/runtime_init.c.o
                0x100017f0                runtime_init_early_resets
 .text.runtime_init_usb_power_down
                0x1000181c       0x1c CMakeFiles/blink.dir/home/crash/.pico-sdk/sdk/2.1.0/src/rp2_common/pico_runtime_init/runtime_init.c.o
                0x1000181c                runtime_init_usb_power_down
 .text.runtime_init_post_clock_resets
                0x10001838       0x20 CMakeFiles/blink.dir/home/crash/.pico-sdk/sdk/2.1.0/src/rp2_common/pico_runtime_init/runtime_init.c.o
                0x10001838                runtime_init_post_clock_resets
 .text.runtime_init_rp2040_gpio_ie_disable
                0x10001858       0x14 CMakeFiles/blink.dir/home/crash/.pico-sdk/sdk/2.1.0/src/rp2_common/pico_runtime_init/runtime_init.c.o
                0x10001858                runtime_init_rp2040_gpio_ie_disable
 .text.runtime_init_spin_locks_reset
                0x1000186c        0x8 CMakeFiles/blink.dir/home/crash/.pico-sdk/sdk/2.1.0/src/rp2_common/pico_runtime_init/runtime_init.c.o
                0x1000186c                runtime_init_spin_locks_reset
 .text.runtime_init_install_ram_vector_table
                0x10001874       0x1c CMakeFiles/blink.dir/home/crash/.pico-sdk/sdk/2.1.0/src/rp2_common/pico_runtime_init/runtime_init.c.o
                0x10001874                runtime_init_install_ram_vector_table
 .text.runtime_init_clocks
                0x10001890       0xd8 CMakeFiles/blink.dir/home/crash/.pico-sdk/sdk/2.1.0/src/rp2_common/pico_runtime_init/runtime_init_clocks.c.o
                0x10001890                runtime_init_clocks
 .text          0x10001968       0x10 CMakeFiles/blink.dir/home/crash/.pico-sdk/sdk/2.1.0/src/rp2_common/pico_bit_ops/bit_ops_aeabi.S.o
 .text.__wrap___aeabi_idiv
                0x10001978       0x50 CMakeFiles/blink.dir/home/crash/.pico-sdk/sdk/2.1.0/src/rp2_common/pico_divider/divider_hardware.S.o
                0x10001978                __wrap___aeabi_idivmod
                0x10001978                divmod_s32s32
                0x10001978                div_s32s32
                0x10001978                __wrap___aeabi_idiv
                0x10001980                divmod_s32s32_unsafe
                0x100019ac                divmod_s32s32_savestate
 .text.__wrap___aeabi_uidiv
                0x100019c8       0x4c CMakeFiles/blink.dir/home/crash/.pico-sdk/sdk/2.1.0/src/rp2_common/pico_divider/divider_hardware.S.o
                0x100019c8                __wrap___aeabi_uidiv
                0x100019c8                __wrap___aeabi_uidivmod
                0x100019c8                div_u32u32
                0x100019c8                divmod_u32u32
                0x100019d0                divmod_u32u32_unsafe
                0x100019f8                divmod_u32u32_savestate
 .text.__wrap___aeabi_ldiv
                0x10001a14      0x424 CMakeFiles/blink.dir/home/crash/.pico-sdk/sdk/2.1.0/src/rp2_common/pico_divider/divider_hardware.S.o
                0x10001a14                div_s64s64
                0x10001a14                divmod_s64s64
                0x10001a14                __wrap___aeabi_ldivmod
                0x10001a44                div_u64u64
                0x10001a44                divmod_u64u64
                0x10001a44                __wrap___aeabi_uldivmod
                0x10001a54                divmod_u64u64_savestate
                0x10001a74                divmod_s64s64_unsafe
                0x10001afc                divmod_u64u64_unsafe
 .text.__wrap___aeabi_darithmetic
                0x10001e38       0x80 CMakeFiles/blink.dir/home/crash/.pico-sdk/sdk/2.1.0/src/rp2_common/pico_double/double_aeabi_rp2040.S.o
                0x10001e38                __wrap___aeabi_drsub
                0x10001e3e                __wrap___aeabi_dsub
                0x10001e50                __wrap___aeabi_dadd
                0x10001e62                __wrap___aeabi_ddiv
                0x10001e9e                __wrap___aeabi_dmul
 .text.__wrap___aeabi_cdcmple
                0x10001eb8       0x6c CMakeFiles/blink.dir/home/crash/.pico-sdk/sdk/2.1.0/src/rp2_common/pico_double/double_aeabi_rp2040.S.o
                0x10001eb8                __wrap___aeabi_cdrcmple
                0x10001ec8                __wrap___aeabi_cdcmple
                0x10001ec8                __wrap___aeabi_cdcmpeq
 .text.__wrap___aeabi_dcmplt
                0x10001f24        0xc CMakeFiles/blink.dir/home/crash/.pico-sdk/sdk/2.1.0/src/rp2_common/pico_double/double_aeabi_rp2040.S.o
                0x10001f24                __wrap___aeabi_dcmplt
 .text.__wrap___aeabi_dcmpge
                0x10001f30       0x10 CMakeFiles/blink.dir/home/crash/.pico-sdk/sdk/2.1.0/src/rp2_common/pico_double/double_aeabi_rp2040.S.o
                0x10001f30                __wrap___aeabi_dcmpge
 .text.__wrap___aeabi_dcmpgt
                0x10001f40        0xa CMakeFiles/blink.dir/home/crash/.pico-sdk/sdk/2.1.0/src/rp2_common/pico_double/double_aeabi_rp2040.S.o
                0x10001f40                __wrap___aeabi_dcmpgt
 .text.__wrap___aeabi_dcmpun
                0x10001f4a       0x18 CMakeFiles/blink.dir/home/crash/.pico-sdk/sdk/2.1.0/src/rp2_common/pico_double/double_aeabi_rp2040.S.o
                0x10001f4a                __wrap___aeabi_dcmpun
 *fill*         0x10001f62        0x2 
 .text.__wrap___aeabi_i2d
                0x10001f64       0x38 CMakeFiles/blink.dir/home/crash/.pico-sdk/sdk/2.1.0/src/rp2_common/pico_double/double_aeabi_rp2040.S.o
                0x10001f64                __wrap___aeabi_ui2d
                0x10001f6c                __wrap___aeabi_i2d
 .text.__wrap___aeabi_d2iz
                0x10001f9c       0x48 CMakeFiles/blink.dir/home/crash/.pico-sdk/sdk/2.1.0/src/rp2_common/pico_double/double_aeabi_rp2040.S.o
                0x10001f9c                __wrap___aeabi_d2iz
                0x10001f9c                double2int_z
 .text.__wrap___aeabi_d2uiz
                0x10001fe4       0x18 CMakeFiles/blink.dir/home/crash/.pico-sdk/sdk/2.1.0/src/rp2_common/pico_double/double_aeabi_rp2040.S.o
                0x10001fe4                double2uint
                0x10001fe4                __wrap___aeabi_d2uiz
 .text.__aeabi_double_init
                0x10001ffc       0xa4 CMakeFiles/blink.dir/home/crash/.pico-sdk/sdk/2.1.0/src/rp2_common/pico_double/double_init_rom_rp2040.c.o
                0x10001ffc                __aeabi_double_init
 .text.double_table_shim_on_use_helper
                0x100020a0       0x2c CMakeFiles/blink.dir/home/crash/.pico-sdk/sdk/2.1.0/src/rp2_common/pico_double/double_v1_rom_shim_rp2040.S.o
                0x100020a0                double_table_shim_on_use_helper
 .text.__wrap___aeabi_dsub
                0x100020cc       0x10 CMakeFiles/blink.dir/home/crash/.pico-sdk/sdk/2.1.0/src/rp2_common/pico_double/double_v1_rom_shim_rp2040.S.o
                0x100020cc                drsub_shim
                0x100020d2                dsub_shim
 .text.dadd_shim
                0x100020dc      0x15c CMakeFiles/blink.dir/home/crash/.pico-sdk/sdk/2.1.0/src/rp2_common/pico_double/double_v1_rom_shim_rp2040.S.o
                0x100020dc                dadd_shim
 .text.dmul_shim
                0x10002238      0x15c CMakeFiles/blink.dir/home/crash/.pico-sdk/sdk/2.1.0/src/rp2_common/pico_double/double_v1_rom_shim_rp2040.S.o
                0x10002238                dmul_shim
 .text.ddiv_shim
                0x10002394      0x1b0 CMakeFiles/blink.dir/home/crash/.pico-sdk/sdk/2.1.0/src/rp2_common/pico_double/double_v1_rom_shim_rp2040.S.o
                0x10002394                ddiv_shim
 .text.double2uint_shim
                0x10002544        0xe CMakeFiles/blink.dir/home/crash/.pico-sdk/sdk/2.1.0/src/rp2_common/pico_double/double_v1_rom_shim_rp2040.S.o
                0x10002544                double2uint_shim
                0x10002546                double2ufix_shim
 *fill*         0x10002552        0x2 
 .text.double2uint64_shim
                0x10002554       0x70 CMakeFiles/blink.dir/home/crash/.pico-sdk/sdk/2.1.0/src/rp2_common/pico_double/double_v1_rom_shim_rp2040.S.o
                0x10002554                double2uint64_shim
                0x10002556                double2ufix64_shim
                0x10002576                d2fix_a
 .text.dunpacks
                0x100025c4       0x3c CMakeFiles/blink.dir/home/crash/.pico-sdk/sdk/2.1.0/src/rp2_common/pico_double/double_v1_rom_shim_rp2040.S.o
                0x100025c4                dunpacks
 .text.__aeabi_lmul
                0x10002600       0x32 CMakeFiles/blink.dir/home/crash/.pico-sdk/sdk/2.1.0/src/rp2_common/pico_int64_ops/pico_int64_ops_aeabi.S.o
                0x10002600                __wrap___aeabi_lmul
 *fill*         0x10002632        0x2 
 .text.__aeabi_float_init
                0x10002634       0x64 CMakeFiles/blink.dir/home/crash/.pico-sdk/sdk/2.1.0/src/rp2_common/pico_float/float_init_rom_rp2040.c.o
                0x10002634                __aeabi_float_init
 .text.float_table_shim_on_use_helper
                0x10002698       0x2c CMakeFiles/blink.dir/home/crash/.pico-sdk/sdk/2.1.0/src/rp2_common/pico_float/float_v1_rom_shim_rp2040.S.o
                0x10002698                float_table_shim_on_use_helper
 .text          0x100026c4       0x10 CMakeFiles/blink.dir/home/crash/.pico-sdk/sdk/2.1.0/src/rp2_common/pico_mem_ops/mem_ops_aeabi.S.o
                0x100026c4                __aeabi_mem_init
 .text.memset   0x100026d4        0xc CMakeFiles/blink.dir/home/crash/.pico-sdk/sdk/2.1.0/src/rp2_common/pico_mem_ops/mem_ops_aeabi.S.o
                0x100026d4                __wrap_memset
 .text.memcpy   0x100026e0        0xc CMakeFiles/blink.dir/home/crash/.pico-sdk/sdk/2.1.0/src/rp2_common/pico_mem_ops/mem_ops_aeabi.S.o
                0x100026e0                __wrap___aeabi_memcpy
                0x100026e0                __wrap_memcpy
 .text._out_null
                0x100026ec        0x4 CMakeFiles/blink.dir/home/crash/.pico-sdk/sdk/2.1.0/src/rp2_common/pico_printf/printf.c.o
 .text._out_rev
                0x100026f0       0xac CMakeFiles/blink.dir/home/crash/.pico-sdk/sdk/2.1.0/src/rp2_common/pico_printf/printf.c.o
 .text._ntoa_format
                0x1000279c      0x250 CMakeFiles/blink.dir/home/crash/.pico-sdk/sdk/2.1.0/src/rp2_common/pico_printf/printf.c.o
 .text._out_char
                0x100029ec       0x10 CMakeFiles/blink.dir/home/crash/.pico-sdk/sdk/2.1.0/src/rp2_common/pico_printf/printf.c.o
 .text._out_fct
                0x100029fc       0x10 CMakeFiles/blink.dir/home/crash/.pico-sdk/sdk/2.1.0/src/rp2_common/pico_printf/printf.c.o
 .text._etoa    0x10002a0c      0x464 CMakeFiles/blink.dir/home/crash/.pico-sdk/sdk/2.1.0/src/rp2_common/pico_printf/printf.c.o
 .text._ftoa    0x10002e70      0x3c0 CMakeFiles/blink.dir/home/crash/.pico-sdk/sdk/2.1.0/src/rp2_common/pico_printf/printf.c.o
 .text._vsnprintf
                0x10003230      0xbc8 CMakeFiles/blink.dir/home/crash/.pico-sdk/sdk/2.1.0/src/rp2_common/pico_printf/printf.c.o
 .text.vfctprintf
                0x10003df8       0x20 CMakeFiles/blink.dir/home/crash/.pico-sdk/sdk/2.1.0/src/rp2_common/pico_printf/printf.c.o
                0x10003df8                vfctprintf
 .text.weak_raw_vprintf
                0x10003e18       0x30 CMakeFiles/blink.dir/home/crash/.pico-sdk/sdk/2.1.0/src/rp2_common/pico_printf/printf.c.o
                0x10003e18                weak_raw_vprintf
 .text._exit    0x10003e48        0x4 CMakeFiles/blink.dir/home/crash/.pico-sdk/sdk/2.1.0/src/rp2_common/pico_clib_interface/newlib_interface.c.o
                0x10003e48                _exit
 .text.exit     0x10003e4c        0x8 CMakeFiles/blink.dir/home/crash/.pico-sdk/sdk/2.1.0/src/rp2_common/pico_clib_interface/newlib_interface.c.o
                0x10003e4c                exit
 .text.runtime_init
                0x10003e54       0x2c CMakeFiles/blink.dir/home/crash/.pico-sdk/sdk/2.1.0/src/rp2_common/pico_clib_interface/newlib_interface.c.o
                0x10003e54                runtime_init
 .text.stdio_out_chars_no_crlf
                0x10003e80       0x10 CMakeFiles/blink.dir/home/crash/.pico-sdk/sdk/2.1.0/src/rp2_common/pico_stdio/stdio.c.o
 .text.stdio_out_chars_crlf
                0x10003e90       0x94 CMakeFiles/blink.dir/home/crash/.pico-sdk/sdk/2.1.0/src/rp2_common/pico_stdio/stdio.c.o
 .text.stdio_buffered_printer
                0x10003f24       0x64 CMakeFiles/blink.dir/home/crash/.pico-sdk/sdk/2.1.0/src/rp2_common/pico_stdio/stdio.c.o
 .text.stdio_put_string
                0x10003f88      0x100 CMakeFiles/blink.dir/home/crash/.pico-sdk/sdk/2.1.0/src/rp2_common/pico_stdio/stdio.c.o
                0x10003f88                stdio_put_string
 .text.stdio_set_driver_enabled
                0x10004088       0x30 CMakeFiles/blink.dir/home/crash/.pico-sdk/sdk/2.1.0/src/rp2_common/pico_stdio/stdio.c.o
                0x10004088                stdio_set_driver_enabled
 .text.stdio_init_all
                0x100040b8        0x8 CMakeFiles/blink.dir/home/crash/.pico-sdk/sdk/2.1.0/src/rp2_common/pico_stdio/stdio.c.o
                0x100040b8                stdio_init_all
 .text.__wrap_putchar
                0x100040c0       0x98 CMakeFiles/blink.dir/home/crash/.pico-sdk/sdk/2.1.0/src/rp2_common/pico_stdio/stdio.c.o
                0x100040c0                stdio_putchar
                0x100040c0                __wrap_putchar
 .text.__wrap_puts
                0x10004158       0x3c CMakeFiles/blink.dir/home/crash/.pico-sdk/sdk/2.1.0/src/rp2_common/pico_stdio/stdio.c.o
                0x10004158                __wrap_puts
                0x10004158                stdio_puts
 .text.__wrap_vprintf
                0x10004194       0xd4 CMakeFiles/blink.dir/home/crash/.pico-sdk/sdk/2.1.0/src/rp2_common/pico_stdio/stdio.c.o
                0x10004194                __wrap_vprintf
                0x10004194                stdio_vprintf
 .text.__wrap_printf
                0x10004268       0x18 CMakeFiles/blink.dir/home/crash/.pico-sdk/sdk/2.1.0/src/rp2_common/pico_stdio/stdio.c.o
                0x10004268                stdio_printf
                0x10004268                __wrap_printf
 .text.resetd_init
                0x10004280        0x4 CMakeFiles/blink.dir/home/crash/.pico-sdk/sdk/2.1.0/src/rp2_common/pico_stdio_usb/reset_interface.c.o
 .text.resetd_reset
                0x10004284        0xc CMakeFiles/blink.dir/home/crash/.pico-sdk/sdk/2.1.0/src/rp2_common/pico_stdio_usb/reset_interface.c.o
 .text.resetd_open
                0x10004290       0x28 CMakeFiles/blink.dir/home/crash/.pico-sdk/sdk/2.1.0/src/rp2_common/pico_stdio_usb/reset_interface.c.o
 .text.resetd_xfer_cb
                0x100042b8        0x4 CMakeFiles/blink.dir/home/crash/.pico-sdk/sdk/2.1.0/src/rp2_common/pico_stdio_usb/reset_interface.c.o
 .text.resetd_control_xfer_cb
                0x100042bc       0x5c CMakeFiles/blink.dir/home/crash/.pico-sdk/sdk/2.1.0/src/rp2_common/pico_stdio_usb/reset_interface.c.o
 .text.tud_descriptor_bos_cb
                0x10004318        0x8 CMakeFiles/blink.dir/home/crash/.pico-sdk/sdk/2.1.0/src/rp2_common/pico_stdio_usb/reset_interface.c.o
                0x10004318                tud_descriptor_bos_cb
 .text.tud_vendor_control_xfer_cb
                0x10004320       0x34 CMakeFiles/blink.dir/home/crash/.pico-sdk/sdk/2.1.0/src/rp2_common/pico_stdio_usb/reset_interface.c.o
                0x10004320                tud_vendor_control_xfer_cb
 .text.usbd_app_driver_get_cb
                0x10004354        0xc CMakeFiles/blink.dir/home/crash/.pico-sdk/sdk/2.1.0/src/rp2_common/pico_stdio_usb/reset_interface.c.o
                0x10004354                usbd_app_driver_get_cb
 .text.tud_cdc_line_coding_cb
                0x10004360       0x2c CMakeFiles/blink.dir/home/crash/.pico-sdk/sdk/2.1.0/src/rp2_common/pico_stdio_usb/reset_interface.c.o
                0x10004360                tud_cdc_line_coding_cb
 .text.stdio_usb_set_chars_available_callback
                0x1000438c       0x14 CMakeFiles/blink.dir/home/crash/.pico-sdk/sdk/2.1.0/src/rp2_common/pico_stdio_usb/stdio_usb.c.o
                0x1000438c                stdio_usb_set_chars_available_callback
 .text.usb_irq  0x100043a0       0x10 CMakeFiles/blink.dir/home/crash/.pico-sdk/sdk/2.1.0/src/rp2_common/pico_stdio_usb/stdio_usb.c.o
 .text.timer_task
                0x100043b0       0x64 CMakeFiles/blink.dir/home/crash/.pico-sdk/sdk/2.1.0/src/rp2_common/pico_stdio_usb/stdio_usb.c.o
 .text.stdio_usb_in_chars
                0x10004414       0x90 CMakeFiles/blink.dir/home/crash/.pico-sdk/sdk/2.1.0/src/rp2_common/pico_stdio_usb/stdio_usb.c.o
                0x10004414                stdio_usb_in_chars
 .text.stdio_usb_out_flush
                0x100044a4       0x50 CMakeFiles/blink.dir/home/crash/.pico-sdk/sdk/2.1.0/src/rp2_common/pico_stdio_usb/stdio_usb.c.o
 .text.stdio_usb_out_chars
                0x100044f4      0x104 CMakeFiles/blink.dir/home/crash/.pico-sdk/sdk/2.1.0/src/rp2_common/pico_stdio_usb/stdio_usb.c.o
 .text.low_priority_worker_irq
                0x100045f8       0xcc CMakeFiles/blink.dir/home/crash/.pico-sdk/sdk/2.1.0/src/rp2_common/pico_stdio_usb/stdio_usb.c.o
 .text.stdio_usb_init
                0x100046c4       0xe8 CMakeFiles/blink.dir/home/crash/.pico-sdk/sdk/2.1.0/src/rp2_common/pico_stdio_usb/stdio_usb.c.o
                0x100046c4                stdio_usb_init
 .text.tud_descriptor_device_cb
                0x100047ac        0x8 CMakeFiles/blink.dir/home/crash/.pico-sdk/sdk/2.1.0/src/rp2_common/pico_stdio_usb/stdio_usb_descriptors.c.o
                0x100047ac                tud_descriptor_device_cb
 .text.tud_descriptor_configuration_cb
                0x100047b4        0x8 CMakeFiles/blink.dir/home/crash/.pico-sdk/sdk/2.1.0/src/rp2_common/pico_stdio_usb/stdio_usb_descriptors.c.o
                0x100047b4                tud_descriptor_configuration_cb
 .text.tud_descriptor_string_cb
                0x100047bc       0x78 CMakeFiles/blink.dir/home/crash/.pico-sdk/sdk/2.1.0/src/rp2_common/pico_stdio_usb/stdio_usb_descriptors.c.o
                0x100047bc                tud_descriptor_string_cb
 .text.startup._retrieve_unique_id_on_boot
                0x10004834       0x10 CMakeFiles/blink.dir/home/crash/.pico-sdk/sdk/2.1.0/src/rp2_common/pico_unique_id/unique_id.c.o
 .text.pico_get_unique_board_id_string
                0x10004844      0x1a8 CMakeFiles/blink.dir/home/crash/.pico-sdk/sdk/2.1.0/src/rp2_common/pico_unique_id/unique_id.c.o
                0x10004844                pico_get_unique_board_id_string
 .text.flash_get_unique_id
                0x100049ec       0x3c CMakeFiles/blink.dir/home/crash/.pico-sdk/sdk/2.1.0/src/rp2_common/hardware_flash/flash.c.o
                0x100049ec                flash_get_unique_id
 .text.dcd_init
                0x10004a28       0x8c CMakeFiles/blink.dir/home/crash/.pico-sdk/sdk/2.1.0/lib/tinyusb/src/portable/raspberrypi/rp2040/dcd_rp2040.c.o
                0x10004a28                dcd_init
 .text.dcd_int_enable
                0x10004ab4        0xc CMakeFiles/blink.dir/home/crash/.pico-sdk/sdk/2.1.0/lib/tinyusb/src/portable/raspberrypi/rp2040/dcd_rp2040.c.o
                0x10004ab4                dcd_int_enable
 .text.dcd_set_address
                0x10004ac0       0x14 CMakeFiles/blink.dir/home/crash/.pico-sdk/sdk/2.1.0/lib/tinyusb/src/portable/raspberrypi/rp2040/dcd_rp2040.c.o
                0x10004ac0                dcd_set_address
 .text.dcd_sof_enable
                0x10004ad4       0x1c CMakeFiles/blink.dir/home/crash/.pico-sdk/sdk/2.1.0/lib/tinyusb/src/portable/raspberrypi/rp2040/dcd_rp2040.c.o
                0x10004ad4                dcd_sof_enable
 .text.dcd_edpt0_status_complete
                0x10004af0       0x1c CMakeFiles/blink.dir/home/crash/.pico-sdk/sdk/2.1.0/lib/tinyusb/src/portable/raspberrypi/rp2040/dcd_rp2040.c.o
                0x10004af0                dcd_edpt0_status_complete
 .text.dcd_edpt_open
                0x10004b0c      0x108 CMakeFiles/blink.dir/home/crash/.pico-sdk/sdk/2.1.0/lib/tinyusb/src/portable/raspberrypi/rp2040/dcd_rp2040.c.o
                0x10004b0c                dcd_edpt_open
 .text.dcd_edpt_close_all
                0x10004c14        0x8 CMakeFiles/blink.dir/home/crash/.pico-sdk/sdk/2.1.0/lib/tinyusb/src/portable/raspberrypi/rp2040/dcd_rp2040.c.o
                0x10004c14                dcd_edpt_close_all
 .text.dcd_edpt_xfer
                0x10004c1c       0x24 CMakeFiles/blink.dir/home/crash/.pico-sdk/sdk/2.1.0/lib/tinyusb/src/portable/raspberrypi/rp2040/dcd_rp2040.c.o
                0x10004c1c                dcd_edpt_xfer
 .text.dcd_edpt_stall
                0x10004c40       0x34 CMakeFiles/blink.dir/home/crash/.pico-sdk/sdk/2.1.0/lib/tinyusb/src/portable/raspberrypi/rp2040/dcd_rp2040.c.o
                0x10004c40                dcd_edpt_stall
 .text.dcd_edpt_clear_stall
                0x10004c74       0x30 CMakeFiles/blink.dir/home/crash/.pico-sdk/sdk/2.1.0/lib/tinyusb/src/portable/raspberrypi/rp2040/dcd_rp2040.c.o
                0x10004c74                dcd_edpt_clear_stall
 .text.rp2040_usb_init
                0x10004ca4       0x40 CMakeFiles/blink.dir/home/crash/.pico-sdk/sdk/2.1.0/lib/tinyusb/src/portable/raspberrypi/rp2040/rp2040_usb.c.o
                0x10004ca4                rp2040_usb_init
 .text.hw_endpoint_xfer_start
                0x10004ce4       0x40 CMakeFiles/blink.dir/home/crash/.pico-sdk/sdk/2.1.0/lib/tinyusb/src/portable/raspberrypi/rp2040/rp2040_usb.c.o
                0x10004ce4                hw_endpoint_xfer_start
 .text.tud_event_hook_cb
                0x10004d24        0x4 CMakeFiles/blink.dir/home/crash/.pico-sdk/sdk/2.1.0/lib/tinyusb/src/device/usbd.c.o
                0x10004d24                tud_event_hook_cb
 .text.tud_sof_cb
                0x10004d28        0x4 CMakeFiles/blink.dir/home/crash/.pico-sdk/sdk/2.1.0/lib/tinyusb/src/device/usbd.c.o
                0x10004d28                tud_sof_cb
 .text.tud_descriptor_device_qualifier_cb
                0x10004d2c        0x4 CMakeFiles/blink.dir/home/crash/.pico-sdk/sdk/2.1.0/lib/tinyusb/src/device/usbd.c.o
                0x10004d2c                tud_descriptor_device_qualifier_cb
 .text.tud_descriptor_other_speed_configuration_cb
                0x10004d30        0x4 CMakeFiles/blink.dir/home/crash/.pico-sdk/sdk/2.1.0/lib/tinyusb/src/device/usbd.c.o
                0x10004d30                tud_descriptor_other_speed_configuration_cb
 .text.tud_mount_cb
                0x10004d34        0x4 CMakeFiles/blink.dir/home/crash/.pico-sdk/sdk/2.1.0/lib/tinyusb/src/device/usbd.c.o
                0x10004d34                tud_mount_cb
 .text.tud_umount_cb
                0x10004d38        0x4 CMakeFiles/blink.dir/home/crash/.pico-sdk/sdk/2.1.0/lib/tinyusb/src/device/usbd.c.o
                0x10004d38                tud_umount_cb
 .text.tud_suspend_cb
                0x10004d3c        0x4 CMakeFiles/blink.dir/home/crash/.pico-sdk/sdk/2.1.0/lib/tinyusb/src/device/usbd.c.o
                0x10004d3c                tud_suspend_cb
 .text.tud_resume_cb
                0x10004d40        0x4 CMakeFiles/blink.dir/home/crash/.pico-sdk/sdk/2.1.0/lib/tinyusb/src/device/usbd.c.o
                0x10004d40                tud_resume_cb
 .text.tud_mounted
                0x10004d44       0x10 CMakeFiles/blink.dir/home/crash/.pico-sdk/sdk/2.1.0/lib/tinyusb/src/device/usbd.c.o
                0x10004d44                tud_mounted
 .text.tud_suspended
                0x10004d54       0x10 CMakeFiles/blink.dir/home/crash/.pico-sdk/sdk/2.1.0/lib/tinyusb/src/device/usbd.c.o
                0x10004d54                tud_suspended
 .text.tud_init
                0x10004d64       0xe4 CMakeFiles/blink.dir/home/crash/.pico-sdk/sdk/2.1.0/lib/tinyusb/src/device/usbd.c.o
                0x10004d64                tud_init
 .text.tud_task_ext
                0x10004e48      0x800 CMakeFiles/blink.dir/home/crash/.pico-sdk/sdk/2.1.0/lib/tinyusb/src/device/usbd.c.o
                0x10004e48                tud_task_ext
 .text.usbd_open_edpt_pair
                0x10005648       0x9c CMakeFiles/blink.dir/home/crash/.pico-sdk/sdk/2.1.0/lib/tinyusb/src/device/usbd.c.o
                0x10005648                usbd_open_edpt_pair
 .text.usbd_edpt_open
                0x100056e4       0x34 CMakeFiles/blink.dir/home/crash/.pico-sdk/sdk/2.1.0/lib/tinyusb/src/device/usbd.c.o
                0x100056e4                usbd_edpt_open
 .text.usbd_edpt_claim
                0x10005718       0x28 CMakeFiles/blink.dir/home/crash/.pico-sdk/sdk/2.1.0/lib/tinyusb/src/device/usbd.c.o
                0x10005718                usbd_edpt_claim
 .text.usbd_edpt_release
                0x10005740       0x28 CMakeFiles/blink.dir/home/crash/.pico-sdk/sdk/2.1.0/lib/tinyusb/src/device/usbd.c.o
                0x10005740                usbd_edpt_release
 .text.usbd_edpt_xfer
                0x10005768       0x4c CMakeFiles/blink.dir/home/crash/.pico-sdk/sdk/2.1.0/lib/tinyusb/src/device/usbd.c.o
                0x10005768                usbd_edpt_xfer
 .text.tud_control_status
                0x100057b4       0x2c CMakeFiles/blink.dir/home/crash/.pico-sdk/sdk/2.1.0/lib/tinyusb/src/device/usbd_control.c.o
                0x100057b4                tud_control_status
 .text.tud_control_xfer
                0x100057e0       0xac CMakeFiles/blink.dir/home/crash/.pico-sdk/sdk/2.1.0/lib/tinyusb/src/device/usbd_control.c.o
                0x100057e0                tud_control_xfer
 .text.usbd_control_reset
                0x1000588c       0x14 CMakeFiles/blink.dir/home/crash/.pico-sdk/sdk/2.1.0/lib/tinyusb/src/device/usbd_control.c.o
                0x1000588c                usbd_control_reset
 .text.usbd_control_set_complete_callback
                0x100058a0        0xc CMakeFiles/blink.dir/home/crash/.pico-sdk/sdk/2.1.0/lib/tinyusb/src/device/usbd_control.c.o
                0x100058a0                usbd_control_set_complete_callback
 .text.usbd_control_set_request
                0x100058ac       0x1c CMakeFiles/blink.dir/home/crash/.pico-sdk/sdk/2.1.0/lib/tinyusb/src/device/usbd_control.c.o
                0x100058ac                usbd_control_set_request
 .text.usbd_control_xfer_cb
                0x100058c8       0xec CMakeFiles/blink.dir/home/crash/.pico-sdk/sdk/2.1.0/lib/tinyusb/src/device/usbd_control.c.o
                0x100058c8                usbd_control_xfer_cb
 .text._prep_out_transaction.isra.0
                0x100059b4       0x5c CMakeFiles/blink.dir/home/crash/.pico-sdk/sdk/2.1.0/lib/tinyusb/src/class/cdc/cdc_device.c.o
 .text.tud_cdc_n_connected
                0x10005a10       0x30 CMakeFiles/blink.dir/home/crash/.pico-sdk/sdk/2.1.0/lib/tinyusb/src/class/cdc/cdc_device.c.o
                0x10005a10                tud_cdc_n_connected
 .text.tud_cdc_n_available
                0x10005a40       0x18 CMakeFiles/blink.dir/home/crash/.pico-sdk/sdk/2.1.0/lib/tinyusb/src/class/cdc/cdc_device.c.o
                0x10005a40                tud_cdc_n_available
 .text.tud_cdc_n_read
                0x10005a58       0x98 CMakeFiles/blink.dir/home/crash/.pico-sdk/sdk/2.1.0/lib/tinyusb/src/class/cdc/cdc_device.c.o
                0x10005a58                tud_cdc_n_read
 .text.tud_cdc_n_write_flush
                0x10005af0       0x78 CMakeFiles/blink.dir/home/crash/.pico-sdk/sdk/2.1.0/lib/tinyusb/src/class/cdc/cdc_device.c.o
                0x10005af0                tud_cdc_n_write_flush
 .text.tud_cdc_n_write
                0x10005b68       0x40 CMakeFiles/blink.dir/home/crash/.pico-sdk/sdk/2.1.0/lib/tinyusb/src/class/cdc/cdc_device.c.o
                0x10005b68                tud_cdc_n_write
 .text.tud_cdc_n_write_available
                0x10005ba8       0x18 CMakeFiles/blink.dir/home/crash/.pico-sdk/sdk/2.1.0/lib/tinyusb/src/class/cdc/cdc_device.c.o
                0x10005ba8                tud_cdc_n_write_available
 .text.cdcd_init
                0x10005bc0       0x7c CMakeFiles/blink.dir/home/crash/.pico-sdk/sdk/2.1.0/lib/tinyusb/src/class/cdc/cdc_device.c.o
                0x10005bc0                cdcd_init
 .text.cdcd_deinit
                0x10005c3c       0x34 CMakeFiles/blink.dir/home/crash/.pico-sdk/sdk/2.1.0/lib/tinyusb/src/class/cdc/cdc_device.c.o
                0x10005c3c                cdcd_deinit
 .text.cdcd_reset
                0x10005c70       0x4c CMakeFiles/blink.dir/home/crash/.pico-sdk/sdk/2.1.0/lib/tinyusb/src/class/cdc/cdc_device.c.o
                0x10005c70                cdcd_reset
 .text.cdcd_open
                0x10005cbc       0xb0 CMakeFiles/blink.dir/home/crash/.pico-sdk/sdk/2.1.0/lib/tinyusb/src/class/cdc/cdc_device.c.o
                0x10005cbc                cdcd_open
 .text.cdcd_control_xfer_cb
                0x10005d6c       0xe4 CMakeFiles/blink.dir/home/crash/.pico-sdk/sdk/2.1.0/lib/tinyusb/src/class/cdc/cdc_device.c.o
                0x10005d6c                cdcd_control_xfer_cb
 .text.cdcd_xfer_cb
                0x10005e50      0x100 CMakeFiles/blink.dir/home/crash/.pico-sdk/sdk/2.1.0/lib/tinyusb/src/class/cdc/cdc_device.c.o
                0x10005e50                cdcd_xfer_cb
 .text.vendord_init
                0x10005f50       0x5c CMakeFiles/blink.dir/home/crash/.pico-sdk/sdk/2.1.0/lib/tinyusb/src/class/vendor/vendor_device.c.o
                0x10005f50                vendord_init
 .text.vendord_deinit
                0x10005fac       0x1c CMakeFiles/blink.dir/home/crash/.pico-sdk/sdk/2.1.0/lib/tinyusb/src/class/vendor/vendor_device.c.o
                0x10005fac                vendord_deinit
 .text.vendord_reset
                0x10005fc8       0x20 CMakeFiles/blink.dir/home/crash/.pico-sdk/sdk/2.1.0/lib/tinyusb/src/class/vendor/vendor_device.c.o
                0x10005fc8                vendord_reset
 .text.vendord_open
                0x10005fe8      0x138 CMakeFiles/blink.dir/home/crash/.pico-sdk/sdk/2.1.0/lib/tinyusb/src/class/vendor/vendor_device.c.o
                0x10005fe8                vendord_open
 .text.vendord_xfer_cb
                0x10006120       0x9c CMakeFiles/blink.dir/home/crash/.pico-sdk/sdk/2.1.0/lib/tinyusb/src/class/vendor/vendor_device.c.o
                0x10006120                vendord_xfer_cb
 .text.tusb_init
                0x100061bc        0xc CMakeFiles/blink.dir/home/crash/.pico-sdk/sdk/2.1.0/lib/tinyusb/src/tusb.c.o
                0x100061bc                tusb_init
 .text.tu_edpt_claim
                0x100061c8       0x50 CMakeFiles/blink.dir/home/crash/.pico-sdk/sdk/2.1.0/lib/tinyusb/src/tusb.c.o
                0x100061c8                tu_edpt_claim
 .text.tu_edpt_release
                0x10006218       0x38 CMakeFiles/blink.dir/home/crash/.pico-sdk/sdk/2.1.0/lib/tinyusb/src/tusb.c.o
                0x10006218                tu_edpt_release
 .text.tu_edpt_validate
                0x10006250       0x7c CMakeFiles/blink.dir/home/crash/.pico-sdk/sdk/2.1.0/lib/tinyusb/src/tusb.c.o
                0x10006250                tu_edpt_validate
 .text.tu_edpt_bind_driver
                0x100062cc       0x34 CMakeFiles/blink.dir/home/crash/.pico-sdk/sdk/2.1.0/lib/tinyusb/src/tusb.c.o
                0x100062cc                tu_edpt_bind_driver
 .text.tu_edpt_stream_init
                0x10006300       0x6c CMakeFiles/blink.dir/home/crash/.pico-sdk/sdk/2.1.0/lib/tinyusb/src/tusb.c.o
                0x10006300                tu_edpt_stream_init
 .text.tu_edpt_stream_deinit
                0x1000636c        0x4 CMakeFiles/blink.dir/home/crash/.pico-sdk/sdk/2.1.0/lib/tinyusb/src/tusb.c.o
                0x1000636c                tu_edpt_stream_deinit
 .text.tu_edpt_stream_write_zlp_if_needed
                0x10006370       0x68 CMakeFiles/blink.dir/home/crash/.pico-sdk/sdk/2.1.0/lib/tinyusb/src/tusb.c.o
                0x10006370                tu_edpt_stream_write_zlp_if_needed
 .text.tu_edpt_stream_write_xfer
                0x100063d8       0x64 CMakeFiles/blink.dir/home/crash/.pico-sdk/sdk/2.1.0/lib/tinyusb/src/tusb.c.o
                0x100063d8                tu_edpt_stream_write_xfer
 .text.tu_edpt_stream_read_xfer
                0x1000643c       0xdc CMakeFiles/blink.dir/home/crash/.pico-sdk/sdk/2.1.0/lib/tinyusb/src/tusb.c.o
                0x1000643c                tu_edpt_stream_read_xfer
 .text.tu_fifo_config
                0x10006518       0x6c CMakeFiles/blink.dir/home/crash/.pico-sdk/sdk/2.1.0/lib/tinyusb/src/common/tusb_fifo.c.o
                0x10006518                tu_fifo_config
 .text.tu_fifo_count
                0x10006584       0x2c CMakeFiles/blink.dir/home/crash/.pico-sdk/sdk/2.1.0/lib/tinyusb/src/common/tusb_fifo.c.o
                0x10006584                tu_fifo_count
 .text.tu_fifo_empty
                0x100065b0       0x10 CMakeFiles/blink.dir/home/crash/.pico-sdk/sdk/2.1.0/lib/tinyusb/src/common/tusb_fifo.c.o
                0x100065b0                tu_fifo_empty
 .text.tu_fifo_remaining
                0x100065c0       0x2c CMakeFiles/blink.dir/home/crash/.pico-sdk/sdk/2.1.0/lib/tinyusb/src/common/tusb_fifo.c.o
                0x100065c0                tu_fifo_remaining
 .text.tu_fifo_read
                0x100065ec       0x9c CMakeFiles/blink.dir/home/crash/.pico-sdk/sdk/2.1.0/lib/tinyusb/src/common/tusb_fifo.c.o
                0x100065ec                tu_fifo_read
 .text.tu_fifo_read_n
                0x10006688       0xe8 CMakeFiles/blink.dir/home/crash/.pico-sdk/sdk/2.1.0/lib/tinyusb/src/common/tusb_fifo.c.o
                0x10006688                tu_fifo_read_n
 .text.tu_fifo_write
                0x10006770       0xa8 CMakeFiles/blink.dir/home/crash/.pico-sdk/sdk/2.1.0/lib/tinyusb/src/common/tusb_fifo.c.o
                0x10006770                tu_fifo_write
 .text.tu_fifo_write_n
                0x10006818      0x178 CMakeFiles/blink.dir/home/crash/.pico-sdk/sdk/2.1.0/lib/tinyusb/src/common/tusb_fifo.c.o
                0x10006818                tu_fifo_write_n
 .text.tu_fifo_clear
                0x10006990       0x40 CMakeFiles/blink.dir/home/crash/.pico-sdk/sdk/2.1.0/lib/tinyusb/src/common/tusb_fifo.c.o
                0x10006990                tu_fifo_clear
 .text.tu_fifo_set_overwritable
                0x100069d0       0x48 CMakeFiles/blink.dir/home/crash/.pico-sdk/sdk/2.1.0/lib/tinyusb/src/common/tusb_fifo.c.o
                0x100069d0                tu_fifo_set_overwritable
 .text.strlen   0x10006a18       0x5c /home/crash/.pico-sdk/toolchain/13_3_Rel1/bin/../lib/gcc/arm-none-eabi/13.3.1/../../../../arm-none-eabi/lib/thumb/v6-m/nofp/libg.a(libc_a-strlen-stub.o)
                0x10006a18                strlen
 *(.fini)
 .fini          0x10006a74        0x4 /home/crash/.pico-sdk/toolchain/13_3_Rel1/bin/../lib/gcc/arm-none-eabi/13.3.1/thumb/v6-m/nofp/crti.o
                0x10006a74                _fini
 .fini.__stub   0x10006a78       0xc0 linker stubs
 *crtbegin.o(.ctors)
 *crtbegin?.o(.ctors)
 *(EXCLUDE_FILE(*crtend.o *crtend?.o) .ctors)
 *(SORT_BY_NAME(.ctors.*))
 *(.ctors)
 *crtbegin.o(.dtors)
 *crtbegin?.o(.dtors)
 *(EXCLUDE_FILE(*crtend.o *crtend?.o) .dtors)
 *(SORT_BY_NAME(.dtors.*))
 *(.dtors)
                0x10006b38                        . = ALIGN (0x4)
                0x10006b38                        PROVIDE (__preinit_array_start = .)
 *(SORT_BY_NAME(.preinit_array.*))
 .preinit_array.00100
                0x10006b38        0x4 CMakeFiles/blink.dir/home/crash/.pico-sdk/sdk/2.1.0/src/rp2_common/pico_runtime_init/runtime_init.c.o
                0x10006b38                __pre_init_runtime_init_early_resets
 .preinit_array.00101
                0x10006b3c        0x4 CMakeFiles/blink.dir/home/crash/.pico-sdk/sdk/2.1.0/src/rp2_common/pico_runtime_init/runtime_init.c.o
                0x10006b3c                __pre_init_runtime_init_usb_power_down
 .preinit_array.00275
                0x10006b40        0x4 CMakeFiles/blink.dir/home/crash/.pico-sdk/sdk/2.1.0/src/rp2_common/pico_bit_ops/bit_ops_aeabi.S.o
 .preinit_array.00300
                0x10006b44        0x4 CMakeFiles/blink.dir/home/crash/.pico-sdk/sdk/2.1.0/src/rp2_common/pico_mem_ops/mem_ops_aeabi.S.o
 .preinit_array.00350
                0x10006b48        0x4 CMakeFiles/blink.dir/home/crash/.pico-sdk/sdk/2.1.0/src/rp2_common/pico_double/double_aeabi_rp2040.S.o
 .preinit_array.00350
                0x10006b4c        0x4 CMakeFiles/blink.dir/home/crash/.pico-sdk/sdk/2.1.0/src/rp2_common/pico_float/float_aeabi_rp2040.S.o
 .preinit_array.00500
                0x10006b50        0x4 CMakeFiles/blink.dir/home/crash/.pico-sdk/sdk/2.1.0/src/rp2_common/pico_runtime_init/runtime_init.c.o
                0x10006b50                __pre_init_runtime_init_clocks
 .preinit_array.00600
                0x10006b54        0x4 CMakeFiles/blink.dir/home/crash/.pico-sdk/sdk/2.1.0/src/rp2_common/pico_runtime_init/runtime_init.c.o
                0x10006b54                __pre_init_runtime_init_post_clock_resets
 .preinit_array.00700
                0x10006b58        0x4 CMakeFiles/blink.dir/home/crash/.pico-sdk/sdk/2.1.0/src/rp2_common/pico_runtime_init/runtime_init.c.o
                0x10006b58                __pre_init_runtime_init_rp2040_gpio_ie_disable
 .preinit_array.01000
                0x10006b5c        0x4 CMakeFiles/blink.dir/home/crash/.pico-sdk/sdk/2.1.0/src/rp2_common/pico_runtime_init/runtime_init.c.o
                0x10006b5c                __pre_init_runtime_init_spin_locks_reset
 .preinit_array.01100
                0x10006b60        0x4 CMakeFiles/blink.dir/home/crash/.pico-sdk/sdk/2.1.0/src/common/pico_sync/mutex.c.o
                0x10006b60                __pre_init_runtime_init_mutex
 .preinit_array.10080
                0x10006b64        0x4 CMakeFiles/blink.dir/home/crash/.pico-sdk/sdk/2.1.0/src/rp2_common/pico_runtime_init/runtime_init.c.o
                0x10006b64                __pre_init_runtime_init_install_ram_vector_table
 .preinit_array.11000
                0x10006b68        0x4 CMakeFiles/blink.dir/home/crash/.pico-sdk/sdk/2.1.0/src/common/pico_time/time.c.o
                0x10006b68                __pre_init_runtime_init_default_alarm_pool
 .preinit_array.YYYYY
                0x10006b6c        0x4 CMakeFiles/blink.dir/home/crash/.pico-sdk/sdk/2.1.0/src/rp2_common/pico_runtime/runtime.c.o
                0x10006b6c                __pre_init_first_per_core_initializer
 .preinit_array.ZZZZZ.01200
                0x10006b70        0x4 CMakeFiles/blink.dir/home/crash/.pico-sdk/sdk/2.1.0/src/rp2_common/hardware_irq/irq.c.o
                0x10006b70                __pre_init_runtime_init_per_core_irq_priorities
 *(.preinit_array)
                0x10006b74                        PROVIDE (__preinit_array_end = .)
                0x10006b74                        . = ALIGN (0x4)
                0x10006b74                        PROVIDE (__init_array_start = .)
 *(SORT_BY_NAME(.init_array.*))
 *(.init_array)
 .init_array    0x10006b74        0x4 /home/crash/.pico-sdk/toolchain/13_3_Rel1/bin/../lib/gcc/arm-none-eabi/13.3.1/thumb/v6-m/nofp/crtbegin.o
 .init_array    0x10006b78        0x4 CMakeFiles/blink.dir/example.cpp.o
 .init_array    0x10006b7c        0x4 CMakeFiles/blink.dir/home/crash/.pico-sdk/sdk/2.1.0/src/rp2_common/pico_unique_id/unique_id.c.o
                0x10006b80                        PROVIDE (__init_array_end = .)
                0x10006b80                        . = ALIGN (0x4)
                [!provide]                        PROVIDE (__fini_array_start = .)
 *(SORT_BY_NAME(.fini_array.*))
 *(.fini_array)
                [!provide]                        PROVIDE (__fini_array_end = .)
 *(.eh_frame*)
 .eh_frame      0x10006b80        0x0 /home/crash/.pico-sdk/toolchain/13_3_Rel1/bin/../lib/gcc/arm-none-eabi/13.3.1/thumb/v6-m/nofp/crtbegin.o
                0x10006b80                        . = ALIGN (0x4)

.glue_7         0x10006b80        0x0
 .glue_7        0x10006b80        0x0 linker stubs

.glue_7t        0x10006b80        0x0
 .glue_7t       0x10006b80        0x0 linker stubs

.vfp11_veneer   0x10006b80        0x0
 .vfp11_veneer  0x10006b80        0x0 linker stubs

.v4_bx          0x10006b80        0x0
 .v4_bx         0x10006b80        0x0 linker stubs

.iplt           0x10006b80        0x0
 .iplt          0x10006b80        0x0 /home/crash/.pico-sdk/toolchain/13_3_Rel1/bin/../lib/gcc/arm-none-eabi/13.3.1/thumb/v6-m/nofp/crtbegin.o

.rodata         0x10006b80      0x62c
 *(EXCLUDE_FILE(*libm.a: *libc.a:*lib_a-mem*.o *libgcc.a:) .rodata*)
 .rodata.main.str1.4
                0x10006b80      0x188 CMakeFiles/blink.dir/example.cpp.o
                                  0xd (size before relaxing)
 .rodata._ZN3TAP12tapSendTelemERKNS_13TAP_TELEMETRYE.str1.4
                0x10006d08        0xa CMakeFiles/blink.dir/src/TAP.cpp.o
 .rodata.panic.str1.4
                0x10006d08       0x12 CMakeFiles/blink.dir/home/crash/.pico-sdk/sdk/2.1.0/src/rp2_common/pico_platform_panic/panic.c.o
 .rodata.spin_lock_claim_unused.str1.4
                0x10006d08       0x1b CMakeFiles/blink.dir/home/crash/.pico-sdk/sdk/2.1.0/src/rp2_common/hardware_sync/sync.c.o
 .rodata.user_irq_claim_unused.str1.4
                0x10006d08       0x1b CMakeFiles/blink.dir/home/crash/.pico-sdk/sdk/2.1.0/src/rp2_common/hardware_irq/irq.c.o
 .rodata.timer_hardware_alarm_claim.str1.4
                0x10006d08       0x22 CMakeFiles/blink.dir/home/crash/.pico-sdk/sdk/2.1.0/src/rp2_common/hardware_timer/timer.c.o
 .rodata.hard_assertion_failure.str1.4
                0x10006d08        0xc CMakeFiles/blink.dir/home/crash/.pico-sdk/sdk/2.1.0/src/rp2_common/pico_runtime/runtime.c.o
 .rodata.str1.4
                0x10006d08       0x3c CMakeFiles/blink.dir/home/crash/.pico-sdk/sdk/2.1.0/src/rp2_common/pico_standard_binary_info/standard_binary_info.c.o
 .rodata.__bi_84
                0x10006d08        0xc CMakeFiles/blink.dir/home/crash/.pico-sdk/sdk/2.1.0/src/rp2_common/pico_standard_binary_info/standard_binary_info.c.o
 .rodata.__bi_78
                0x10006d14        0xc CMakeFiles/blink.dir/home/crash/.pico-sdk/sdk/2.1.0/src/rp2_common/pico_standard_binary_info/standard_binary_info.c.o
 .rodata.__bi_54
                0x10006d20        0xc CMakeFiles/blink.dir/home/crash/.pico-sdk/sdk/2.1.0/src/rp2_common/pico_standard_binary_info/standard_binary_info.c.o
 .rodata.__bi_48
                0x10006d2c        0xc CMakeFiles/blink.dir/home/crash/.pico-sdk/sdk/2.1.0/src/rp2_common/pico_standard_binary_info/standard_binary_info.c.o
 .rodata.__bi_42
                0x10006d38        0xc CMakeFiles/blink.dir/home/crash/.pico-sdk/sdk/2.1.0/src/rp2_common/pico_standard_binary_info/standard_binary_info.c.o
 .rodata.__bi_34
                0x10006d44        0xc CMakeFiles/blink.dir/home/crash/.pico-sdk/sdk/2.1.0/src/rp2_common/pico_standard_binary_info/standard_binary_info.c.o
 .rodata.__bi_26
                0x10006d50        0xc CMakeFiles/blink.dir/home/crash/.pico-sdk/sdk/2.1.0/src/rp2_common/pico_standard_binary_info/standard_binary_info.c.o
 .rodata._ftoa.str1.4
                0x10006d5c       0x15 CMakeFiles/blink.dir/home/crash/.pico-sdk/sdk/2.1.0/src/rp2_common/pico_printf/printf.c.o
 .rodata._vsnprintf
                0x10006d5c      0x19c CMakeFiles/blink.dir/home/crash/.pico-sdk/sdk/2.1.0/src/rp2_common/pico_printf/printf.c.o
 .rodata.pow10.0
                0x10006ef8       0x50 CMakeFiles/blink.dir/home/crash/.pico-sdk/sdk/2.1.0/src/rp2_common/pico_printf/printf.c.o
 .rodata.crlf_str.0
                0x10006f48        0x2 CMakeFiles/blink.dir/home/crash/.pico-sdk/sdk/2.1.0/src/rp2_common/pico_stdio/stdio.c.o
 *fill*         0x10006f4a        0x2 
 .rodata._resetd_driver
                0x10006f4c       0x20 CMakeFiles/blink.dir/home/crash/.pico-sdk/sdk/2.1.0/src/rp2_common/pico_stdio_usb/reset_interface.c.o
 .rodata.desc_ms_os_20
                0x10006f6c       0xa6 CMakeFiles/blink.dir/home/crash/.pico-sdk/sdk/2.1.0/src/rp2_common/pico_stdio_usb/reset_interface.c.o
 *fill*         0x10007012        0x2 
 .rodata.desc_bos
                0x10007014       0x21 CMakeFiles/blink.dir/home/crash/.pico-sdk/sdk/2.1.0/src/rp2_common/pico_stdio_usb/reset_interface.c.o
                0x10007014                desc_bos
 .rodata.str1.4
                0x10007035       0x13 CMakeFiles/blink.dir/home/crash/.pico-sdk/sdk/2.1.0/src/rp2_common/pico_stdio_usb/stdio_usb.c.o
 *fill*         0x10007035        0x3 
 .rodata.__bi_197.0
                0x10007038        0xc CMakeFiles/blink.dir/home/crash/.pico-sdk/sdk/2.1.0/src/rp2_common/pico_stdio_usb/stdio_usb.c.o
 .rodata.str1.4
                0x10007044       0x2a CMakeFiles/blink.dir/home/crash/.pico-sdk/sdk/2.1.0/src/rp2_common/pico_stdio_usb/stdio_usb_descriptors.c.o
 .rodata.usbd_desc_str
                0x10007044       0x18 CMakeFiles/blink.dir/home/crash/.pico-sdk/sdk/2.1.0/src/rp2_common/pico_stdio_usb/stdio_usb_descriptors.c.o
 .rodata.usbd_desc_cfg
                0x1000705c       0x54 CMakeFiles/blink.dir/home/crash/.pico-sdk/sdk/2.1.0/src/rp2_common/pico_stdio_usb/stdio_usb_descriptors.c.o
 .rodata.usbd_desc_device
                0x100070b0       0x12 CMakeFiles/blink.dir/home/crash/.pico-sdk/sdk/2.1.0/src/rp2_common/pico_stdio_usb/stdio_usb_descriptors.c.o
 .rodata.str1.4
                0x100070c2       0x14 CMakeFiles/blink.dir/home/crash/.pico-sdk/sdk/2.1.0/lib/tinyusb/src/portable/raspberrypi/rp2040/dcd_rp2040.c.o
 .rodata.str1.4
                0x100070c2       0x48 CMakeFiles/blink.dir/home/crash/.pico-sdk/sdk/2.1.0/lib/tinyusb/src/portable/raspberrypi/rp2040/rp2040_usb.c.o
 *fill*         0x100070c2        0x2 
 .rodata.tud_task_ext
                0x100070c4       0x8c CMakeFiles/blink.dir/home/crash/.pico-sdk/sdk/2.1.0/lib/tinyusb/src/device/usbd.c.o
 .rodata        0x10007150       0x1c CMakeFiles/blink.dir/home/crash/.pico-sdk/sdk/2.1.0/lib/tinyusb/src/device/usbd.c.o
 .rodata._usbd_driver
                0x1000716c       0x40 CMakeFiles/blink.dir/home/crash/.pico-sdk/sdk/2.1.0/lib/tinyusb/src/device/usbd.c.o
                0x100071ac                        . = ALIGN (0x4)
 *(SORT_BY_ALIGNMENT(SORT_BY_NAME(.flashdata*)))
                0x100071ac                        . = ALIGN (0x4)

.ARM.extab
 *(.ARM.extab* .gnu.linkonce.armextab.*)
                0x100071ac                        __exidx_start = .

.ARM.exidx
 *(.ARM.exidx* .gnu.linkonce.armexidx.*)
                0x100071ac                        __exidx_end = .
                0x100071ac                        . = ALIGN (0x4)
                0x100071ac                        __binary_info_start = .

.binary_info    0x100071ac       0x20
 *(.binary_info.keep.*)
 .binary_info.keep.__bi_ptr84
                0x100071ac        0x4 CMakeFiles/blink.dir/home/crash/.pico-sdk/sdk/2.1.0/src/rp2_common/pico_standard_binary_info/standard_binary_info.c.o
 .binary_info.keep.__bi_ptr78
                0x100071b0        0x4 CMakeFiles/blink.dir/home/crash/.pico-sdk/sdk/2.1.0/src/rp2_common/pico_standard_binary_info/standard_binary_info.c.o
 .binary_info.keep.__bi_ptr54
                0x100071b4        0x4 CMakeFiles/blink.dir/home/crash/.pico-sdk/sdk/2.1.0/src/rp2_common/pico_standard_binary_info/standard_binary_info.c.o
 .binary_info.keep.__bi_ptr48
                0x100071b8        0x4 CMakeFiles/blink.dir/home/crash/.pico-sdk/sdk/2.1.0/src/rp2_common/pico_standard_binary_info/standard_binary_info.c.o
 .binary_info.keep.__bi_ptr42
                0x100071bc        0x4 CMakeFiles/blink.dir/home/crash/.pico-sdk/sdk/2.1.0/src/rp2_common/pico_standard_binary_info/standard_binary_info.c.o
 .binary_info.keep.__bi_ptr34
                0x100071c0        0x4 CMakeFiles/blink.dir/home/crash/.pico-sdk/sdk/2.1.0/src/rp2_common/pico_standard_binary_info/standard_binary_info.c.o
 .binary_info.keep.__bi_ptr26
                0x100071c4        0x4 CMakeFiles/blink.dir/home/crash/.pico-sdk/sdk/2.1.0/src/rp2_common/pico_standard_binary_info/standard_binary_info.c.o
 *(.binary_info.*)
 .binary_info.__bi_ptr197
                0x100071c8        0x4 CMakeFiles/blink.dir/home/crash/.pico-sdk/sdk/2.1.0/src/rp2_common/pico_stdio_usb/stdio_usb.c.o
                0x100071cc                        __binary_info_end = .

.rel.dyn        0x100071cc        0x0
 .rel.iplt      0x100071cc        0x0 /home/crash/.pico-sdk/toolchain/13_3_Rel1/bin/../lib/gcc/arm-none-eabi/13.3.1/thumb/v6-m/nofp/crtbegin.o
                0x100071cc                        . = ALIGN (0x4)

.ram_vector_table
                0x20000000       0xc0
 *(.ram_vector_table)
 .ram_vector_table
                0x20000000       0xc0 CMakeFiles/blink.dir/home/crash/.pico-sdk/sdk/2.1.0/src/rp2_common/pico_runtime_init/runtime_init.c.o
                0x20000000                ram_vector_table

.uninitialized_data
                0x200000c0        0x0
                0x200000c0                        . = ALIGN (0x4)
 *(.uninitialized_data*)

.data           0x200000c0      0xfa0 load address 0x100071cc
                0x200000c0                        __data_start__ = .
 *(vtable)
 *(.time_critical*)
 .time_critical.mutex_try_enter
                0x200000c0       0x40 CMakeFiles/blink.dir/home/crash/.pico-sdk/sdk/2.1.0/src/common/pico_sync/mutex.c.o
                0x200000c0                mutex_try_enter
 .time_critical.mutex_try_enter_block_until
                0x20000100       0x9c CMakeFiles/blink.dir/home/crash/.pico-sdk/sdk/2.1.0/src/common/pico_sync/mutex.c.o
                0x20000100                mutex_try_enter_block_until
 .time_critical.mutex_enter_timeout_ms
                0x2000019c       0x90 CMakeFiles/blink.dir/home/crash/.pico-sdk/sdk/2.1.0/src/common/pico_sync/mutex.c.o
                0x2000019c                mutex_enter_timeout_ms
 .time_critical.mutex_exit
                0x2000022c       0x28 CMakeFiles/blink.dir/home/crash/.pico-sdk/sdk/2.1.0/src/common/pico_sync/mutex.c.o
                0x2000022c                mutex_exit
 .time_critical.flash_init_boot2_copyout
                0x20000254       0x30 CMakeFiles/blink.dir/home/crash/.pico-sdk/sdk/2.1.0/src/rp2_common/hardware_flash/flash.c.o
 .time_critical.flash_enable_xip_via_boot2
                0x20000284        0xc CMakeFiles/blink.dir/home/crash/.pico-sdk/sdk/2.1.0/src/rp2_common/hardware_flash/flash.c.o
 .time_critical.flash_cs_force
                0x20000290       0x38 CMakeFiles/blink.dir/home/crash/.pico-sdk/sdk/2.1.0/src/rp2_common/hardware_flash/flash.c.o
 .time_critical.flash_do_cmd
                0x200002c8       0xc0 CMakeFiles/blink.dir/home/crash/.pico-sdk/sdk/2.1.0/src/rp2_common/hardware_flash/flash.c.o
                0x200002c8                flash_do_cmd
 .time_critical.reset_non_control_endpoints
                0x20000388       0x68 CMakeFiles/blink.dir/home/crash/.pico-sdk/sdk/2.1.0/lib/tinyusb/src/portable/raspberrypi/rp2040/dcd_rp2040.c.o
 .time_critical.hw_handle_buff_status
                0x200003f0       0xb0 CMakeFiles/blink.dir/home/crash/.pico-sdk/sdk/2.1.0/lib/tinyusb/src/portable/raspberrypi/rp2040/dcd_rp2040.c.o
 .time_critical.dcd_rp2040_irq
                0x200004a0      0x578 CMakeFiles/blink.dir/home/crash/.pico-sdk/sdk/2.1.0/lib/tinyusb/src/portable/raspberrypi/rp2040/dcd_rp2040.c.o
 .time_critical.prepare_ep_buffer
                0x20000a18       0xe0 CMakeFiles/blink.dir/home/crash/.pico-sdk/sdk/2.1.0/lib/tinyusb/src/portable/raspberrypi/rp2040/rp2040_usb.c.o
 .time_critical.sync_ep_buffer
                0x20000af8       0xa8 CMakeFiles/blink.dir/home/crash/.pico-sdk/sdk/2.1.0/lib/tinyusb/src/portable/raspberrypi/rp2040/rp2040_usb.c.o
 .time_critical._hw_endpoint_xfer_sync
                0x20000ba0       0x28 CMakeFiles/blink.dir/home/crash/.pico-sdk/sdk/2.1.0/lib/tinyusb/src/portable/raspberrypi/rp2040/rp2040_usb.c.o
 .time_critical.e15_is_bulkin_ep
                0x20000bc8       0x28 CMakeFiles/blink.dir/home/crash/.pico-sdk/sdk/2.1.0/lib/tinyusb/src/portable/raspberrypi/rp2040/rp2040_usb.c.o
 .time_critical.e15_is_critical_frame_period
                0x20000bf0       0x34 CMakeFiles/blink.dir/home/crash/.pico-sdk/sdk/2.1.0/lib/tinyusb/src/portable/raspberrypi/rp2040/rp2040_usb.c.o
 .time_critical.hw_endpoint_reset_transfer
                0x20000c24        0xc CMakeFiles/blink.dir/home/crash/.pico-sdk/sdk/2.1.0/lib/tinyusb/src/portable/raspberrypi/rp2040/rp2040_usb.c.o
                0x20000c24                hw_endpoint_reset_transfer
 .time_critical._hw_endpoint_buffer_control_update32
                0x20000c30       0x50 CMakeFiles/blink.dir/home/crash/.pico-sdk/sdk/2.1.0/lib/tinyusb/src/portable/raspberrypi/rp2040/rp2040_usb.c.o
                0x20000c30                _hw_endpoint_buffer_control_update32
 .time_critical.hw_endpoint_start_next_buffer
                0x20000c80       0x6c CMakeFiles/blink.dir/home/crash/.pico-sdk/sdk/2.1.0/lib/tinyusb/src/portable/raspberrypi/rp2040/rp2040_usb.c.o
                0x20000c80                hw_endpoint_start_next_buffer
 .time_critical.hw_endpoint_xfer_continue
                0x20000cec       0x40 CMakeFiles/blink.dir/home/crash/.pico-sdk/sdk/2.1.0/lib/tinyusb/src/portable/raspberrypi/rp2040/rp2040_usb.c.o
                0x20000cec                hw_endpoint_xfer_continue
 .time_critical.tinyusb
                0x20000d2c      0x1e4 CMakeFiles/blink.dir/home/crash/.pico-sdk/sdk/2.1.0/lib/tinyusb/src/device/usbd.c.o
                0x20000d2c                dcd_event_handler
 *(.text*)
 .text          0x20000f10        0x4 /home/crash/.pico-sdk/toolchain/13_3_Rel1/bin/../lib/gcc/arm-none-eabi/13.3.1/thumb/v6-m/nofp/libgcc.a(_dvmd_tls.o)
                0x20000f10                __aeabi_ldiv0
                0x20000f10                __aeabi_idiv0
 *fill*         0x20000f14        0x4 
 .text.__stub   0x20000f18       0x80 linker stubs
                0x20000f98                        . = ALIGN (0x4)
 *(.rodata*)
                0x20000f98                        . = ALIGN (0x4)
 *(.data*)
 .data.striped_spin_lock_num
                0x20000f98        0x1 CMakeFiles/blink.dir/home/crash/.pico-sdk/sdk/2.1.0/src/rp2_common/hardware_sync/sync.c.o
 *fill*         0x20000f99        0x3 
 .data          0x20000f9c       0x48 CMakeFiles/blink.dir/home/crash/.pico-sdk/sdk/2.1.0/src/rp2_common/hardware_irq/irq_handler_chain.S.o
                0x20000f9c                irq_handler_chain_slots
                0x20000fcc                irq_handler_chain_first_slot
                0x20000fd6                irq_handler_chain_remove_tail
 .data.default_alarm_pool
                0x20000fe4       0x18 CMakeFiles/blink.dir/home/crash/.pico-sdk/sdk/2.1.0/src/common/pico_time/time.c.o
 *fill*         0x20000ffc        0x4 
 .data.aeabi_bits_funcs
                0x20001000       0x10 CMakeFiles/blink.dir/home/crash/.pico-sdk/sdk/2.1.0/src/rp2_common/pico_bit_ops/bit_ops_aeabi.S.o
                0x20001000                aeabi_bits_funcs
                0x20001010                aeabi_bits_funcs_end
 .data.aeabi_mem_funcs
                0x20001010       0x10 CMakeFiles/blink.dir/home/crash/.pico-sdk/sdk/2.1.0/src/rp2_common/pico_mem_ops/mem_ops_aeabi.S.o
                0x20001010                aeabi_mem_funcs
                0x20001020                aeabi_mem_funcs_end
 .data.stdio_usb
                0x20001020       0x18 CMakeFiles/blink.dir/home/crash/.pico-sdk/sdk/2.1.0/src/rp2_common/pico_stdio_usb/stdio_usb.c.o
                0x20001020                stdio_usb
 .data._usbd_qdef
                0x20001038       0x1c CMakeFiles/blink.dir/home/crash/.pico-sdk/sdk/2.1.0/lib/tinyusb/src/device/usbd.c.o
                0x20001038                _usbd_qdef
 .data._usbd_rhport
                0x20001054        0x1 CMakeFiles/blink.dir/home/crash/.pico-sdk/sdk/2.1.0/lib/tinyusb/src/device/usbd.c.o
                0x20001058                        . = ALIGN (0x4)
 *fill*         0x20001055        0x3 
 *(.after_data.*)
                0x20001058                        . = ALIGN (0x4)
                0x20001058                        PROVIDE (__mutex_array_start = .)
 *(SORT_BY_NAME(.mutex_array.*))
 *(.mutex_array)
 .mutex_array   0x20001058        0x8 CMakeFiles/blink.dir/home/crash/.pico-sdk/sdk/2.1.0/src/rp2_common/pico_stdio/stdio.c.o
                0x20001060                        PROVIDE (__mutex_array_end = .)
                0x20001060                        . = ALIGN (0x4)
 *(.jcr)
                0x20001060                        . = ALIGN (0x4)

.tm_clone_table
                0x20001060        0x0 load address 0x1000816c
 .tm_clone_table
                0x20001060        0x0 /home/crash/.pico-sdk/toolchain/13_3_Rel1/bin/../lib/gcc/arm-none-eabi/13.3.1/thumb/v6-m/nofp/crtbegin.o
 .tm_clone_table
                0x20001060        0x0 /home/crash/.pico-sdk/toolchain/13_3_Rel1/bin/../lib/gcc/arm-none-eabi/13.3.1/thumb/v6-m/nofp/crtend.o

.igot.plt       0x20001060        0x0 load address 0x1000816c
 .igot.plt      0x20001060        0x0 /home/crash/.pico-sdk/toolchain/13_3_Rel1/bin/../lib/gcc/arm-none-eabi/13.3.1/thumb/v6-m/nofp/crtbegin.o

.tdata          0x20001060        0x0 load address 0x1000816c
                0x20001060                        . = ALIGN (0x4)
 *(.tdata .tdata.* .gnu.linkonce.td.*)
                0x20001060                        __tdata_end = .
                0x20001060                        PROVIDE (__data_end__ = .)
                0x100071cc                        __etext = LOADADDR (.data)

.tbss           0x20001060        0x0 load address 0x1000816c
                0x20001060                        . = ALIGN (0x4)
                0x20001060                        __bss_start__ = .
                0x20001060                        __tls_base = .
 *(.tbss .tbss.* .gnu.linkonce.tb.*)
 *(.tcommon)
                0x20001060                        __tls_end = .

.bss            0x20001060     0x108c load address 0x1000816c
                0x20001060                        . = ALIGN (0x4)
                0x20001060                        __tbss_end = .
 *(SORT_BY_ALIGNMENT(SORT_BY_NAME(.bss*)))
 .bss.default_alarm_pool_entries
                0x20001060      0x180 CMakeFiles/blink.dir/home/crash/.pico-sdk/sdk/2.1.0/src/common/pico_time/time.c.o
 .bss.last_avail_time.1
                0x200011e0        0x8 CMakeFiles/blink.dir/home/crash/.pico-sdk/sdk/2.1.0/src/rp2_common/pico_stdio_usb/stdio_usb.c.o
 .bss.sd_table  0x200011e8      0x100 CMakeFiles/blink.dir/home/crash/.pico-sdk/sdk/2.1.0/src/rp2_common/pico_double/double_init_rom_rp2040.c.o
                0x200011e8                sd_table
 .bss.sf_table  0x200012e8      0x100 CMakeFiles/blink.dir/home/crash/.pico-sdk/sdk/2.1.0/src/rp2_common/pico_float/float_init_rom_rp2040.c.o
                0x200012e8                sf_table
 .bss._app_driver
                0x200013e8        0x4 CMakeFiles/blink.dir/home/crash/.pico-sdk/sdk/2.1.0/lib/tinyusb/src/device/usbd.c.o
 .bss._cdcd_fifo_cfg
                0x200013ec        0x1 CMakeFiles/blink.dir/home/crash/.pico-sdk/sdk/2.1.0/lib/tinyusb/src/class/cdc/cdc_device.c.o
 *fill*         0x200013ed        0x3 
 .bss._cdcd_itf
                0x200013f0      0x2c8 CMakeFiles/blink.dir/home/crash/.pico-sdk/sdk/2.1.0/lib/tinyusb/src/class/cdc/cdc_device.c.o
 .bss._ctrl_xfer
                0x200016b8       0x14 CMakeFiles/blink.dir/home/crash/.pico-sdk/sdk/2.1.0/lib/tinyusb/src/device/usbd_control.c.o
 .bss._ubsd_mutexdef
                0x200016cc        0x8 CMakeFiles/blink.dir/home/crash/.pico-sdk/sdk/2.1.0/lib/tinyusb/src/device/usbd.c.o
 .bss._usbd_ctrl_buf
                0x200016d4       0x40 CMakeFiles/blink.dir/home/crash/.pico-sdk/sdk/2.1.0/lib/tinyusb/src/device/usbd_control.c.o
 .bss._usbd_dev
                0x20001714       0x54 CMakeFiles/blink.dir/home/crash/.pico-sdk/sdk/2.1.0/lib/tinyusb/src/device/usbd.c.o
 .bss._usbd_mutex
                0x20001768        0x4 CMakeFiles/blink.dir/home/crash/.pico-sdk/sdk/2.1.0/lib/tinyusb/src/device/usbd.c.o
 .bss._usbd_q   0x2000176c        0x4 CMakeFiles/blink.dir/home/crash/.pico-sdk/sdk/2.1.0/lib/tinyusb/src/device/usbd.c.o
 .bss._usbd_qdef_buf
                0x20001770       0xc0 CMakeFiles/blink.dir/home/crash/.pico-sdk/sdk/2.1.0/lib/tinyusb/src/device/usbd.c.o
                0x20001770                _usbd_qdef_buf
 .bss._vendord_itf
                0x20001830      0x2cc CMakeFiles/blink.dir/home/crash/.pico-sdk/sdk/2.1.0/lib/tinyusb/src/class/vendor/vendor_device.c.o
 .bss.boot2_copyout
                0x20001afc      0x100 CMakeFiles/blink.dir/home/crash/.pico-sdk/sdk/2.1.0/src/rp2_common/hardware_flash/flash.c.o
 .bss.chars_available_callback
                0x20001bfc        0x4 CMakeFiles/blink.dir/home/crash/.pico-sdk/sdk/2.1.0/src/rp2_common/pico_stdio_usb/stdio_usb.c.o
 .bss.chars_available_param
                0x20001c00        0x4 CMakeFiles/blink.dir/home/crash/.pico-sdk/sdk/2.1.0/src/rp2_common/pico_stdio_usb/stdio_usb.c.o
 .bss.claimed   0x20001c04        0x4 CMakeFiles/blink.dir/home/crash/.pico-sdk/sdk/2.1.0/src/rp2_common/hardware_sync/sync.c.o
 .bss.claimed   0x20001c08        0x1 CMakeFiles/blink.dir/home/crash/.pico-sdk/sdk/2.1.0/src/rp2_common/hardware_timer/timer.c.o
 *fill*         0x20001c09        0x3 
 .bss.configured_freq
                0x20001c0c       0x28 CMakeFiles/blink.dir/home/crash/.pico-sdk/sdk/2.1.0/src/rp2_common/hardware_clocks/clocks.c.o
 .bss.desc_str.0
                0x20001c34       0x28 CMakeFiles/blink.dir/home/crash/.pico-sdk/sdk/2.1.0/src/rp2_common/pico_stdio_usb/stdio_usb_descriptors.c.o
 .bss.drivers   0x20001c5c        0x4 CMakeFiles/blink.dir/home/crash/.pico-sdk/sdk/2.1.0/src/rp2_common/pico_stdio/stdio.c.o
 .bss.e15_last_sof
                0x20001c60        0x4 CMakeFiles/blink.dir/home/crash/.pico-sdk/sdk/2.1.0/lib/tinyusb/src/portable/raspberrypi/rp2040/rp2040_usb.c.o
                0x20001c60                e15_last_sof
 .bss.filter    0x20001c64        0x4 CMakeFiles/blink.dir/home/crash/.pico-sdk/sdk/2.1.0/src/rp2_common/pico_stdio/stdio.c.o
 .bss.hw_endpoints
                0x20001c68      0x400 CMakeFiles/blink.dir/home/crash/.pico-sdk/sdk/2.1.0/lib/tinyusb/src/portable/raspberrypi/rp2040/dcd_rp2040.c.o
 .bss.lazy_vsnprintf
                0x20002068        0x4 CMakeFiles/blink.dir/home/crash/.pico-sdk/sdk/2.1.0/src/rp2_common/pico_printf/printf.c.o
 .bss.load_value
                0x2000206c        0x4 CMakeFiles/blink.dir/home/crash/.pico-sdk/sdk/2.1.0/src/rp2_common/hardware_watchdog/watchdog.c.o
 .bss.ms_last_change
                0x20002070        0x4 CMakeFiles/blink.dir/example.cpp.o
                0x20002070                ms_last_change
 .bss.ms_last_tap
                0x20002074        0x4 CMakeFiles/blink.dir/example.cpp.o
                0x20002074                ms_last_tap
 .bss.next_buffer_ptr
                0x20002078        0x4 CMakeFiles/blink.dir/home/crash/.pico-sdk/sdk/2.1.0/lib/tinyusb/src/portable/raspberrypi/rp2040/dcd_rp2040.c.o
 .bss.object.0  0x2000207c       0x18 /home/crash/.pico-sdk/toolchain/13_3_Rel1/bin/../lib/gcc/arm-none-eabi/13.3.1/thumb/v6-m/nofp/crtbegin.o
 .bss.one_shot_timer_crit_sec
                0x20002094        0x8 CMakeFiles/blink.dir/home/crash/.pico-sdk/sdk/2.1.0/src/rp2_common/pico_stdio_usb/stdio_usb.c.o
 .bss.pools     0x2000209c       0x10 CMakeFiles/blink.dir/home/crash/.pico-sdk/sdk/2.1.0/src/common/pico_time/time.c.o
 .bss.retrieved_id
                0x200020ac        0x8 CMakeFiles/blink.dir/home/crash/.pico-sdk/sdk/2.1.0/src/rp2_common/pico_unique_id/unique_id.c.o
 .bss.sf_clz_func
                0x200020b4        0x4 CMakeFiles/blink.dir/home/crash/.pico-sdk/sdk/2.1.0/src/rp2_common/pico_double/double_init_rom_rp2040.c.o
                0x200020b4                sf_clz_func
 .bss.sleep_notifier
                0x200020b8        0x4 CMakeFiles/blink.dir/home/crash/.pico-sdk/sdk/2.1.0/src/common/pico_time/time.c.o
 .bss.stdio_usb_mutex
                0x200020bc        0x8 CMakeFiles/blink.dir/home/crash/.pico-sdk/sdk/2.1.0/src/rp2_common/pico_stdio_usb/stdio_usb.c.o
 .bss.tap       0x200020c4        0xc CMakeFiles/blink.dir/example.cpp.o
                0x200020c4                tap
 .bss.usbd_serial_str
                0x200020d0       0x11 CMakeFiles/blink.dir/home/crash/.pico-sdk/sdk/2.1.0/src/rp2_common/pico_stdio_usb/stdio_usb_descriptors.c.o
 .bss._app_driver_count
                0x200020e1        0x1 CMakeFiles/blink.dir/home/crash/.pico-sdk/sdk/2.1.0/lib/tinyusb/src/device/usbd.c.o
 .bss._sof_enable
                0x200020e2        0x1 CMakeFiles/blink.dir/home/crash/.pico-sdk/sdk/2.1.0/lib/tinyusb/src/portable/raspberrypi/rp2040/dcd_rp2040.c.o
 .bss._usbd_queued_setup
                0x200020e3        0x1 CMakeFiles/blink.dir/home/crash/.pico-sdk/sdk/2.1.0/lib/tinyusb/src/device/usbd.c.o
 .bss.boot2_copyout_valid
                0x200020e4        0x1 CMakeFiles/blink.dir/home/crash/.pico-sdk/sdk/2.1.0/src/rp2_common/hardware_flash/flash.c.o
 .bss.irq_handler_chain_free_slot_head
                0x200020e5        0x1 CMakeFiles/blink.dir/home/crash/.pico-sdk/sdk/2.1.0/src/rp2_common/hardware_irq/irq.c.o
 .bss.itf_num   0x200020e6        0x1 CMakeFiles/blink.dir/home/crash/.pico-sdk/sdk/2.1.0/src/rp2_common/pico_stdio_usb/reset_interface.c.o
 .bss.low_priority_irq_num
                0x200020e7        0x1 CMakeFiles/blink.dir/home/crash/.pico-sdk/sdk/2.1.0/src/rp2_common/pico_stdio_usb/stdio_usb.c.o
 .bss.one_shot_timer_pending
                0x200020e8        0x1 CMakeFiles/blink.dir/home/crash/.pico-sdk/sdk/2.1.0/src/rp2_common/pico_stdio_usb/stdio_usb.c.o
 .bss.user_irq_claimed
                0x200020e9        0x1 CMakeFiles/blink.dir/home/crash/.pico-sdk/sdk/2.1.0/src/rp2_common/hardware_irq/irq.c.o
 *(COMMON)
                0x200020ec                        . = ALIGN (0x4)
 *fill*         0x200020ea        0x2 
                0x200020ec                        __bss_end__ = .

.heap           0x200020ec      0x800 load address 0x1000816c
                0x200020ec                        __end__ = .
                0x200020ec                        end = __end__
 *(.heap*)
 .heap          0x200020ec      0x800 CMakeFiles/blink.dir/home/crash/.pico-sdk/sdk/2.1.0/src/rp2_common/pico_crt0/crt0.S.o
                0x20040000                        __HeapLimit = (ORIGIN (RAM) + LENGTH (RAM))

.scratch_x      0x20040000        0x0 load address 0x1000816c
                0x20040000                        __scratch_x_start__ = .
 *(.scratch_x.*)
                0x20040000                        . = ALIGN (0x4)
                0x20040000                        __scratch_x_end__ = .
                0x1000816c                        __scratch_x_source__ = LOADADDR (.scratch_x)

.scratch_y      0x20041000        0x0 load address 0x1000816c
                0x20041000                        __scratch_y_start__ = .
 *(.scratch_y.*)
                0x20041000                        . = ALIGN (0x4)
                0x20041000                        __scratch_y_end__ = .
                0x1000816c                        __scratch_y_source__ = LOADADDR (.scratch_y)

.stack1_dummy
 *(.stack1*)

.stack_dummy    0x20041000      0x800
 *(.stack*)
 .stack         0x20041000      0x800 CMakeFiles/blink.dir/home/crash/.pico-sdk/sdk/2.1.0/src/rp2_common/pico_crt0/crt0.S.o

.flash_end      0x1000816c        0x0
 *(.embedded_end_block*)
                0x1000816c                        PROVIDE (__flash_binary_end = .)
                0x20040000                        __StackLimit = (ORIGIN (RAM) + LENGTH (RAM))
                0x20041000                        __StackOneTop = (ORIGIN (SCRATCH_X) + LENGTH (SCRATCH_X))
                0x20042000                        __StackTop = (ORIGIN (SCRATCH_Y) + LENGTH (SCRATCH_Y))
                0x20041000                        __StackOneBottom = (__StackOneTop - SIZEOF (.stack1_dummy))
                0x20041800                        __StackBottom = (__StackTop - SIZEOF (.stack_dummy))
                0x20042000                        PROVIDE (__stack = __StackTop)
                [!provide]                        PROVIDE (__heap_start = __end__)
                [!provide]                        PROVIDE (__heap_end = __HeapLimit)
                [!provide]                        PROVIDE (__tls_align = MAX (ALIGNOF (.tdata), ALIGNOF (.tbss)))
                [!provide]                        PROVIDE (__tls_size_align = (((__tls_size + __tls_align) - 0x1) & ~ ((__tls_align - 0x1))))
                [!provide]                        PROVIDE (__arm32_tls_tcb_offset = MAX (0x8, __tls_align))
                [!provide]                        PROVIDE (_end = __end__)
                [!provide]                        PROVIDE (__llvm_libc_heap_limit = __HeapLimit)
                0x00000001                        ASSERT ((__StackLimit >= __HeapLimit), region RAM overflowed)
                0x00000001                        ASSERT (((__binary_info_header_end - __logical_binary_start) <= 0x100), Binary info must be in first 256 bytes of the binary)
LOAD CMakeFiles/blink.dir/example.cpp.o
LOAD CMakeFiles/blink.dir/src/TAP.cpp.o
LOAD CMakeFiles/blink.dir/home/crash/.pico-sdk/sdk/2.1.0/src/rp2_common/pico_stdlib/stdlib.c.o
LOAD CMakeFiles/blink.dir/home/crash/.pico-sdk/sdk/2.1.0/src/rp2_common/hardware_gpio/gpio.c.o
LOAD CMakeFiles/blink.dir/home/crash/.pico-sdk/sdk/2.1.0/src/rp2040/pico_platform/platform.c.o
LOAD CMakeFiles/blink.dir/home/crash/.pico-sdk/sdk/2.1.0/src/rp2_common/pico_platform_panic/panic.c.o
LOAD CMakeFiles/blink.dir/home/crash/.pico-sdk/sdk/2.1.0/src/common/hardware_claim/claim.c.o
LOAD CMakeFiles/blink.dir/home/crash/.pico-sdk/sdk/2.1.0/src/rp2_common/hardware_sync/sync.c.o
LOAD CMakeFiles/blink.dir/home/crash/.pico-sdk/sdk/2.1.0/src/rp2_common/hardware_sync_spin_lock/sync_spin_lock.c.o
LOAD CMakeFiles/blink.dir/home/crash/.pico-sdk/sdk/2.1.0/src/rp2_common/hardware_irq/irq.c.o
LOAD CMakeFiles/blink.dir/home/crash/.pico-sdk/sdk/2.1.0/src/rp2_common/hardware_irq/irq_handler_chain.S.o
LOAD CMakeFiles/blink.dir/home/crash/.pico-sdk/sdk/2.1.0/src/common/pico_sync/sem.c.o
LOAD CMakeFiles/blink.dir/home/crash/.pico-sdk/sdk/2.1.0/src/common/pico_sync/lock_core.c.o
LOAD CMakeFiles/blink.dir/home/crash/.pico-sdk/sdk/2.1.0/src/common/pico_sync/mutex.c.o
LOAD CMakeFiles/blink.dir/home/crash/.pico-sdk/sdk/2.1.0/src/common/pico_sync/critical_section.c.o
LOAD CMakeFiles/blink.dir/home/crash/.pico-sdk/sdk/2.1.0/src/common/pico_time/time.c.o
LOAD CMakeFiles/blink.dir/home/crash/.pico-sdk/sdk/2.1.0/src/common/pico_time/timeout_helper.c.o
LOAD CMakeFiles/blink.dir/home/crash/.pico-sdk/sdk/2.1.0/src/rp2_common/hardware_timer/timer.c.o
LOAD CMakeFiles/blink.dir/home/crash/.pico-sdk/sdk/2.1.0/src/common/pico_util/datetime.c.o
LOAD CMakeFiles/blink.dir/home/crash/.pico-sdk/sdk/2.1.0/src/common/pico_util/pheap.c.o
LOAD CMakeFiles/blink.dir/home/crash/.pico-sdk/sdk/2.1.0/src/common/pico_util/queue.c.o
LOAD CMakeFiles/blink.dir/home/crash/.pico-sdk/sdk/2.1.0/src/rp2_common/hardware_uart/uart.c.o
LOAD CMakeFiles/blink.dir/home/crash/.pico-sdk/sdk/2.1.0/src/rp2_common/hardware_clocks/clocks.c.o
LOAD CMakeFiles/blink.dir/home/crash/.pico-sdk/sdk/2.1.0/src/rp2_common/hardware_pll/pll.c.o
LOAD CMakeFiles/blink.dir/home/crash/.pico-sdk/sdk/2.1.0/src/rp2_common/hardware_vreg/vreg.c.o
LOAD CMakeFiles/blink.dir/home/crash/.pico-sdk/sdk/2.1.0/src/rp2_common/hardware_watchdog/watchdog.c.o
LOAD CMakeFiles/blink.dir/home/crash/.pico-sdk/sdk/2.1.0/src/rp2_common/hardware_ticks/ticks.c.o
LOAD CMakeFiles/blink.dir/home/crash/.pico-sdk/sdk/2.1.0/src/rp2_common/pico_bootrom/bootrom.c.o
LOAD CMakeFiles/blink.dir/home/crash/.pico-sdk/sdk/2.1.0/src/rp2_common/pico_bootrom/bootrom_lock.c.o
LOAD CMakeFiles/blink.dir/home/crash/.pico-sdk/sdk/2.1.0/src/rp2_common/hardware_boot_lock/boot_lock.c.o
LOAD CMakeFiles/blink.dir/home/crash/.pico-sdk/sdk/2.1.0/src/rp2_common/pico_flash/flash.c.o
LOAD CMakeFiles/blink.dir/home/crash/.pico-sdk/sdk/2.1.0/src/rp2_common/hardware_xosc/xosc.c.o
LOAD CMakeFiles/blink.dir/home/crash/.pico-sdk/sdk/2.1.0/src/rp2_common/hardware_divider/divider.S.o
LOAD CMakeFiles/blink.dir/home/crash/.pico-sdk/sdk/2.1.0/src/rp2_common/pico_runtime/runtime.c.o
LOAD CMakeFiles/blink.dir/home/crash/.pico-sdk/sdk/2.1.0/src/rp2_common/pico_runtime_init/runtime_init.c.o
LOAD CMakeFiles/blink.dir/home/crash/.pico-sdk/sdk/2.1.0/src/rp2_common/pico_runtime_init/runtime_init_clocks.c.o
LOAD CMakeFiles/blink.dir/home/crash/.pico-sdk/sdk/2.1.0/src/rp2_common/pico_runtime_init/runtime_init_stack_guard.c.o
LOAD CMakeFiles/blink.dir/home/crash/.pico-sdk/sdk/2.1.0/src/rp2_common/pico_bit_ops/bit_ops_aeabi.S.o
LOAD CMakeFiles/blink.dir/home/crash/.pico-sdk/sdk/2.1.0/src/rp2_common/pico_divider/divider_hardware.S.o
LOAD CMakeFiles/blink.dir/home/crash/.pico-sdk/sdk/2.1.0/src/rp2_common/pico_double/double_aeabi_rp2040.S.o
LOAD CMakeFiles/blink.dir/home/crash/.pico-sdk/sdk/2.1.0/src/rp2_common/pico_double/double_init_rom_rp2040.c.o
LOAD CMakeFiles/blink.dir/home/crash/.pico-sdk/sdk/2.1.0/src/rp2_common/pico_double/double_math.c.o
LOAD CMakeFiles/blink.dir/home/crash/.pico-sdk/sdk/2.1.0/src/rp2_common/pico_double/double_v1_rom_shim_rp2040.S.o
LOAD CMakeFiles/blink.dir/home/crash/.pico-sdk/sdk/2.1.0/src/rp2_common/pico_int64_ops/pico_int64_ops_aeabi.S.o
LOAD CMakeFiles/blink.dir/home/crash/.pico-sdk/sdk/2.1.0/src/rp2_common/pico_float/float_aeabi_rp2040.S.o
LOAD CMakeFiles/blink.dir/home/crash/.pico-sdk/sdk/2.1.0/src/rp2_common/pico_float/float_init_rom_rp2040.c.o
LOAD CMakeFiles/blink.dir/home/crash/.pico-sdk/sdk/2.1.0/src/rp2_common/pico_float/float_math.c.o
LOAD CMakeFiles/blink.dir/home/crash/.pico-sdk/sdk/2.1.0/src/rp2_common/pico_float/float_v1_rom_shim_rp2040.S.o
LOAD CMakeFiles/blink.dir/home/crash/.pico-sdk/sdk/2.1.0/src/rp2_common/pico_malloc/malloc.c.o
LOAD CMakeFiles/blink.dir/home/crash/.pico-sdk/sdk/2.1.0/src/rp2_common/pico_mem_ops/mem_ops_aeabi.S.o
LOAD CMakeFiles/blink.dir/home/crash/.pico-sdk/sdk/2.1.0/src/rp2_common/pico_atomic/atomic.c.o
LOAD CMakeFiles/blink.dir/home/crash/.pico-sdk/sdk/2.1.0/src/rp2_common/pico_cxx_options/new_delete.cpp.o
LOAD CMakeFiles/blink.dir/home/crash/.pico-sdk/sdk/2.1.0/src/rp2_common/pico_standard_binary_info/standard_binary_info.c.o
LOAD CMakeFiles/blink.dir/home/crash/.pico-sdk/sdk/2.1.0/src/rp2_common/pico_printf/printf.c.o
LOAD CMakeFiles/blink.dir/home/crash/.pico-sdk/sdk/2.1.0/src/rp2_common/pico_crt0/crt0.S.o
LOAD CMakeFiles/blink.dir/home/crash/.pico-sdk/sdk/2.1.0/src/rp2_common/pico_clib_interface/newlib_interface.c.o
LOAD CMakeFiles/blink.dir/home/crash/.pico-sdk/sdk/2.1.0/src/rp2_common/pico_stdio/stdio.c.o
LOAD CMakeFiles/blink.dir/home/crash/.pico-sdk/sdk/2.1.0/src/rp2_common/pico_stdio_usb/reset_interface.c.o
LOAD CMakeFiles/blink.dir/home/crash/.pico-sdk/sdk/2.1.0/src/rp2_common/pico_stdio_usb/stdio_usb.c.o
LOAD CMakeFiles/blink.dir/home/crash/.pico-sdk/sdk/2.1.0/src/rp2_common/pico_stdio_usb/stdio_usb_descriptors.c.o
LOAD CMakeFiles/blink.dir/home/crash/.pico-sdk/sdk/2.1.0/src/rp2_common/pico_unique_id/unique_id.c.o
LOAD CMakeFiles/blink.dir/home/crash/.pico-sdk/sdk/2.1.0/src/rp2_common/hardware_flash/flash.c.o
LOAD CMakeFiles/blink.dir/home/crash/.pico-sdk/sdk/2.1.0/src/rp2_common/hardware_xip_cache/xip_cache.c.o
LOAD CMakeFiles/blink.dir/home/crash/.pico-sdk/sdk/2.1.0/lib/tinyusb/src/portable/raspberrypi/rp2040/dcd_rp2040.c.o
LOAD CMakeFiles/blink.dir/home/crash/.pico-sdk/sdk/2.1.0/lib/tinyusb/src/portable/raspberrypi/rp2040/rp2040_usb.c.o
LOAD CMakeFiles/blink.dir/home/crash/.pico-sdk/sdk/2.1.0/lib/tinyusb/src/device/usbd.c.o
LOAD CMakeFiles/blink.dir/home/crash/.pico-sdk/sdk/2.1.0/lib/tinyusb/src/device/usbd_control.c.o
LOAD CMakeFiles/blink.dir/home/crash/.pico-sdk/sdk/2.1.0/lib/tinyusb/src/class/audio/audio_device.c.o
LOAD CMakeFiles/blink.dir/home/crash/.pico-sdk/sdk/2.1.0/lib/tinyusb/src/class/cdc/cdc_device.c.o
LOAD CMakeFiles/blink.dir/home/crash/.pico-sdk/sdk/2.1.0/lib/tinyusb/src/class/dfu/dfu_device.c.o
LOAD CMakeFiles/blink.dir/home/crash/.pico-sdk/sdk/2.1.0/lib/tinyusb/src/class/dfu/dfu_rt_device.c.o
LOAD CMakeFiles/blink.dir/home/crash/.pico-sdk/sdk/2.1.0/lib/tinyusb/src/class/hid/hid_device.c.o
LOAD CMakeFiles/blink.dir/home/crash/.pico-sdk/sdk/2.1.0/lib/tinyusb/src/class/midi/midi_device.c.o
LOAD CMakeFiles/blink.dir/home/crash/.pico-sdk/sdk/2.1.0/lib/tinyusb/src/class/msc/msc_device.c.o
LOAD CMakeFiles/blink.dir/home/crash/.pico-sdk/sdk/2.1.0/lib/tinyusb/src/class/net/ecm_rndis_device.c.o
LOAD CMakeFiles/blink.dir/home/crash/.pico-sdk/sdk/2.1.0/lib/tinyusb/src/class/net/ncm_device.c.o
LOAD CMakeFiles/blink.dir/home/crash/.pico-sdk/sdk/2.1.0/lib/tinyusb/src/class/usbtmc/usbtmc_device.c.o
LOAD CMakeFiles/blink.dir/home/crash/.pico-sdk/sdk/2.1.0/lib/tinyusb/src/class/vendor/vendor_device.c.o
LOAD CMakeFiles/blink.dir/home/crash/.pico-sdk/sdk/2.1.0/lib/tinyusb/src/class/video/video_device.c.o
LOAD CMakeFiles/blink.dir/home/crash/.pico-sdk/sdk/2.1.0/lib/tinyusb/src/tusb.c.o
LOAD CMakeFiles/blink.dir/home/crash/.pico-sdk/sdk/2.1.0/lib/tinyusb/src/common/tusb_fifo.c.o
LOAD CMakeFiles/blink.dir/home/crash/.pico-sdk/sdk/2.1.0/src/rp2_common/pico_fix/rp2040_usb_device_enumeration/rp2040_usb_device_enumeration.c.o
LOAD CMakeFiles/blink.dir/home/crash/.pico-sdk/sdk/2.1.0/src/rp2_common/hardware_spi/spi.c.o
LOAD CMakeFiles/blink.dir/home/crash/.pico-sdk/sdk/2.1.0/src/rp2_common/hardware_i2c/i2c.c.o
LOAD pico-sdk/src/rp2040/boot_stage2/CMakeFiles/bs2_default_library.dir/./bs2_default_padded_checksummed.S.o
LOAD /home/crash/.pico-sdk/toolchain/13_3_Rel1/bin/../lib/gcc/arm-none-eabi/13.3.1/../../../../arm-none-eabi/lib/thumb/v6-m/nofp/libstdc++.a
LOAD /home/crash/.pico-sdk/toolchain/13_3_Rel1/bin/../lib/gcc/arm-none-eabi/13.3.1/../../../../arm-none-eabi/lib/thumb/v6-m/nofp/libm.a
START GROUP
LOAD /home/crash/.pico-sdk/toolchain/13_3_Rel1/bin/../lib/gcc/arm-none-eabi/13.3.1/thumb/v6-m/nofp/libgcc.a
LOAD /home/crash/.pico-sdk/toolchain/13_3_Rel1/bin/../lib/gcc/arm-none-eabi/13.3.1/../../../../arm-none-eabi/lib/thumb/v6-m/nofp/libg.a