Archive member included to satisfy reference by file (symbol)

/home/crash/.pico-sdk/toolchain/13_3_Rel1/bin/../lib/gcc/arm-none-eabi/13.3.1/thumb/v6-m/nofp/libgcc.a(_dvmd_tls.o)
                              CMakeFiles/tap_test.dir/home/crash/.pico-sdk/sdk/2.1.0/src/rp2_common/pico_divider/divider_hardware.S.o (__aeabi_idiv0)
/home/crash/.pico-sdk/toolchain/13_3_Rel1/bin/../lib/gcc/arm-none-eabi/13.3.1/../../../../arm-none-eabi/lib/thumb/v6-m/nofp/libg.a(libc_a-strlen-stub.o)
                              CMakeFiles/tap_test.dir/home/crash/.pico-sdk/sdk/2.1.0/src/rp2_common/pico_stdio/stdio.c.o (strlen)
/home/crash/.pico-sdk/toolchain/13_3_Rel1/bin/../lib/gcc/arm-none-eabi/13.3.1/../../../../arm-none-eabi/lib/thumb/v6-m/nofp/libg.a(libc_a-malloc.o)
                              CMakeFiles/tap_test.dir/home/crash/.pico-sdk/sdk/2.1.0/src/rp2_common/pico_malloc/malloc.c.o (malloc)
/home/crash/.pico-sdk/toolchain/13_3_Rel1/bin/../lib/gcc/arm-none-eabi/13.3.1/../../../../arm-none-eabi/lib/thumb/v6-m/nofp/libg.a(libc_a-mallocr.o)
                              /home/crash/.pico-sdk/toolchain/13_3_Rel1/bin/../lib/gcc/arm-none-eabi/13.3.1/../../../../arm-none-eabi/lib/thumb/v6-m/nofp/libg.a(libc_a-malloc.o) (_malloc_r)
/home/crash/.pico-sdk/toolchain/13_3_Rel1/bin/../lib/gcc/arm-none-eabi/13.3.1/../../../../arm-none-eabi/lib/thumb/v6-m/nofp/libg.a(libc_a-lcltime_r.o)
                              CMakeFiles/tap_test.dir/home/crash/.pico-sdk/sdk/2.1.0/src/common/pico_util/datetime.c.o (localtime_r)
/home/crash/.pico-sdk/toolchain/13_3_Rel1/bin/../lib/gcc/arm-none-eabi/13.3.1/../../../../arm-none-eabi/lib/thumb/v6-m/nofp/libg.a(libc_a-sbrkr.o)
                              /home/crash/.pico-sdk/toolchain/13_3_Rel1/bin/../lib/gcc/arm-none-eabi/13.3.1/../../../../arm-none-eabi/lib/thumb/v6-m/nofp/libg.a(libc_a-mallocr.o) (_sbrk_r)
/home/crash/.pico-sdk/toolchain/13_3_Rel1/bin/../lib/gcc/arm-none-eabi/13.3.1/../../../../arm-none-eabi/lib/thumb/v6-m/nofp/libg.a(libc_a-mktime.o)
                              CMakeFiles/tap_test.dir/home/crash/.pico-sdk/sdk/2.1.0/src/common/pico_util/datetime.c.o (mktime)
/home/crash/.pico-sdk/toolchain/13_3_Rel1/bin/../lib/gcc/arm-none-eabi/13.3.1/../../../../arm-none-eabi/lib/thumb/v6-m/nofp/libg.a(libc_a-month_lengths.o)
                              /home/crash/.pico-sdk/toolchain/13_3_Rel1/bin/../lib/gcc/arm-none-eabi/13.3.1/../../../../arm-none-eabi/lib/thumb/v6-m/nofp/libg.a(libc_a-lcltime_r.o) (__month_lengths)
/home/crash/.pico-sdk/toolchain/13_3_Rel1/bin/../lib/gcc/arm-none-eabi/13.3.1/../../../../arm-none-eabi/lib/thumb/v6-m/nofp/libg.a(libc_a-tzcalc_limits.o)
                              /home/crash/.pico-sdk/toolchain/13_3_Rel1/bin/../lib/gcc/arm-none-eabi/13.3.1/../../../../arm-none-eabi/lib/thumb/v6-m/nofp/libg.a(libc_a-lcltime_r.o) (__tzcalc_limits)
/home/crash/.pico-sdk/toolchain/13_3_Rel1/bin/../lib/gcc/arm-none-eabi/13.3.1/../../../../arm-none-eabi/lib/thumb/v6-m/nofp/libg.a(libc_a-tzlock.o)
                              /home/crash/.pico-sdk/toolchain/13_3_Rel1/bin/../lib/gcc/arm-none-eabi/13.3.1/../../../../arm-none-eabi/lib/thumb/v6-m/nofp/libg.a(libc_a-lcltime_r.o) (__tz_lock)
/home/crash/.pico-sdk/toolchain/13_3_Rel1/bin/../lib/gcc/arm-none-eabi/13.3.1/../../../../arm-none-eabi/lib/thumb/v6-m/nofp/libg.a(libc_a-tzset.o)
                              /home/crash/.pico-sdk/toolchain/13_3_Rel1/bin/../lib/gcc/arm-none-eabi/13.3.1/../../../../arm-none-eabi/lib/thumb/v6-m/nofp/libg.a(libc_a-lcltime_r.o) (_tzset_unlocked)
/home/crash/.pico-sdk/toolchain/13_3_Rel1/bin/../lib/gcc/arm-none-eabi/13.3.1/../../../../arm-none-eabi/lib/thumb/v6-m/nofp/libg.a(libc_a-mlock.o)
                              /home/crash/.pico-sdk/toolchain/13_3_Rel1/bin/../lib/gcc/arm-none-eabi/13.3.1/../../../../arm-none-eabi/lib/thumb/v6-m/nofp/libg.a(libc_a-mallocr.o) (__malloc_lock)
/home/crash/.pico-sdk/toolchain/13_3_Rel1/bin/../lib/gcc/arm-none-eabi/13.3.1/../../../../arm-none-eabi/lib/thumb/v6-m/nofp/libg.a(libc_a-calloc.o)
                              CMakeFiles/tap_test.dir/home/crash/.pico-sdk/sdk/2.1.0/src/rp2_common/pico_malloc/malloc.c.o (calloc)
/home/crash/.pico-sdk/toolchain/13_3_Rel1/bin/../lib/gcc/arm-none-eabi/13.3.1/../../../../arm-none-eabi/lib/thumb/v6-m/nofp/libg.a(libc_a-memcmp.o)
                              CMakeFiles/tap_test.dir/home/crash/.pico-sdk/sdk/2.1.0/src/rp2_common/pico_atomic/atomic.c.o (memcmp)
/home/crash/.pico-sdk/toolchain/13_3_Rel1/bin/../lib/gcc/arm-none-eabi/13.3.1/../../../../arm-none-eabi/lib/thumb/v6-m/nofp/libg.a(libc_a-callocr.o)
                              /home/crash/.pico-sdk/toolchain/13_3_Rel1/bin/../lib/gcc/arm-none-eabi/13.3.1/../../../../arm-none-eabi/lib/thumb/v6-m/nofp/libg.a(libc_a-calloc.o) (_calloc_r)
/home/crash/.pico-sdk/toolchain/13_3_Rel1/bin/../lib/gcc/arm-none-eabi/13.3.1/../../../../arm-none-eabi/lib/thumb/v6-m/nofp/libg.a(libc_a-div.o)
[...]
Memory Configuration

Name             Origin             Length             Attributes
FLASH            0x10000000         0x00200000         xr
RAM              0x20000000         0x00040000         xrw
SCRATCH_X        0x20040000         0x00001000         xrw
SCRATCH_Y        0x20041000         0x00001000         xrw
*default*        0x00000000         0xffffffff

Linker script and memory map

LOAD /home/crash/.pico-sdk/toolchain/13_3_Rel1/bin/../lib/gcc/arm-none-eabi/13.3.1/thumb/v6-m/nofp/crti.o
LOAD /home/crash/.pico-sdk/toolchain/13_3_Rel1/bin/../lib/gcc/arm-none-eabi/13.3.1/thumb/v6-m/nofp/crtbegin.o
LOAD /home/crash/.pico-sdk/toolchain/13_3_Rel1/bin/../lib/gcc/arm-none-eabi/13.3.1/../../../../arm-none-eabi/lib/thumb/v6-m/nofp/crt0.o

.flash_begin    0x10000000        0x0
                0x10000000                        __flash_binary_start = .

.boot2          0x10000000      0x100
                0x10000000                        __boot2_start__ = .
 *(.boot2)
 .boot2         0x10000000      0x100 pico-sdk/src/rp2040/boot_stage2/CMakeFiles/bs2_default_library.dir/./bs2_default_padded_checksummed.S.o
                0x10000100                        __boot2_end__ = .
                0x00000001                        ASSERT (((__boot2_end__ - __boot2_start__) == 0x100), ERROR: Pico second stage bootloader must be 256 bytes in size)

.text           0x10000100     0x74b0
                0x10000100                        __logical_binary_start = .
 *(.vectors)
 .vectors       0x10000100       0xd4 CMakeFiles/tap_test.dir/home/crash/.pico-sdk/sdk/2.1.0/src/rp2_common/pico_crt0/crt0.S.o
                0x10000100                __vectors
                0x10000100                __VECTOR_TABLE
                0x100001c0                isr_invalid
                0x100001c0                __default_isrs_start
                0x100001c2                isr_nmi
                0x100001c4                isr_hardfault
                0x100001c6                isr_svcall
                0x100001c8                isr_pendsv
                0x100001ca                isr_systick
                0x100001cc                isr_irq30
                0x100001cc                __unhandled_user_irq
                0x100001cc                isr_irq13
                0x100001cc                isr_irq27
                0x100001cc                isr_irq31
                0x100001cc                isr_irq5
                0x100001cc                isr_irq11
                0x100001cc                isr_irq23
                0x100001cc                isr_irq18
                0x100001cc                isr_irq28
                0x100001cc                isr_irq19
                0x100001cc                isr_irq0
                0x100001cc                isr_irq6
                0x100001cc                isr_irq22
                0x100001cc                isr_irq17
                0x100001cc                isr_irq14
                0x100001cc                isr_irq2
                0x100001cc                isr_irq10
                0x100001cc                isr_irq8
                0x100001cc                isr_irq24
                0x100001cc                isr_irq1
                0x100001cc                isr_irq7
                0x100001cc                isr_irq21
                0x100001cc                isr_irq20
                0x100001cc                isr_irq15
                0x100001cc                isr_irq25
                0x100001cc                isr_irq4
                0x100001cc                isr_irq16
                0x100001cc                isr_irq29
                0x100001cc                isr_irq26
                0x100001cc                __default_isrs_end
                0x100001cc                isr_irq3
                0x100001cc                isr_irq12
                0x100001cc                isr_irq9
                0x100001d2                unhandled_user_irq_num_in_r0
 *(.binary_info_header)
 .binary_info_header
                0x100001d4       0x14 CMakeFiles/tap_test.dir/home/crash/.pico-sdk/sdk/2.1.0/src/rp2_common/pico_crt0/crt0.S.o
                0x100001e8                        __binary_info_header_end = .
 *(.embedded_block)
                0x100001e8                        __embedded_block_end = .
 *(.reset)
 .reset         0x100001e8       0x9c CMakeFiles/tap_test.dir/home/crash/.pico-sdk/sdk/2.1.0/src/rp2_common/pico_crt0/crt0.S.o
                0x100001e8                _entry_point
 *(.init)
 .init          0x10000284        0x4 /home/crash/.pico-sdk/toolchain/13_3_Rel1/bin/../lib/gcc/arm-none-eabi/13.3.1/thumb/v6-m/nofp/crti.o
                0x10000284                _init
 *(EXCLUDE_FILE(*libm.a: *libc.a:*lib_a-mem*.o *libgcc.a:) .text*)
 .text.register_tm_clones
                0x10000288       0x28 /home/crash/.pico-sdk/toolchain/13_3_Rel1/bin/../lib/gcc/arm-none-eabi/13.3.1/thumb/v6-m/nofp/crtbegin.o
 .text.frame_dummy
                0x100002b0       0x24 /home/crash/.pico-sdk/toolchain/13_3_Rel1/bin/../lib/gcc/arm-none-eabi/13.3.1/thumb/v6-m/nofp/crtbegin.o
 .text._Z12pico_set_ledv.part.0
                0x100002d4       0xc8 CMakeFiles/tap_test.dir/example.cpp.o
 .text._Z6tap_rxv.part.0
                0x1000039c       0xd0 CMakeFiles/tap_test.dir/example.cpp.o
 .text._Z12pico_set_ledv
                0x1000046c       0x64 CMakeFiles/tap_test.dir/example.cpp.o
                0x1000046c                pico_set_led()
 .text.startup.main
                0x100004d0      0x164 CMakeFiles/tap_test.dir/example.cpp.o
                0x100004d0                main
 .text.startup._GLOBAL__sub_I_ms_last_change
                0x10000634       0x18 CMakeFiles/tap_test.dir/example.cpp.o
 .text._ZN3TAP9serializeEPKNS_18TAP_ADDRESS_HEADEREPKvPNS_11TAP_TRAILEREPhh
                0x1000064c      0x178 CMakeFiles/tap_test.dir/src/TAP.cpp.o
                0x1000064c                TAP::serialize(TAP::TAP_ADDRESS_HEADER const*, void const*, TAP::TAP_TRAILER*, unsigned char*, unsigned char)
 .text._ZN3TAP12tapSendTelemERKNS_13TAP_TELEMETRYE
                0x100007c4       0xf0 CMakeFiles/tap_test.dir/src/TAP.cpp.o
                0x100007c4                TAP::tapSendTelem(TAP::TAP_TELEMETRY const&)
 .text._ZN3TAP11deserializeEPhhS0_S0_S0_
                0x100008b4      0x14c CMakeFiles/tap_test.dir/src/TAP.cpp.o
                0x100008b4                TAP::deserialize(unsigned char*, unsigned char, unsigned char*, unsigned char*, unsigned char*)
 .text.gpio_set_function
                0x10000a00       0x34 CMakeFiles/tap_test.dir/home/crash/.pico-sdk/sdk/2.1.0/src/rp2_common/hardware_gpio/gpio.c.o
                0x10000a00                gpio_set_function
 .text.gpio_init
                0x10000a34       0x40 CMakeFiles/tap_test.dir/home/crash/.pico-sdk/sdk/2.1.0/src/rp2_common/hardware_gpio/gpio.c.o
                0x10000a34                gpio_init
 .text.rp2040_chip_version
                0x10000a74        0xc CMakeFiles/tap_test.dir/home/crash/.pico-sdk/sdk/2.1.0/src/rp2040/pico_platform/platform.c.o
                0x10000a74                rp2040_chip_version
 .text.panic    0x10000a80       0x30 CMakeFiles/tap_test.dir/home/crash/.pico-sdk/sdk/2.1.0/src/rp2_common/pico_platform_panic/panic.c.o
                0x10000a80                panic
 .text.hw_claim_or_assert
                0x10000ab0       0x44 CMakeFiles/tap_test.dir/home/crash/.pico-sdk/sdk/2.1.0/src/common/hardware_claim/claim.c.o
                0x10000ab0                hw_claim_or_assert
 .text.hw_claim_unused_from_range
                0x10000af4       0x9c CMakeFiles/tap_test.dir/home/crash/.pico-sdk/sdk/2.1.0/src/common/hardware_claim/claim.c.o
                0x10000af4                hw_claim_unused_from_range
 .text.next_striped_spin_lock_num
                0x10000b90       0x18 CMakeFiles/tap_test.dir/home/crash/.pico-sdk/sdk/2.1.0/src/rp2_common/hardware_sync/sync.c.o
                0x10000b90                next_striped_spin_lock_num
 .text.spin_lock_claim_unused
                0x10000ba8       0x24 CMakeFiles/tap_test.dir/home/crash/.pico-sdk/sdk/2.1.0/src/rp2_common/hardware_sync/sync.c.o
                0x10000ba8                spin_lock_claim_unused
 .text.spin_locks_reset
                0x10000bcc       0x1c CMakeFiles/tap_test.dir/home/crash/.pico-sdk/sdk/2.1.0/src/rp2_common/hardware_sync_spin_lock/sync_spin_lock.c.o
                0x10000bcc                spin_locks_reset
 .text.runtime_init_per_core_irq_priorities
                0x10000be8       0x24 CMakeFiles/tap_test.dir/home/crash/.pico-sdk/sdk/2.1.0/src/rp2_common/hardware_irq/irq.c.o
                0x10000be8                runtime_init_per_core_irq_priorities
 .text.irq_set_enabled
                0x10000c0c       0x24 CMakeFiles/tap_test.dir/home/crash/.pico-sdk/sdk/2.1.0/src/rp2_common/hardware_irq/irq.c.o
                0x10000c0c                irq_set_enabled
 .text.irq_is_enabled
                0x10000c30       0x18 CMakeFiles/tap_test.dir/home/crash/.pico-sdk/sdk/2.1.0/src/rp2_common/hardware_irq/irq.c.o
                0x10000c30                irq_is_enabled
 .text.irq_set_pending
                0x10000c48       0x10 CMakeFiles/tap_test.dir/home/crash/.pico-sdk/sdk/2.1.0/src/rp2_common/hardware_irq/irq.c.o
                0x10000c48                irq_set_pending
 .text.irq_has_shared_handler
                0x10000c58       0x2c CMakeFiles/tap_test.dir/home/crash/.pico-sdk/sdk/2.1.0/src/rp2_common/hardware_irq/irq.c.o
                0x10000c58                irq_has_shared_handler
 .text.irq_set_exclusive_handler
                0x10000c84       0x54 CMakeFiles/tap_test.dir/home/crash/.pico-sdk/sdk/2.1.0/src/rp2_common/hardware_irq/irq.c.o
                0x10000c84                irq_set_exclusive_handler
 .text.irq_add_shared_handler
                0x10000cd8      0x1f4 CMakeFiles/tap_test.dir/home/crash/.pico-sdk/sdk/2.1.0/src/rp2_common/hardware_irq/irq.c.o
                0x10000cd8                irq_add_shared_handler
 .text.irq_remove_handler
                0x10000ecc      0x1d4 CMakeFiles/tap_test.dir/home/crash/.pico-sdk/sdk/2.1.0/src/rp2_common/hardware_irq/irq.c.o
                0x10000ecc                irq_remove_handler
 .text.irq_add_tail_to_free_list
                0x100010a0       0xb4 CMakeFiles/tap_test.dir/home/crash/.pico-sdk/sdk/2.1.0/src/rp2_common/hardware_irq/irq.c.o
                0x100010a0                irq_add_tail_to_free_list
 .text.user_irq_claim_unused
                0x10001154       0x2c CMakeFiles/tap_test.dir/home/crash/.pico-sdk/sdk/2.1.0/src/rp2_common/hardware_irq/irq.c.o
                0x10001154                user_irq_claim_unused
 .text.lock_init
                0x10001180       0x10 CMakeFiles/tap_test.dir/home/crash/.pico-sdk/sdk/2.1.0/src/common/pico_sync/lock_core.c.o
                0x10001180                lock_init
 .text.runtime_init_mutex
                0x10001190       0x50 CMakeFiles/tap_test.dir/home/crash/.pico-sdk/sdk/2.1.0/src/common/pico_sync/mutex.c.o
                0x10001190                runtime_init_mutex
 .text.mutex_init
                0x100011e0       0x1c CMakeFiles/tap_test.dir/home/crash/.pico-sdk/sdk/2.1.0/src/common/pico_sync/mutex.c.o
                0x100011e0                mutex_init
 .text.critical_section_init
                0x100011fc       0x1c CMakeFiles/tap_test.dir/home/crash/.pico-sdk/sdk/2.1.0/src/common/pico_sync/critical_section.c.o
                0x100011fc                critical_section_init
 .text.critical_section_init_with_lock_num
                0x10001218       0x14 CMakeFiles/tap_test.dir/home/crash/.pico-sdk/sdk/2.1.0/src/common/pico_sync/critical_section.c.o
                0x10001218                critical_section_init_with_lock_num
 .text.sleep_until_callback
                0x1000122c       0x30 CMakeFiles/tap_test.dir/home/crash/.pico-sdk/sdk/2.1.0/src/common/pico_time/time.c.o
 .text.alarm_pool_irq_handler
                0x1000125c      0x2fc CMakeFiles/tap_test.dir/home/crash/.pico-sdk/sdk/2.1.0/src/common/pico_time/time.c.o
 .text.runtime_init_default_alarm_pool
                0x10001558       0xdc CMakeFiles/tap_test.dir/home/crash/.pico-sdk/sdk/2.1.0/src/common/pico_time/time.c.o
                0x10001558                runtime_init_default_alarm_pool
 .text.alarm_pool_get_default
                0x10001634        0x8 CMakeFiles/tap_test.dir/home/crash/.pico-sdk/sdk/2.1.0/src/common/pico_time/time.c.o
                0x10001634                alarm_pool_get_default
 .text.alarm_pool_add_alarm_at
                0x1000163c       0xd4 CMakeFiles/tap_test.dir/home/crash/.pico-sdk/sdk/2.1.0/src/common/pico_time/time.c.o
                0x1000163c                alarm_pool_add_alarm_at
 .text.alarm_pool_add_alarm_at_force_in_context
                0x10001710       0xb0 CMakeFiles/tap_test.dir/home/crash/.pico-sdk/sdk/2.1.0/src/common/pico_time/time.c.o
                0x10001710                alarm_pool_add_alarm_at_force_in_context
 .text.alarm_pool_cancel_alarm
                0x100017c0       0x74 CMakeFiles/tap_test.dir/home/crash/.pico-sdk/sdk/2.1.0/src/common/pico_time/time.c.o
                0x100017c0                alarm_pool_cancel_alarm
 .text.alarm_pool_core_num
                0x10001834        0x4 CMakeFiles/tap_test.dir/home/crash/.pico-sdk/sdk/2.1.0/src/common/pico_time/time.c.o
                0x10001834                alarm_pool_core_num
 .text.sleep_until
                0x10001838       0xd8 CMakeFiles/tap_test.dir/home/crash/.pico-sdk/sdk/2.1.0/src/common/pico_time/time.c.o
                0x10001838                sleep_until
 .text.sleep_ms
                0x10001910       0x38 CMakeFiles/tap_test.dir/home/crash/.pico-sdk/sdk/2.1.0/src/common/pico_time/time.c.o
                0x10001910                sleep_ms
 .text.best_effort_wfe_or_timeout
                0x10001948       0xe0 CMakeFiles/tap_test.dir/home/crash/.pico-sdk/sdk/2.1.0/src/common/pico_time/time.c.o
                0x10001948                best_effort_wfe_or_timeout
 .text.timer_hardware_alarm_claim
                0x10001a28       0x14 CMakeFiles/tap_test.dir/home/crash/.pico-sdk/sdk/2.1.0/src/rp2_common/hardware_timer/timer.c.o
                0x10001a28                timer_hardware_alarm_claim
 .text.timer_time_us_64
                0x10001a3c       0x10 CMakeFiles/tap_test.dir/home/crash/.pico-sdk/sdk/2.1.0/src/rp2_common/hardware_timer/timer.c.o
                0x10001a3c                timer_time_us_64
 .text.time_us_64
                0x10001a4c       0x14 CMakeFiles/tap_test.dir/home/crash/.pico-sdk/sdk/2.1.0/src/rp2_common/hardware_timer/timer.c.o
                0x10001a4c                time_us_64
 .text.busy_wait_us
                0x10001a60       0x68 CMakeFiles/tap_test.dir/home/crash/.pico-sdk/sdk/2.1.0/src/rp2_common/hardware_timer/timer.c.o
                0x10001a60                busy_wait_us
 .text.busy_wait_until
                0x10001ac8       0x20 CMakeFiles/tap_test.dir/home/crash/.pico-sdk/sdk/2.1.0/src/rp2_common/hardware_timer/timer.c.o
                0x10001ac8                busy_wait_until
 .text.uart_init
                0x10001ae8      0x120 CMakeFiles/tap_test.dir/home/crash/.pico-sdk/sdk/2.1.0/src/rp2_common/hardware_uart/uart.c.o
                0x10001ae8                uart_init
 .text.clock_configure_int_divider
                0x10001c08       0xf4 CMakeFiles/tap_test.dir/home/crash/.pico-sdk/sdk/2.1.0/src/rp2_common/hardware_clocks/clocks.c.o
                0x10001c08                clock_configure_int_divider
 .text.clock_configure_undivided
                0x10001cfc       0xe8 CMakeFiles/tap_test.dir/home/crash/.pico-sdk/sdk/2.1.0/src/rp2_common/hardware_clocks/clocks.c.o
                0x10001cfc                clock_configure_undivided
 .text.clock_get_hz
                0x10001de4        0xc CMakeFiles/tap_test.dir/home/crash/.pico-sdk/sdk/2.1.0/src/rp2_common/hardware_clocks/clocks.c.o
                0x10001de4                clock_get_hz
 .text.pll_init
                0x10001df0       0xa4 CMakeFiles/tap_test.dir/home/crash/.pico-sdk/sdk/2.1.0/src/rp2_common/hardware_pll/pll.c.o
                0x10001df0                pll_init
 .text.watchdog_reboot
                0x10001e94       0x9c CMakeFiles/tap_test.dir/home/crash/.pico-sdk/sdk/2.1.0/src/rp2_common/hardware_watchdog/watchdog.c.o
                0x10001e94                watchdog_reboot
 .text.tick_start
                0x10001f30       0x10 CMakeFiles/tap_test.dir/home/crash/.pico-sdk/sdk/2.1.0/src/rp2_common/hardware_ticks/ticks.c.o
                0x10001f30                tick_start
 .text.rom_func_lookup
                0x10001f40       0x10 CMakeFiles/tap_test.dir/home/crash/.pico-sdk/sdk/2.1.0/src/rp2_common/pico_bootrom/bootrom.c.o
                0x10001f40                rom_func_lookup
 .text.rom_data_lookup
                0x10001f50       0x10 CMakeFiles/tap_test.dir/home/crash/.pico-sdk/sdk/2.1.0/src/rp2_common/pico_bootrom/bootrom.c.o
                0x10001f50                rom_data_lookup
 .text.rom_funcs_lookup
                0x10001f60       0x44 CMakeFiles/tap_test.dir/home/crash/.pico-sdk/sdk/2.1.0/src/rp2_common/pico_bootrom/bootrom.c.o
                0x10001f60                rom_funcs_lookup
 .text.rom_reset_usb_boot_extra
                0x10001fa4       0x28 CMakeFiles/tap_test.dir/home/crash/.pico-sdk/sdk/2.1.0/src/rp2_common/pico_bootrom/bootrom.c.o
                0x10001fa4                rom_reset_usb_boot_extra
 .text.xosc_init
                0x10001fcc       0x28 CMakeFiles/tap_test.dir/home/crash/.pico-sdk/sdk/2.1.0/src/rp2_common/hardware_xosc/xosc.c.o
                0x10001fcc                xosc_init
 .text.first_per_core_initializer
                0x10001ff4        0x4 CMakeFiles/tap_test.dir/home/crash/.pico-sdk/sdk/2.1.0/src/rp2_common/pico_runtime/runtime.c.o
 .text.hard_assertion_failure
                0x10001ff8        0xc CMakeFiles/tap_test.dir/home/crash/.pico-sdk/sdk/2.1.0/src/rp2_common/pico_runtime/runtime.c.o
                0x10001ff8                hard_assertion_failure
 .text.runtime_run_initializers
                0x10002004       0x28 CMakeFiles/tap_test.dir/home/crash/.pico-sdk/sdk/2.1.0/src/rp2_common/pico_runtime/runtime.c.o
                0x10002004                runtime_run_initializers
 .text.runtime_init_early_resets
                0x1000202c       0x2c CMakeFiles/tap_test.dir/home/crash/.pico-sdk/sdk/2.1.0/src/rp2_common/pico_runtime_init/runtime_init.c.o
                0x1000202c                runtime_init_early_resets
 .text.runtime_init_usb_power_down
                0x10002058       0x1c CMakeFiles/tap_test.dir/home/crash/.pico-sdk/sdk/2.1.0/src/rp2_common/pico_runtime_init/runtime_init.c.o
                0x10002058                runtime_init_usb_power_down
 .text.runtime_init_post_clock_resets
                0x10002074       0x20 CMakeFiles/tap_test.dir/home/crash/.pico-sdk/sdk/2.1.0/src/rp2_common/pico_runtime_init/runtime_init.c.o
                0x10002074                runtime_init_post_clock_resets
 .text.runtime_init_rp2040_gpio_ie_disable
                0x10002094       0x14 CMakeFiles/tap_test.dir/home/crash/.pico-sdk/sdk/2.1.0/src/rp2_common/pico_runtime_init/runtime_init.c.o
                0x10002094                runtime_init_rp2040_gpio_ie_disable
 .text.runtime_init_spin_locks_reset
                0x100020a8        0x8 CMakeFiles/tap_test.dir/home/crash/.pico-sdk/sdk/2.1.0/src/rp2_common/pico_runtime_init/runtime_init.c.o
                0x100020a8                runtime_init_spin_locks_reset
 .text.runtime_init_install_ram_vector_table
                0x100020b0       0x1c CMakeFiles/tap_test.dir/home/crash/.pico-sdk/sdk/2.1.0/src/rp2_common/pico_runtime_init/runtime_init.c.o
                0x100020b0                runtime_init_install_ram_vector_table
 .text.runtime_init_clocks
                0x100020cc       0xd8 CMakeFiles/tap_test.dir/home/crash/.pico-sdk/sdk/2.1.0/src/rp2_common/pico_runtime_init/runtime_init_clocks.c.o
                0x100020cc                runtime_init_clocks
 .text          0x100021a4       0x10 CMakeFiles/tap_test.dir/home/crash/.pico-sdk/sdk/2.1.0/src/rp2_common/pico_bit_ops/bit_ops_aeabi.S.o
 .text.__wrap___aeabi_idiv
                0x100021b4       0x50 CMakeFiles/tap_test.dir/home/crash/.pico-sdk/sdk/2.1.0/src/rp2_common/pico_divider/divider_hardware.S.o
                0x100021b4                __wrap___aeabi_idivmod
                0x100021b4                divmod_s32s32
                0x100021b4                div_s32s32
                0x100021b4                __wrap___aeabi_idiv
                0x100021bc                divmod_s32s32_unsafe
                0x100021e8                divmod_s32s32_savestate
 .text.__wrap___aeabi_uidiv
                0x10002204       0x4c CMakeFiles/tap_test.dir/home/crash/.pico-sdk/sdk/2.1.0/src/rp2_common/pico_divider/divider_hardware.S.o
                0x10002204                __wrap___aeabi_uidiv
                0x10002204                __wrap___aeabi_uidivmod
                0x10002204                div_u32u32
                0x10002204                divmod_u32u32
                0x1000220c                divmod_u32u32_unsafe
                0x10002234                divmod_u32u32_savestate
 .text.__wrap___aeabi_ldiv
                0x10002250      0x424 CMakeFiles/tap_test.dir/home/crash/.pico-sdk/sdk/2.1.0/src/rp2_common/pico_divider/divider_hardware.S.o
                0x10002250                div_s64s64
                0x10002250                divmod_s64s64
                0x10002250                __wrap___aeabi_ldivmod
                0x10002280                div_u64u64
                0x10002280                divmod_u64u64
                0x10002280                __wrap___aeabi_uldivmod
                0x10002290                divmod_u64u64_savestate
                0x100022b0                divmod_s64s64_unsafe
                0x10002338                divmod_u64u64_unsafe
 .text.__wrap___aeabi_darithmetic
                0x10002674       0x80 CMakeFiles/tap_test.dir/home/crash/.pico-sdk/sdk/2.1.0/src/rp2_common/pico_double/double_aeabi_rp2040.S.o
                0x10002674                __wrap___aeabi_drsub
                0x1000267a                __wrap___aeabi_dsub
                0x1000268c                __wrap___aeabi_dadd
                0x1000269e                __wrap___aeabi_ddiv
                0x100026da                __wrap___aeabi_dmul
 .text.__wrap___aeabi_cdcmple
                0x100026f4       0x6c CMakeFiles/tap_test.dir/home/crash/.pico-sdk/sdk/2.1.0/src/rp2_common/pico_double/double_aeabi_rp2040.S.o
                0x100026f4                __wrap___aeabi_cdrcmple
                0x10002704                __wrap___aeabi_cdcmple
                0x10002704                __wrap___aeabi_cdcmpeq
 .text.__wrap___aeabi_dcmplt
                0x10002760        0xc CMakeFiles/tap_test.dir/home/crash/.pico-sdk/sdk/2.1.0/src/rp2_common/pico_double/double_aeabi_rp2040.S.o
                0x10002760                __wrap___aeabi_dcmplt
 .text.__wrap___aeabi_dcmpge
                0x1000276c       0x10 CMakeFiles/tap_test.dir/home/crash/.pico-sdk/sdk/2.1.0/src/rp2_common/pico_double/double_aeabi_rp2040.S.o
                0x1000276c                __wrap___aeabi_dcmpge
 .text.__wrap___aeabi_dcmpgt
                0x1000277c        0xa CMakeFiles/tap_test.dir/home/crash/.pico-sdk/sdk/2.1.0/src/rp2_common/pico_double/double_aeabi_rp2040.S.o
                0x1000277c                __wrap___aeabi_dcmpgt
 .text.__wrap___aeabi_dcmpun
                0x10002786       0x18 CMakeFiles/tap_test.dir/home/crash/.pico-sdk/sdk/2.1.0/src/rp2_common/pico_double/double_aeabi_rp2040.S.o
                0x10002786                __wrap___aeabi_dcmpun
 *fill*         0x1000279e        0x2 
 .text.__wrap___aeabi_i2d
                0x100027a0       0x38 CMakeFiles/tap_test.dir/home/crash/.pico-sdk/sdk/2.1.0/src/rp2_common/pico_double/double_aeabi_rp2040.S.o
                0x100027a0                __wrap___aeabi_ui2d
                0x100027a8                __wrap___aeabi_i2d
 .text.__wrap___aeabi_d2iz
                0x100027d8       0x48 CMakeFiles/tap_test.dir/home/crash/.pico-sdk/sdk/2.1.0/src/rp2_common/pico_double/double_aeabi_rp2040.S.o
                0x100027d8                __wrap___aeabi_d2iz
                0x100027d8                double2int_z
 .text.__wrap___aeabi_d2uiz
                0x10002820       0x18 CMakeFiles/tap_test.dir/home/crash/.pico-sdk/sdk/2.1.0/src/rp2_common/pico_double/double_aeabi_rp2040.S.o
                0x10002820                double2uint
                0x10002820                __wrap___aeabi_d2uiz
 .text.__aeabi_double_init
                0x10002838       0xa4 CMakeFiles/tap_test.dir/home/crash/.pico-sdk/sdk/2.1.0/src/rp2_common/pico_double/double_init_rom_rp2040.c.o
                0x10002838                __aeabi_double_init
 .text.double_table_shim_on_use_helper
                0x100028dc       0x2c CMakeFiles/tap_test.dir/home/crash/.pico-sdk/sdk/2.1.0/src/rp2_common/pico_double/double_v1_rom_shim_rp2040.S.o
                0x100028dc                double_table_shim_on_use_helper
 .text.__wrap___aeabi_dsub
                0x10002908       0x10 CMakeFiles/tap_test.dir/home/crash/.pico-sdk/sdk/2.1.0/src/rp2_common/pico_double/double_v1_rom_shim_rp2040.S.o
                0x10002908                drsub_shim
                0x1000290e                dsub_shim
 .text.dadd_shim
                0x10002918      0x15c CMakeFiles/tap_test.dir/home/crash/.pico-sdk/sdk/2.1.0/src/rp2_common/pico_double/double_v1_rom_shim_rp2040.S.o
                0x10002918                dadd_shim
 .text.dmul_shim
                0x10002a74      0x15c CMakeFiles/tap_test.dir/home/crash/.pico-sdk/sdk/2.1.0/src/rp2_common/pico_double/double_v1_rom_shim_rp2040.S.o
                0x10002a74                dmul_shim
 .text.ddiv_shim
                0x10002bd0      0x1b0 CMakeFiles/tap_test.dir/home/crash/.pico-sdk/sdk/2.1.0/src/rp2_common/pico_double/double_v1_rom_shim_rp2040.S.o
                0x10002bd0                ddiv_shim
 .text.double2uint_shim
                0x10002d80        0xe CMakeFiles/tap_test.dir/home/crash/.pico-sdk/sdk/2.1.0/src/rp2_common/pico_double/double_v1_rom_shim_rp2040.S.o
                0x10002d80                double2uint_shim
                0x10002d82                double2ufix_shim
 *fill*         0x10002d8e        0x2 
 .text.double2uint64_shim
                0x10002d90       0x70 CMakeFiles/tap_test.dir/home/crash/.pico-sdk/sdk/2.1.0/src/rp2_common/pico_double/double_v1_rom_shim_rp2040.S.o
                0x10002d90                double2uint64_shim
                0x10002d92                double2ufix64_shim
                0x10002db2                d2fix_a
 .text.dunpacks
                0x10002e00       0x3c CMakeFiles/tap_test.dir/home/crash/.pico-sdk/sdk/2.1.0/src/rp2_common/pico_double/double_v1_rom_shim_rp2040.S.o
                0x10002e00                dunpacks
 .text.__aeabi_lmul
                0x10002e3c       0x32 CMakeFiles/tap_test.dir/home/crash/.pico-sdk/sdk/2.1.0/src/rp2_common/pico_int64_ops/pico_int64_ops_aeabi.S.o
                0x10002e3c                __wrap___aeabi_lmul
 *fill*         0x10002e6e        0x2 
 .text.__aeabi_float_init
                0x10002e70       0x64 CMakeFiles/tap_test.dir/home/crash/.pico-sdk/sdk/2.1.0/src/rp2_common/pico_float/float_init_rom_rp2040.c.o
                0x10002e70                __aeabi_float_init
 .text.float_table_shim_on_use_helper
                0x10002ed4       0x2c CMakeFiles/tap_test.dir/home/crash/.pico-sdk/sdk/2.1.0/src/rp2_common/pico_float/float_v1_rom_shim_rp2040.S.o
                0x10002ed4                float_table_shim_on_use_helper
 .text          0x10002f00       0x10 CMakeFiles/tap_test.dir/home/crash/.pico-sdk/sdk/2.1.0/src/rp2_common/pico_mem_ops/mem_ops_aeabi.S.o
                0x10002f00                __aeabi_mem_init
 .text.memset   0x10002f10        0xc CMakeFiles/tap_test.dir/home/crash/.pico-sdk/sdk/2.1.0/src/rp2_common/pico_mem_ops/mem_ops_aeabi.S.o
                0x10002f10                __wrap_memset
 .text.memcpy   0x10002f1c        0xc CMakeFiles/tap_test.dir/home/crash/.pico-sdk/sdk/2.1.0/src/rp2_common/pico_mem_ops/mem_ops_aeabi.S.o
                0x10002f1c                __wrap___aeabi_memcpy
                0x10002f1c                __wrap_memcpy
 .text._out_null
                0x10002f28        0x4 CMakeFiles/tap_test.dir/home/crash/.pico-sdk/sdk/2.1.0/src/rp2_common/pico_printf/printf.c.o
 .text._out_rev
                0x10002f2c       0xac CMakeFiles/tap_test.dir/home/crash/.pico-sdk/sdk/2.1.0/src/rp2_common/pico_printf/printf.c.o
 .text._ntoa_format
                0x10002fd8      0x250 CMakeFiles/tap_test.dir/home/crash/.pico-sdk/sdk/2.1.0/src/rp2_common/pico_printf/printf.c.o
 .text._out_char
                0x10003228       0x10 CMakeFiles/tap_test.dir/home/crash/.pico-sdk/sdk/2.1.0/src/rp2_common/pico_printf/printf.c.o
 .text._out_fct
                0x10003238       0x10 CMakeFiles/tap_test.dir/home/crash/.pico-sdk/sdk/2.1.0/src/rp2_common/pico_printf/printf.c.o
 .text._etoa    0x10003248      0x464 CMakeFiles/tap_test.dir/home/crash/.pico-sdk/sdk/2.1.0/src/rp2_common/pico_printf/printf.c.o
 .text._ftoa    0x100036ac      0x3c0 CMakeFiles/tap_test.dir/home/crash/.pico-sdk/sdk/2.1.0/src/rp2_common/pico_printf/printf.c.o
 .text._vsnprintf
                0x10003a6c      0xbc8 CMakeFiles/tap_test.dir/home/crash/.pico-sdk/sdk/2.1.0/src/rp2_common/pico_printf/printf.c.o
 .text.vfctprintf
                0x10004634       0x20 CMakeFiles/tap_test.dir/home/crash/.pico-sdk/sdk/2.1.0/src/rp2_common/pico_printf/printf.c.o
                0x10004634                vfctprintf
 .text.weak_raw_vprintf
                0x10004654       0x30 CMakeFiles/tap_test.dir/home/crash/.pico-sdk/sdk/2.1.0/src/rp2_common/pico_printf/printf.c.o
                0x10004654                weak_raw_vprintf
 .text._exit    0x10004684        0x4 CMakeFiles/tap_test.dir/home/crash/.pico-sdk/sdk/2.1.0/src/rp2_common/pico_clib_interface/newlib_interface.c.o
                0x10004684                _exit
 .text.exit     0x10004688        0x8 CMakeFiles/tap_test.dir/home/crash/.pico-sdk/sdk/2.1.0/src/rp2_common/pico_clib_interface/newlib_interface.c.o
                0x10004688                exit
 .text.runtime_init
                0x10004690       0x2c CMakeFiles/tap_test.dir/home/crash/.pico-sdk/sdk/2.1.0/src/rp2_common/pico_clib_interface/newlib_interface.c.o
                0x10004690                runtime_init
 .text.stdio_out_chars_no_crlf
                0x100046bc       0x10 CMakeFiles/tap_test.dir/home/crash/.pico-sdk/sdk/2.1.0/src/rp2_common/pico_stdio/stdio.c.o
 .text.stdio_out_chars_crlf
                0x100046cc       0x94 CMakeFiles/tap_test.dir/home/crash/.pico-sdk/sdk/2.1.0/src/rp2_common/pico_stdio/stdio.c.o
 .text.stdio_buffered_printer
                0x10004760       0x64 CMakeFiles/tap_test.dir/home/crash/.pico-sdk/sdk/2.1.0/src/rp2_common/pico_stdio/stdio.c.o
 .text.stdio_put_string
                0x100047c4      0x100 CMakeFiles/tap_test.dir/home/crash/.pico-sdk/sdk/2.1.0/src/rp2_common/pico_stdio/stdio.c.o
                0x100047c4                stdio_put_string
 .text.stdio_set_driver_enabled
                0x100048c4       0x30 CMakeFiles/tap_test.dir/home/crash/.pico-sdk/sdk/2.1.0/src/rp2_common/pico_stdio/stdio.c.o
                0x100048c4                stdio_set_driver_enabled
 .text.stdio_init_all
                0x100048f4       0x10 CMakeFiles/tap_test.dir/home/crash/.pico-sdk/sdk/2.1.0/src/rp2_common/pico_stdio/stdio.c.o
                0x100048f4                stdio_init_all
 .text.__wrap_putchar
                0x10004904       0x98 CMakeFiles/tap_test.dir/home/crash/.pico-sdk/sdk/2.1.0/src/rp2_common/pico_stdio/stdio.c.o
                0x10004904                stdio_putchar
                0x10004904                __wrap_putchar
 .text.__wrap_puts
                0x1000499c       0x3c CMakeFiles/tap_test.dir/home/crash/.pico-sdk/sdk/2.1.0/src/rp2_common/pico_stdio/stdio.c.o
                0x1000499c                __wrap_puts
                0x1000499c                stdio_puts
 .text.__wrap_vprintf
                0x100049d8       0xd4 CMakeFiles/tap_test.dir/home/crash/.pico-sdk/sdk/2.1.0/src/rp2_common/pico_stdio/stdio.c.o
                0x100049d8                __wrap_vprintf
                0x100049d8                stdio_vprintf
 .text.__wrap_printf
                0x10004aac       0x18 CMakeFiles/tap_test.dir/home/crash/.pico-sdk/sdk/2.1.0/src/rp2_common/pico_stdio/stdio.c.o
                0x10004aac                stdio_printf
                0x10004aac                __wrap_printf
 .text.stdio_uart_out_chars
                0x10004ac4       0x4c CMakeFiles/tap_test.dir/home/crash/.pico-sdk/sdk/2.1.0/src/rp2_common/pico_stdio_uart/stdio_uart.c.o
 .text.stdio_uart_in_chars
                0x10004b10       0x90 CMakeFiles/tap_test.dir/home/crash/.pico-sdk/sdk/2.1.0/src/rp2_common/pico_stdio_uart/stdio_uart.c.o
                0x10004b10                stdio_uart_in_chars
 .text.on_uart_rx
                0x10004ba0       0x28 CMakeFiles/tap_test.dir/home/crash/.pico-sdk/sdk/2.1.0/src/rp2_common/pico_stdio_uart/stdio_uart.c.o
 .text.stdio_uart_out_flush
                0x10004bc8       0x14 CMakeFiles/tap_test.dir/home/crash/.pico-sdk/sdk/2.1.0/src/rp2_common/pico_stdio_uart/stdio_uart.c.o
 .text.stdio_uart_set_chars_available_callback
                0x10004bdc       0x84 CMakeFiles/tap_test.dir/home/crash/.pico-sdk/sdk/2.1.0/src/rp2_common/pico_stdio_uart/stdio_uart.c.o
 .text.stdio_uart_init
                0x10004c60       0x50 CMakeFiles/tap_test.dir/home/crash/.pico-sdk/sdk/2.1.0/src/rp2_common/pico_stdio_uart/stdio_uart.c.o
                0x10004c60                stdio_uart_init
 .text.resetd_init
                0x10004cb0        0x4 CMakeFiles/tap_test.dir/home/crash/.pico-sdk/sdk/2.1.0/src/rp2_common/pico_stdio_usb/reset_interface.c.o
 .text.resetd_reset
                0x10004cb4        0xc CMakeFiles/tap_test.dir/home/crash/.pico-sdk/sdk/2.1.0/src/rp2_common/pico_stdio_usb/reset_interface.c.o
 .text.resetd_open
                0x10004cc0       0x28 CMakeFiles/tap_test.dir/home/crash/.pico-sdk/sdk/2.1.0/src/rp2_common/pico_stdio_usb/reset_interface.c.o
 .text.resetd_xfer_cb
                0x10004ce8        0x4 CMakeFiles/tap_test.dir/home/crash/.pico-sdk/sdk/2.1.0/src/rp2_common/pico_stdio_usb/reset_interface.c.o
 .text.resetd_control_xfer_cb
                0x10004cec       0x5c CMakeFiles/tap_test.dir/home/crash/.pico-sdk/sdk/2.1.0/src/rp2_common/pico_stdio_usb/reset_interface.c.o
 .text.tud_descriptor_bos_cb
                0x10004d48        0x8 CMakeFiles/tap_test.dir/home/crash/.pico-sdk/sdk/2.1.0/src/rp2_common/pico_stdio_usb/reset_interface.c.o
                0x10004d48                tud_descriptor_bos_cb
 .text.tud_vendor_control_xfer_cb
                0x10004d50       0x34 CMakeFiles/tap_test.dir/home/crash/.pico-sdk/sdk/2.1.0/src/rp2_common/pico_stdio_usb/reset_interface.c.o
                0x10004d50                tud_vendor_control_xfer_cb
 .text.usbd_app_driver_get_cb
                0x10004d84        0xc CMakeFiles/tap_test.dir/home/crash/.pico-sdk/sdk/2.1.0/src/rp2_common/pico_stdio_usb/reset_interface.c.o
                0x10004d84                usbd_app_driver_get_cb
 .text.tud_cdc_line_coding_cb
                0x10004d90       0x2c CMakeFiles/tap_test.dir/home/crash/.pico-sdk/sdk/2.1.0/src/rp2_common/pico_stdio_usb/reset_interface.c.o
                0x10004d90                tud_cdc_line_coding_cb
 .text.stdio_usb_set_chars_available_callback
                0x10004dbc       0x14 CMakeFiles/tap_test.dir/home/crash/.pico-sdk/sdk/2.1.0/src/rp2_common/pico_stdio_usb/stdio_usb.c.o
                0x10004dbc                stdio_usb_set_chars_available_callback
 .text.usb_irq  0x10004dd0       0x10 CMakeFiles/tap_test.dir/home/crash/.pico-sdk/sdk/2.1.0/src/rp2_common/pico_stdio_usb/stdio_usb.c.o
 .text.timer_task
                0x10004de0       0x64 CMakeFiles/tap_test.dir/home/crash/.pico-sdk/sdk/2.1.0/src/rp2_common/pico_stdio_usb/stdio_usb.c.o
 .text.stdio_usb_in_chars
                0x10004e44       0x90 CMakeFiles/tap_test.dir/home/crash/.pico-sdk/sdk/2.1.0/src/rp2_common/pico_stdio_usb/stdio_usb.c.o
                0x10004e44                stdio_usb_in_chars
 .text.stdio_usb_out_flush
                0x10004ed4       0x50 CMakeFiles/tap_test.dir/home/crash/.pico-sdk/sdk/2.1.0/src/rp2_common/pico_stdio_usb/stdio_usb.c.o
 .text.stdio_usb_out_chars
                0x10004f24      0x104 CMakeFiles/tap_test.dir/home/crash/.pico-sdk/sdk/2.1.0/src/rp2_common/pico_stdio_usb/stdio_usb.c.o
 .text.low_priority_worker_irq
                0x10005028       0xcc CMakeFiles/tap_test.dir/home/crash/.pico-sdk/sdk/2.1.0/src/rp2_common/pico_stdio_usb/stdio_usb.c.o
 .text.stdio_usb_init
                0x100050f4       0xe8 CMakeFiles/tap_test.dir/home/crash/.pico-sdk/sdk/2.1.0/src/rp2_common/pico_stdio_usb/stdio_usb.c.o
                0x100050f4                stdio_usb_init
 .text.tud_descriptor_device_cb
                0x100051dc        0x8 CMakeFiles/tap_test.dir/home/crash/.pico-sdk/sdk/2.1.0/src/rp2_common/pico_stdio_usb/stdio_usb_descriptors.c.o
                0x100051dc                tud_descriptor_device_cb
 .text.tud_descriptor_configuration_cb
                0x100051e4        0x8 CMakeFiles/tap_test.dir/home/crash/.pico-sdk/sdk/2.1.0/src/rp2_common/pico_stdio_usb/stdio_usb_descriptors.c.o
                0x100051e4                tud_descriptor_configuration_cb
 .text.tud_descriptor_string_cb
                0x100051ec       0x78 CMakeFiles/tap_test.dir/home/crash/.pico-sdk/sdk/2.1.0/src/rp2_common/pico_stdio_usb/stdio_usb_descriptors.c.o
                0x100051ec                tud_descriptor_string_cb
 .text.startup._retrieve_unique_id_on_boot
                0x10005264       0x10 CMakeFiles/tap_test.dir/home/crash/.pico-sdk/sdk/2.1.0/src/rp2_common/pico_unique_id/unique_id.c.o
 .text.pico_get_unique_board_id_string
                0x10005274      0x1a8 CMakeFiles/tap_test.dir/home/crash/.pico-sdk/sdk/2.1.0/src/rp2_common/pico_unique_id/unique_id.c.o
                0x10005274                pico_get_unique_board_id_string
 .text.flash_get_unique_id
                0x1000541c       0x3c CMakeFiles/tap_test.dir/home/crash/.pico-sdk/sdk/2.1.0/src/rp2_common/hardware_flash/flash.c.o
                0x1000541c                flash_get_unique_id
 .text.dcd_init
                0x10005458       0x8c CMakeFiles/tap_test.dir/home/crash/.pico-sdk/sdk/2.1.0/lib/tinyusb/src/portable/raspberrypi/rp2040/dcd_rp2040.c.o
                0x10005458                dcd_init
 .text.dcd_int_enable
                0x100054e4        0xc CMakeFiles/tap_test.dir/home/crash/.pico-sdk/sdk/2.1.0/lib/tinyusb/src/portable/raspberrypi/rp2040/dcd_rp2040.c.o
                0x100054e4                dcd_int_enable
 .text.dcd_set_address
                0x100054f0       0x14 CMakeFiles/tap_test.dir/home/crash/.pico-sdk/sdk/2.1.0/lib/tinyusb/src/portable/raspberrypi/rp2040/dcd_rp2040.c.o
                0x100054f0                dcd_set_address
 .text.dcd_sof_enable
                0x10005504       0x1c CMakeFiles/tap_test.dir/home/crash/.pico-sdk/sdk/2.1.0/lib/tinyusb/src/portable/raspberrypi/rp2040/dcd_rp2040.c.o
                0x10005504                dcd_sof_enable
 .text.dcd_edpt0_status_complete
                0x10005520       0x1c CMakeFiles/tap_test.dir/home/crash/.pico-sdk/sdk/2.1.0/lib/tinyusb/src/portable/raspberrypi/rp2040/dcd_rp2040.c.o
                0x10005520                dcd_edpt0_status_complete
 .text.dcd_edpt_open
                0x1000553c      0x108 CMakeFiles/tap_test.dir/home/crash/.pico-sdk/sdk/2.1.0/lib/tinyusb/src/portable/raspberrypi/rp2040/dcd_rp2040.c.o
                0x1000553c                dcd_edpt_open
 .text.dcd_edpt_close_all
                0x10005644        0x8 CMakeFiles/tap_test.dir/home/crash/.pico-sdk/sdk/2.1.0/lib/tinyusb/src/portable/raspberrypi/rp2040/dcd_rp2040.c.o
                0x10005644                dcd_edpt_close_all
 .text.dcd_edpt_xfer
                0x1000564c       0x24 CMakeFiles/tap_test.dir/home/crash/.pico-sdk/sdk/2.1.0/lib/tinyusb/src/portable/raspberrypi/rp2040/dcd_rp2040.c.o
                0x1000564c                dcd_edpt_xfer
 .text.dcd_edpt_stall
                0x10005670       0x34 CMakeFiles/tap_test.dir/home/crash/.pico-sdk/sdk/2.1.0/lib/tinyusb/src/portable/raspberrypi/rp2040/dcd_rp2040.c.o
                0x10005670                dcd_edpt_stall
 .text.dcd_edpt_clear_stall
                0x100056a4       0x30 CMakeFiles/tap_test.dir/home/crash/.pico-sdk/sdk/2.1.0/lib/tinyusb/src/portable/raspberrypi/rp2040/dcd_rp2040.c.o
                0x100056a4                dcd_edpt_clear_stall
 .text.rp2040_usb_init
                0x100056d4       0x40 CMakeFiles/tap_test.dir/home/crash/.pico-sdk/sdk/2.1.0/lib/tinyusb/src/portable/raspberrypi/rp2040/rp2040_usb.c.o
                0x100056d4                rp2040_usb_init
 .text.hw_endpoint_xfer_start
                0x10005714       0x40 CMakeFiles/tap_test.dir/home/crash/.pico-sdk/sdk/2.1.0/lib/tinyusb/src/portable/raspberrypi/rp2040/rp2040_usb.c.o
                0x10005714                hw_endpoint_xfer_start
 .text.tud_event_hook_cb
                0x10005754        0x4 CMakeFiles/tap_test.dir/home/crash/.pico-sdk/sdk/2.1.0/lib/tinyusb/src/device/usbd.c.o
                0x10005754                tud_event_hook_cb
 .text.tud_sof_cb
                0x10005758        0x4 CMakeFiles/tap_test.dir/home/crash/.pico-sdk/sdk/2.1.0/lib/tinyusb/src/device/usbd.c.o
                0x10005758                tud_sof_cb
 .text.tud_descriptor_device_qualifier_cb
                0x1000575c        0x4 CMakeFiles/tap_test.dir/home/crash/.pico-sdk/sdk/2.1.0/lib/tinyusb/src/device/usbd.c.o
                0x1000575c                tud_descriptor_device_qualifier_cb
 .text.tud_descriptor_other_speed_configuration_cb
                0x10005760        0x4 CMakeFiles/tap_test.dir/home/crash/.pico-sdk/sdk/2.1.0/lib/tinyusb/src/device/usbd.c.o
                0x10005760                tud_descriptor_other_speed_configuration_cb
 .text.tud_mount_cb
                0x10005764        0x4 CMakeFiles/tap_test.dir/home/crash/.pico-sdk/sdk/2.1.0/lib/tinyusb/src/device/usbd.c.o
                0x10005764                tud_mount_cb
 .text.tud_umount_cb
                0x10005768        0x4 CMakeFiles/tap_test.dir/home/crash/.pico-sdk/sdk/2.1.0/lib/tinyusb/src/device/usbd.c.o
                0x10005768                tud_umount_cb
 .text.tud_suspend_cb
                0x1000576c        0x4 CMakeFiles/tap_test.dir/home/crash/.pico-sdk/sdk/2.1.0/lib/tinyusb/src/device/usbd.c.o
                0x1000576c                tud_suspend_cb
 .text.tud_resume_cb
                0x10005770        0x4 CMakeFiles/tap_test.dir/home/crash/.pico-sdk/sdk/2.1.0/lib/tinyusb/src/device/usbd.c.o
                0x10005770                tud_resume_cb
 .text.tud_mounted
                0x10005774       0x10 CMakeFiles/tap_test.dir/home/crash/.pico-sdk/sdk/2.1.0/lib/tinyusb/src/device/usbd.c.o
                0x10005774                tud_mounted
 .text.tud_suspended
                0x10005784       0x10 CMakeFiles/tap_test.dir/home/crash/.pico-sdk/sdk/2.1.0/lib/tinyusb/src/device/usbd.c.o
                0x10005784                tud_suspended
 .text.tud_init
                0x10005794       0xe4 CMakeFiles/tap_test.dir/home/crash/.pico-sdk/sdk/2.1.0/lib/tinyusb/src/device/usbd.c.o
                0x10005794                tud_init
 .text.tud_task_ext
                0x10005878      0x800 CMakeFiles/tap_test.dir/home/crash/.pico-sdk/sdk/2.1.0/lib/tinyusb/src/device/usbd.c.o
                0x10005878                tud_task_ext
 .text.usbd_open_edpt_pair
                0x10006078       0x9c CMakeFiles/tap_test.dir/home/crash/.pico-sdk/sdk/2.1.0/lib/tinyusb/src/device/usbd.c.o
                0x10006078                usbd_open_edpt_pair
 .text.usbd_edpt_open
                0x10006114       0x34 CMakeFiles/tap_test.dir/home/crash/.pico-sdk/sdk/2.1.0/lib/tinyusb/src/device/usbd.c.o
                0x10006114                usbd_edpt_open
 .text.usbd_edpt_claim
                0x10006148       0x28 CMakeFiles/tap_test.dir/home/crash/.pico-sdk/sdk/2.1.0/lib/tinyusb/src/device/usbd.c.o
                0x10006148                usbd_edpt_claim
 .text.usbd_edpt_release
                0x10006170       0x28 CMakeFiles/tap_test.dir/home/crash/.pico-sdk/sdk/2.1.0/lib/tinyusb/src/device/usbd.c.o
                0x10006170                usbd_edpt_release
 .text.usbd_edpt_xfer
                0x10006198       0x4c CMakeFiles/tap_test.dir/home/crash/.pico-sdk/sdk/2.1.0/lib/tinyusb/src/device/usbd.c.o
                0x10006198                usbd_edpt_xfer
 .text.tud_control_status
                0x100061e4       0x2c CMakeFiles/tap_test.dir/home/crash/.pico-sdk/sdk/2.1.0/lib/tinyusb/src/device/usbd_control.c.o
                0x100061e4                tud_control_status
 .text.tud_control_xfer
                0x10006210       0xac CMakeFiles/tap_test.dir/home/crash/.pico-sdk/sdk/2.1.0/lib/tinyusb/src/device/usbd_control.c.o
                0x10006210                tud_control_xfer
 .text.usbd_control_reset
                0x100062bc       0x14 CMakeFiles/tap_test.dir/home/crash/.pico-sdk/sdk/2.1.0/lib/tinyusb/src/device/usbd_control.c.o
                0x100062bc                usbd_control_reset
 .text.usbd_control_set_complete_callback
                0x100062d0        0xc CMakeFiles/tap_test.dir/home/crash/.pico-sdk/sdk/2.1.0/lib/tinyusb/src/device/usbd_control.c.o
                0x100062d0                usbd_control_set_complete_callback
 .text.usbd_control_set_request
                0x100062dc       0x1c CMakeFiles/tap_test.dir/home/crash/.pico-sdk/sdk/2.1.0/lib/tinyusb/src/device/usbd_control.c.o
                0x100062dc                usbd_control_set_request
 .text.usbd_control_xfer_cb
                0x100062f8       0xec CMakeFiles/tap_test.dir/home/crash/.pico-sdk/sdk/2.1.0/lib/tinyusb/src/device/usbd_control.c.o
                0x100062f8                usbd_control_xfer_cb
 .text._prep_out_transaction.isra.0
                0x100063e4       0x5c CMakeFiles/tap_test.dir/home/crash/.pico-sdk/sdk/2.1.0/lib/tinyusb/src/class/cdc/cdc_device.c.o
 .text.tud_cdc_n_connected
                0x10006440       0x30 CMakeFiles/tap_test.dir/home/crash/.pico-sdk/sdk/2.1.0/lib/tinyusb/src/class/cdc/cdc_device.c.o
                0x10006440                tud_cdc_n_connected
 .text.tud_cdc_n_available
                0x10006470       0x18 CMakeFiles/tap_test.dir/home/crash/.pico-sdk/sdk/2.1.0/lib/tinyusb/src/class/cdc/cdc_device.c.o
                0x10006470                tud_cdc_n_available
 .text.tud_cdc_n_read
                0x10006488       0x98 CMakeFiles/tap_test.dir/home/crash/.pico-sdk/sdk/2.1.0/lib/tinyusb/src/class/cdc/cdc_device.c.o
                0x10006488                tud_cdc_n_read
 .text.tud_cdc_n_write_flush
                0x10006520       0x78 CMakeFiles/tap_test.dir/home/crash/.pico-sdk/sdk/2.1.0/lib/tinyusb/src/class/cdc/cdc_device.c.o
                0x10006520                tud_cdc_n_write_flush
 .text.tud_cdc_n_write
                0x10006598       0x40 CMakeFiles/tap_test.dir/home/crash/.pico-sdk/sdk/2.1.0/lib/tinyusb/src/class/cdc/cdc_device.c.o
                0x10006598                tud_cdc_n_write
 .text.tud_cdc_n_write_available
                0x100065d8       0x18 CMakeFiles/tap_test.dir/home/crash/.pico-sdk/sdk/2.1.0/lib/tinyusb/src/class/cdc/cdc_device.c.o
                0x100065d8                tud_cdc_n_write_available
 .text.cdcd_init
                0x100065f0       0x7c CMakeFiles/tap_test.dir/home/crash/.pico-sdk/sdk/2.1.0/lib/tinyusb/src/class/cdc/cdc_device.c.o
                0x100065f0                cdcd_init
 .text.cdcd_deinit
                0x1000666c       0x34 CMakeFiles/tap_test.dir/home/crash/.pico-sdk/sdk/2.1.0/lib/tinyusb/src/class/cdc/cdc_device.c.o
                0x1000666c                cdcd_deinit
 .text.cdcd_reset
                0x100066a0       0x4c CMakeFiles/tap_test.dir/home/crash/.pico-sdk/sdk/2.1.0/lib/tinyusb/src/class/cdc/cdc_device.c.o
                0x100066a0                cdcd_reset
 .text.cdcd_open
                0x100066ec       0xb0 CMakeFiles/tap_test.dir/home/crash/.pico-sdk/sdk/2.1.0/lib/tinyusb/src/class/cdc/cdc_device.c.o
                0x100066ec                cdcd_open
 .text.cdcd_control_xfer_cb
                0x1000679c       0xe4 CMakeFiles/tap_test.dir/home/crash/.pico-sdk/sdk/2.1.0/lib/tinyusb/src/class/cdc/cdc_device.c.o
                0x1000679c                cdcd_control_xfer_cb
 .text.cdcd_xfer_cb
                0x10006880      0x100 CMakeFiles/tap_test.dir/home/crash/.pico-sdk/sdk/2.1.0/lib/tinyusb/src/class/cdc/cdc_device.c.o
                0x10006880                cdcd_xfer_cb
 .text.vendord_init
                0x10006980       0x5c CMakeFiles/tap_test.dir/home/crash/.pico-sdk/sdk/2.1.0/lib/tinyusb/src/class/vendor/vendor_device.c.o
                0x10006980                vendord_init
 .text.vendord_deinit
                0x100069dc       0x1c CMakeFiles/tap_test.dir/home/crash/.pico-sdk/sdk/2.1.0/lib/tinyusb/src/class/vendor/vendor_device.c.o
                0x100069dc                vendord_deinit
 .text.vendord_reset
                0x100069f8       0x20 CMakeFiles/tap_test.dir/home/crash/.pico-sdk/sdk/2.1.0/lib/tinyusb/src/class/vendor/vendor_device.c.o
                0x100069f8                vendord_reset
 .text.vendord_open
                0x10006a18      0x138 CMakeFiles/tap_test.dir/home/crash/.pico-sdk/sdk/2.1.0/lib/tinyusb/src/class/vendor/vendor_device.c.o
                0x10006a18                vendord_open
 .text.vendord_xfer_cb
                0x10006b50       0x9c CMakeFiles/tap_test.dir/home/crash/.pico-sdk/sdk/2.1.0/lib/tinyusb/src/class/vendor/vendor_device.c.o
                0x10006b50                vendord_xfer_cb
 .text.tusb_init
                0x10006bec        0xc CMakeFiles/tap_test.dir/home/crash/.pico-sdk/sdk/2.1.0/lib/tinyusb/src/tusb.c.o
                0x10006bec                tusb_init
 .text.tu_edpt_claim
                0x10006bf8       0x50 CMakeFiles/tap_test.dir/home/crash/.pico-sdk/sdk/2.1.0/lib/tinyusb/src/tusb.c.o
                0x10006bf8                tu_edpt_claim
 .text.tu_edpt_release
                0x10006c48       0x38 CMakeFiles/tap_test.dir/home/crash/.pico-sdk/sdk/2.1.0/lib/tinyusb/src/tusb.c.o
                0x10006c48                tu_edpt_release
 .text.tu_edpt_validate
                0x10006c80       0x7c CMakeFiles/tap_test.dir/home/crash/.pico-sdk/sdk/2.1.0/lib/tinyusb/src/tusb.c.o
                0x10006c80                tu_edpt_validate
 .text.tu_edpt_bind_driver
                0x10006cfc       0x34 CMakeFiles/tap_test.dir/home/crash/.pico-sdk/sdk/2.1.0/lib/tinyusb/src/tusb.c.o
                0x10006cfc                tu_edpt_bind_driver
 .text.tu_edpt_stream_init
                0x10006d30       0x6c CMakeFiles/tap_test.dir/home/crash/.pico-sdk/sdk/2.1.0/lib/tinyusb/src/tusb.c.o
                0x10006d30                tu_edpt_stream_init
 .text.tu_edpt_stream_deinit
                0x10006d9c        0x4 CMakeFiles/tap_test.dir/home/crash/.pico-sdk/sdk/2.1.0/lib/tinyusb/src/tusb.c.o
                0x10006d9c                tu_edpt_stream_deinit
 .text.tu_edpt_stream_write_zlp_if_needed
                0x10006da0       0x68 CMakeFiles/tap_test.dir/home/crash/.pico-sdk/sdk/2.1.0/lib/tinyusb/src/tusb.c.o
                0x10006da0                tu_edpt_stream_write_zlp_if_needed
 .text.tu_edpt_stream_write_xfer
                0x10006e08       0x64 CMakeFiles/tap_test.dir/home/crash/.pico-sdk/sdk/2.1.0/lib/tinyusb/src/tusb.c.o
                0x10006e08                tu_edpt_stream_write_xfer
 .text.tu_edpt_stream_read_xfer
                0x10006e6c       0xdc CMakeFiles/tap_test.dir/home/crash/.pico-sdk/sdk/2.1.0/lib/tinyusb/src/tusb.c.o
                0x10006e6c                tu_edpt_stream_read_xfer
 .text.tu_fifo_config
                0x10006f48       0x6c CMakeFiles/tap_test.dir/home/crash/.pico-sdk/sdk/2.1.0/lib/tinyusb/src/common/tusb_fifo.c.o
                0x10006f48                tu_fifo_config
 .text.tu_fifo_count
                0x10006fb4       0x2c CMakeFiles/tap_test.dir/home/crash/.pico-sdk/sdk/2.1.0/lib/tinyusb/src/common/tusb_fifo.c.o
                0x10006fb4                tu_fifo_count
 .text.tu_fifo_empty
                0x10006fe0       0x10 CMakeFiles/tap_test.dir/home/crash/.pico-sdk/sdk/2.1.0/lib/tinyusb/src/common/tusb_fifo.c.o
                0x10006fe0                tu_fifo_empty
 .text.tu_fifo_remaining
                0x10006ff0       0x2c CMakeFiles/tap_test.dir/home/crash/.pico-sdk/sdk/2.1.0/lib/tinyusb/src/common/tusb_fifo.c.o
                0x10006ff0                tu_fifo_remaining
 .text.tu_fifo_read
                0x1000701c       0x9c CMakeFiles/tap_test.dir/home/crash/.pico-sdk/sdk/2.1.0/lib/tinyusb/src/common/tusb_fifo.c.o
                0x1000701c                tu_fifo_read
 .text.tu_fifo_read_n
                0x100070b8       0xe8 CMakeFiles/tap_test.dir/home/crash/.pico-sdk/sdk/2.1.0/lib/tinyusb/src/common/tusb_fifo.c.o
                0x100070b8                tu_fifo_read_n
 .text.tu_fifo_write
                0x100071a0       0xa8 CMakeFiles/tap_test.dir/home/crash/.pico-sdk/sdk/2.1.0/lib/tinyusb/src/common/tusb_fifo.c.o
                0x100071a0                tu_fifo_write
 .text.tu_fifo_write_n
                0x10007248      0x178 CMakeFiles/tap_test.dir/home/crash/.pico-sdk/sdk/2.1.0/lib/tinyusb/src/common/tusb_fifo.c.o
                0x10007248                tu_fifo_write_n
 .text.tu_fifo_clear
                0x100073c0       0x40 CMakeFiles/tap_test.dir/home/crash/.pico-sdk/sdk/2.1.0/lib/tinyusb/src/common/tusb_fifo.c.o
                0x100073c0                tu_fifo_clear
 .text.tu_fifo_set_overwritable
                0x10007400       0x48 CMakeFiles/tap_test.dir/home/crash/.pico-sdk/sdk/2.1.0/lib/tinyusb/src/common/tusb_fifo.c.o
                0x10007400                tu_fifo_set_overwritable
 .text.strlen   0x10007448       0x5c /home/crash/.pico-sdk/toolchain/13_3_Rel1/bin/../lib/gcc/arm-none-eabi/13.3.1/../../../../arm-none-eabi/lib/thumb/v6-m/nofp/libg.a(libc_a-strlen-stub.o)
                0x10007448                strlen
 *(.fini)
 .fini          0x100074a4        0x4 /home/crash/.pico-sdk/toolchain/13_3_Rel1/bin/../lib/gcc/arm-none-eabi/13.3.1/thumb/v6-m/nofp/crti.o
                0x100074a4                _fini
 .fini.__stub   0x100074a8       0xc0 linker stubs
 *crtbegin.o(.ctors)
 *crtbegin?.o(.ctors)
 *(EXCLUDE_FILE(*crtend.o *crtend?.o) .ctors)
 *(SORT_BY_NAME(.ctors.*))
 *(.ctors)
 *crtbegin.o(.dtors)
 *crtbegin?.o(.dtors)
 *(EXCLUDE_FILE(*crtend.o *crtend?.o) .dtors)
 *(SORT_BY_NAME(.dtors.*))
 *(.dtors)
                0x10007568                        . = ALIGN (0x4)
                0x10007568                        PROVIDE (__preinit_array_start = .)
 *(SORT_BY_NAME(.preinit_array.*))
 .preinit_array.00100
                0x10007568        0x4 CMakeFiles/tap_test.dir/home/crash/.pico-sdk/sdk/2.1.0/src/rp2_common/pico_runtime_init/runtime_init.c.o
                0x10007568                __pre_init_runtime_init_early_resets
 .preinit_array.00101
                0x1000756c        0x4 CMakeFiles/tap_test.dir/home/crash/.pico-sdk/sdk/2.1.0/src/rp2_common/pico_runtime_init/runtime_init.c.o
                0x1000756c                __pre_init_runtime_init_usb_power_down
 .preinit_array.00275
                0x10007570        0x4 CMakeFiles/tap_test.dir/home/crash/.pico-sdk/sdk/2.1.0/src/rp2_common/pico_bit_ops/bit_ops_aeabi.S.o
 .preinit_array.00300
                0x10007574        0x4 CMakeFiles/tap_test.dir/home/crash/.pico-sdk/sdk/2.1.0/src/rp2_common/pico_mem_ops/mem_ops_aeabi.S.o
 .preinit_array.00350
                0x10007578        0x4 CMakeFiles/tap_test.dir/home/crash/.pico-sdk/sdk/2.1.0/src/rp2_common/pico_double/double_aeabi_rp2040.S.o
 .preinit_array.00350
                0x1000757c        0x4 CMakeFiles/tap_test.dir/home/crash/.pico-sdk/sdk/2.1.0/src/rp2_common/pico_float/float_aeabi_rp2040.S.o
 .preinit_array.00500
                0x10007580        0x4 CMakeFiles/tap_test.dir/home/crash/.pico-sdk/sdk/2.1.0/src/rp2_common/pico_runtime_init/runtime_init.c.o
                0x10007580                __pre_init_runtime_init_clocks
 .preinit_array.00600
                0x10007584        0x4 CMakeFiles/tap_test.dir/home/crash/.pico-sdk/sdk/2.1.0/src/rp2_common/pico_runtime_init/runtime_init.c.o
                0x10007584                __pre_init_runtime_init_post_clock_resets
 .preinit_array.00700
                0x10007588        0x4 CMakeFiles/tap_test.dir/home/crash/.pico-sdk/sdk/2.1.0/src/rp2_common/pico_runtime_init/runtime_init.c.o
                0x10007588                __pre_init_runtime_init_rp2040_gpio_ie_disable
 .preinit_array.01000
                0x1000758c        0x4 CMakeFiles/tap_test.dir/home/crash/.pico-sdk/sdk/2.1.0/src/rp2_common/pico_runtime_init/runtime_init.c.o
                0x1000758c                __pre_init_runtime_init_spin_locks_reset
 .preinit_array.01100
                0x10007590        0x4 CMakeFiles/tap_test.dir/home/crash/.pico-sdk/sdk/2.1.0/src/common/pico_sync/mutex.c.o
                0x10007590                __pre_init_runtime_init_mutex
 .preinit_array.10080
                0x10007594        0x4 CMakeFiles/tap_test.dir/home/crash/.pico-sdk/sdk/2.1.0/src/rp2_common/pico_runtime_init/runtime_init.c.o
                0x10007594                __pre_init_runtime_init_install_ram_vector_table
 .preinit_array.11000
                0x10007598        0x4 CMakeFiles/tap_test.dir/home/crash/.pico-sdk/sdk/2.1.0/src/common/pico_time/time.c.o
                0x10007598                __pre_init_runtime_init_default_alarm_pool
 .preinit_array.YYYYY
                0x1000759c        0x4 CMakeFiles/tap_test.dir/home/crash/.pico-sdk/sdk/2.1.0/src/rp2_common/pico_runtime/runtime.c.o
                0x1000759c                __pre_init_first_per_core_initializer
 .preinit_array.ZZZZZ.01200
                0x100075a0        0x4 CMakeFiles/tap_test.dir/home/crash/.pico-sdk/sdk/2.1.0/src/rp2_common/hardware_irq/irq.c.o
                0x100075a0                __pre_init_runtime_init_per_core_irq_priorities
 *(.preinit_array)
                0x100075a4                        PROVIDE (__preinit_array_end = .)
                0x100075a4                        . = ALIGN (0x4)
                0x100075a4                        PROVIDE (__init_array_start = .)
 *(SORT_BY_NAME(.init_array.*))
 *(.init_array)
 .init_array    0x100075a4        0x4 /home/crash/.pico-sdk/toolchain/13_3_Rel1/bin/../lib/gcc/arm-none-eabi/13.3.1/thumb/v6-m/nofp/crtbegin.o
 .init_array    0x100075a8        0x4 CMakeFiles/tap_test.dir/example.cpp.o
 .init_array    0x100075ac        0x4 CMakeFiles/tap_test.dir/home/crash/.pico-sdk/sdk/2.1.0/src/rp2_common/pico_unique_id/unique_id.c.o
                0x100075b0                        PROVIDE (__init_array_end = .)
                0x100075b0                        . = ALIGN (0x4)
                [!provide]                        PROVIDE (__fini_array_start = .)
 *(SORT_BY_NAME(.fini_array.*))
 *(.fini_array)
                [!provide]                        PROVIDE (__fini_array_end = .)
 *(.eh_frame*)
 .eh_frame      0x100075b0        0x0 /home/crash/.pico-sdk/toolchain/13_3_Rel1/bin/../lib/gcc/arm-none-eabi/13.3.1/thumb/v6-m/nofp/crtbegin.o
                0x100075b0                        . = ALIGN (0x4)

.glue_7         0x100075b0        0x0
 .glue_7        0x100075b0        0x0 linker stubs

.glue_7t        0x100075b0        0x0
 .glue_7t       0x100075b0        0x0 linker stubs

.vfp11_veneer   0x100075b0        0x0
 .vfp11_veneer  0x100075b0        0x0 linker stubs

.v4_bx          0x100075b0        0x0
 .v4_bx         0x100075b0        0x0 linker stubs

.iplt           0x100075b0        0x0
 .iplt          0x100075b0        0x0 /home/crash/.pico-sdk/toolchain/13_3_Rel1/bin/../lib/gcc/arm-none-eabi/13.3.1/thumb/v6-m/nofp/crtbegin.o

.rodata         0x100075b0      0x728
 *(EXCLUDE_FILE(*libm.a: *libc.a:*lib_a-mem*.o *libgcc.a:) .rodata*)
 .rodata._Z6tap_rxv.part.0.str1.4
                0x100075b0      0x248 CMakeFiles/tap_test.dir/example.cpp.o
                                 0x86 (size before relaxing)
 .rodata        0x100077f8       0x20 CMakeFiles/tap_test.dir/example.cpp.o
 .rodata._ZN3TAP12tapSendTelemERKNS_13TAP_TELEMETRYE.str1.4
                0x10007818        0xa CMakeFiles/tap_test.dir/src/TAP.cpp.o
 .rodata._ZN3TAP11deserializeEPhhS0_S0_S0_.str1.4
                0x10007818       0x19 CMakeFiles/tap_test.dir/src/TAP.cpp.o
 .rodata.panic.str1.4
                0x10007818       0x12 CMakeFiles/tap_test.dir/home/crash/.pico-sdk/sdk/2.1.0/src/rp2_common/pico_platform_panic/panic.c.o
 .rodata.spin_lock_claim_unused.str1.4
                0x10007818       0x1b CMakeFiles/tap_test.dir/home/crash/.pico-sdk/sdk/2.1.0/src/rp2_common/hardware_sync/sync.c.o
 .rodata.user_irq_claim_unused.str1.4
                0x10007818       0x1b CMakeFiles/tap_test.dir/home/crash/.pico-sdk/sdk/2.1.0/src/rp2_common/hardware_irq/irq.c.o
 .rodata.timer_hardware_alarm_claim.str1.4
                0x10007818       0x22 CMakeFiles/tap_test.dir/home/crash/.pico-sdk/sdk/2.1.0/src/rp2_common/hardware_timer/timer.c.o
 .rodata.hard_assertion_failure.str1.4
                0x10007818        0xc CMakeFiles/tap_test.dir/home/crash/.pico-sdk/sdk/2.1.0/src/rp2_common/pico_runtime/runtime.c.o
 .rodata.str1.4
                0x10007818       0x40 CMakeFiles/tap_test.dir/home/crash/.pico-sdk/sdk/2.1.0/src/rp2_common/pico_standard_binary_info/standard_binary_info.c.o
 .rodata.__bi_84
                0x10007818        0xc CMakeFiles/tap_test.dir/home/crash/.pico-sdk/sdk/2.1.0/src/rp2_common/pico_standard_binary_info/standard_binary_info.c.o
 .rodata.__bi_78
                0x10007824        0xc CMakeFiles/tap_test.dir/home/crash/.pico-sdk/sdk/2.1.0/src/rp2_common/pico_standard_binary_info/standard_binary_info.c.o
 .rodata.__bi_54
                0x10007830        0xc CMakeFiles/tap_test.dir/home/crash/.pico-sdk/sdk/2.1.0/src/rp2_common/pico_standard_binary_info/standard_binary_info.c.o
 .rodata.__bi_48
                0x1000783c        0xc CMakeFiles/tap_test.dir/home/crash/.pico-sdk/sdk/2.1.0/src/rp2_common/pico_standard_binary_info/standard_binary_info.c.o
 .rodata.__bi_42
                0x10007848        0xc CMakeFiles/tap_test.dir/home/crash/.pico-sdk/sdk/2.1.0/src/rp2_common/pico_standard_binary_info/standard_binary_info.c.o
 .rodata.__bi_34
                0x10007854        0xc CMakeFiles/tap_test.dir/home/crash/.pico-sdk/sdk/2.1.0/src/rp2_common/pico_standard_binary_info/standard_binary_info.c.o
 .rodata.__bi_26
                0x10007860        0xc CMakeFiles/tap_test.dir/home/crash/.pico-sdk/sdk/2.1.0/src/rp2_common/pico_standard_binary_info/standard_binary_info.c.o
 .rodata._ftoa.str1.4
                0x1000786c       0x15 CMakeFiles/tap_test.dir/home/crash/.pico-sdk/sdk/2.1.0/src/rp2_common/pico_printf/printf.c.o
 .rodata._vsnprintf
                0x1000786c      0x19c CMakeFiles/tap_test.dir/home/crash/.pico-sdk/sdk/2.1.0/src/rp2_common/pico_printf/printf.c.o
 .rodata.pow10.0
                0x10007a08       0x50 CMakeFiles/tap_test.dir/home/crash/.pico-sdk/sdk/2.1.0/src/rp2_common/pico_printf/printf.c.o
 .rodata.crlf_str.0
                0x10007a58        0x2 CMakeFiles/tap_test.dir/home/crash/.pico-sdk/sdk/2.1.0/src/rp2_common/pico_stdio/stdio.c.o
 .rodata.str1.4
                0x10007a5a       0x2c CMakeFiles/tap_test.dir/home/crash/.pico-sdk/sdk/2.1.0/src/rp2_common/pico_stdio_uart/stdio_uart.c.o
 *fill*         0x10007a5a        0x2 
 .rodata.__bi_45.4
                0x10007a5c        0xc CMakeFiles/tap_test.dir/home/crash/.pico-sdk/sdk/2.1.0/src/rp2_common/pico_stdio_uart/stdio_uart.c.o
 .rodata.__bi_49.5
                0x10007a68        0x8 CMakeFiles/tap_test.dir/home/crash/.pico-sdk/sdk/2.1.0/src/rp2_common/pico_stdio_uart/stdio_uart.c.o
 .rodata.__bi_50.6
                0x10007a70        0x8 CMakeFiles/tap_test.dir/home/crash/.pico-sdk/sdk/2.1.0/src/rp2_common/pico_stdio_uart/stdio_uart.c.o
 .rodata._resetd_driver
                0x10007a78       0x20 CMakeFiles/tap_test.dir/home/crash/.pico-sdk/sdk/2.1.0/src/rp2_common/pico_stdio_usb/reset_interface.c.o
 .rodata.desc_ms_os_20
                0x10007a98       0xa6 CMakeFiles/tap_test.dir/home/crash/.pico-sdk/sdk/2.1.0/src/rp2_common/pico_stdio_usb/reset_interface.c.o
 *fill*         0x10007b3e        0x2 
 .rodata.desc_bos
                0x10007b40       0x21 CMakeFiles/tap_test.dir/home/crash/.pico-sdk/sdk/2.1.0/src/rp2_common/pico_stdio_usb/reset_interface.c.o
                0x10007b40                desc_bos
 .rodata.str1.4
                0x10007b61       0x13 CMakeFiles/tap_test.dir/home/crash/.pico-sdk/sdk/2.1.0/src/rp2_common/pico_stdio_usb/stdio_usb.c.o
 *fill*         0x10007b61        0x3 
 .rodata.__bi_197.0
                0x10007b64        0xc CMakeFiles/tap_test.dir/home/crash/.pico-sdk/sdk/2.1.0/src/rp2_common/pico_stdio_usb/stdio_usb.c.o
 .rodata.str1.4
                0x10007b70       0x2a CMakeFiles/tap_test.dir/home/crash/.pico-sdk/sdk/2.1.0/src/rp2_common/pico_stdio_usb/stdio_usb_descriptors.c.o
 .rodata.usbd_desc_str
                0x10007b70       0x18 CMakeFiles/tap_test.dir/home/crash/.pico-sdk/sdk/2.1.0/src/rp2_common/pico_stdio_usb/stdio_usb_descriptors.c.o
 .rodata.usbd_desc_cfg
                0x10007b88       0x54 CMakeFiles/tap_test.dir/home/crash/.pico-sdk/sdk/2.1.0/src/rp2_common/pico_stdio_usb/stdio_usb_descriptors.c.o
 .rodata.usbd_desc_device
                0x10007bdc       0x12 CMakeFiles/tap_test.dir/home/crash/.pico-sdk/sdk/2.1.0/src/rp2_common/pico_stdio_usb/stdio_usb_descriptors.c.o
 .rodata.str1.4
                0x10007bee       0x14 CMakeFiles/tap_test.dir/home/crash/.pico-sdk/sdk/2.1.0/lib/tinyusb/src/portable/raspberrypi/rp2040/dcd_rp2040.c.o
 .rodata.str1.4
                0x10007bee       0x48 CMakeFiles/tap_test.dir/home/crash/.pico-sdk/sdk/2.1.0/lib/tinyusb/src/portable/raspberrypi/rp2040/rp2040_usb.c.o
 *fill*         0x10007bee        0x2 
 .rodata.tud_task_ext
                0x10007bf0       0x8c CMakeFiles/tap_test.dir/home/crash/.pico-sdk/sdk/2.1.0/lib/tinyusb/src/device/usbd.c.o
 .rodata        0x10007c7c       0x1c CMakeFiles/tap_test.dir/home/crash/.pico-sdk/sdk/2.1.0/lib/tinyusb/src/device/usbd.c.o
 .rodata._usbd_driver
                0x10007c98       0x40 CMakeFiles/tap_test.dir/home/crash/.pico-sdk/sdk/2.1.0/lib/tinyusb/src/device/usbd.c.o
                0x10007cd8                        . = ALIGN (0x4)
 *(SORT_BY_ALIGNMENT(SORT_BY_NAME(.flashdata*)))
                0x10007cd8                        . = ALIGN (0x4)

.ARM.extab
 *(.ARM.extab* .gnu.linkonce.armextab.*)
                0x10007cd8                        __exidx_start = .

.ARM.exidx
 *(.ARM.exidx* .gnu.linkonce.armexidx.*)
                0x10007cd8                        __exidx_end = .
                0x10007cd8                        . = ALIGN (0x4)
                0x10007cd8                        __binary_info_start = .

.binary_info    0x10007cd8       0x2c
 *(.binary_info.keep.*)
 .binary_info.keep.__bi_ptr84
                0x10007cd8        0x4 CMakeFiles/tap_test.dir/home/crash/.pico-sdk/sdk/2.1.0/src/rp2_common/pico_standard_binary_info/standard_binary_info.c.o
 .binary_info.keep.__bi_ptr78
                0x10007cdc        0x4 CMakeFiles/tap_test.dir/home/crash/.pico-sdk/sdk/2.1.0/src/rp2_common/pico_standard_binary_info/standard_binary_info.c.o
 .binary_info.keep.__bi_ptr54
                0x10007ce0        0x4 CMakeFiles/tap_test.dir/home/crash/.pico-sdk/sdk/2.1.0/src/rp2_common/pico_standard_binary_info/standard_binary_info.c.o
 .binary_info.keep.__bi_ptr48
                0x10007ce4        0x4 CMakeFiles/tap_test.dir/home/crash/.pico-sdk/sdk/2.1.0/src/rp2_common/pico_standard_binary_info/standard_binary_info.c.o
 .binary_info.keep.__bi_ptr42
                0x10007ce8        0x4 CMakeFiles/tap_test.dir/home/crash/.pico-sdk/sdk/2.1.0/src/rp2_common/pico_standard_binary_info/standard_binary_info.c.o
 .binary_info.keep.__bi_ptr34
                0x10007cec        0x4 CMakeFiles/tap_test.dir/home/crash/.pico-sdk/sdk/2.1.0/src/rp2_common/pico_standard_binary_info/standard_binary_info.c.o
 .binary_info.keep.__bi_ptr26
                0x10007cf0        0x4 CMakeFiles/tap_test.dir/home/crash/.pico-sdk/sdk/2.1.0/src/rp2_common/pico_standard_binary_info/standard_binary_info.c.o
 *(.binary_info.*)
 .binary_info.__bi_ptr50
                0x10007cf4        0x4 CMakeFiles/tap_test.dir/home/crash/.pico-sdk/sdk/2.1.0/src/rp2_common/pico_stdio_uart/stdio_uart.c.o
 .binary_info.__bi_ptr49
                0x10007cf8        0x4 CMakeFiles/tap_test.dir/home/crash/.pico-sdk/sdk/2.1.0/src/rp2_common/pico_stdio_uart/stdio_uart.c.o
 .binary_info.__bi_ptr45
                0x10007cfc        0x4 CMakeFiles/tap_test.dir/home/crash/.pico-sdk/sdk/2.1.0/src/rp2_common/pico_stdio_uart/stdio_uart.c.o
 .binary_info.__bi_ptr197
                0x10007d00        0x4 CMakeFiles/tap_test.dir/home/crash/.pico-sdk/sdk/2.1.0/src/rp2_common/pico_stdio_usb/stdio_usb.c.o
                0x10007d04                        __binary_info_end = .

.rel.dyn        0x10007d04        0x0
 .rel.iplt      0x10007d04        0x0 /home/crash/.pico-sdk/toolchain/13_3_Rel1/bin/../lib/gcc/arm-none-eabi/13.3.1/thumb/v6-m/nofp/crtbegin.o
                0x10007d04                        . = ALIGN (0x4)

.ram_vector_table
                0x20000000       0xc0
 *(.ram_vector_table)
 .ram_vector_table
                0x20000000       0xc0 CMakeFiles/tap_test.dir/home/crash/.pico-sdk/sdk/2.1.0/src/rp2_common/pico_runtime_init/runtime_init.c.o
                0x20000000                ram_vector_table

.uninitialized_data
                0x200000c0        0x0
                0x200000c0                        . = ALIGN (0x4)
 *(.uninitialized_data*)

.data           0x200000c0      0xfb8 load address 0x10007d04
                0x200000c0                        __data_start__ = .
 *(vtable)
 *(.time_critical*)
 .time_critical.mutex_try_enter
                0x200000c0       0x40 CMakeFiles/tap_test.dir/home/crash/.pico-sdk/sdk/2.1.0/src/common/pico_sync/mutex.c.o
                0x200000c0                mutex_try_enter
 .time_critical.mutex_try_enter_block_until
                0x20000100       0x9c CMakeFiles/tap_test.dir/home/crash/.pico-sdk/sdk/2.1.0/src/common/pico_sync/mutex.c.o
                0x20000100                mutex_try_enter_block_until
 .time_critical.mutex_enter_timeout_ms
                0x2000019c       0x90 CMakeFiles/tap_test.dir/home/crash/.pico-sdk/sdk/2.1.0/src/common/pico_sync/mutex.c.o
                0x2000019c                mutex_enter_timeout_ms
 .time_critical.mutex_exit
                0x2000022c       0x28 CMakeFiles/tap_test.dir/home/crash/.pico-sdk/sdk/2.1.0/src/common/pico_sync/mutex.c.o
                0x2000022c                mutex_exit
 .time_critical.flash_init_boot2_copyout
                0x20000254       0x30 CMakeFiles/tap_test.dir/home/crash/.pico-sdk/sdk/2.1.0/src/rp2_common/hardware_flash/flash.c.o
 .time_critical.flash_enable_xip_via_boot2
                0x20000284        0xc CMakeFiles/tap_test.dir/home/crash/.pico-sdk/sdk/2.1.0/src/rp2_common/hardware_flash/flash.c.o
 .time_critical.flash_cs_force
                0x20000290       0x38 CMakeFiles/tap_test.dir/home/crash/.pico-sdk/sdk/2.1.0/src/rp2_common/hardware_flash/flash.c.o
 .time_critical.flash_do_cmd
                0x200002c8       0xc0 CMakeFiles/tap_test.dir/home/crash/.pico-sdk/sdk/2.1.0/src/rp2_common/hardware_flash/flash.c.o
                0x200002c8                flash_do_cmd
 .time_critical.reset_non_control_endpoints
                0x20000388       0x68 CMakeFiles/tap_test.dir/home/crash/.pico-sdk/sdk/2.1.0/lib/tinyusb/src/portable/raspberrypi/rp2040/dcd_rp2040.c.o
 .time_critical.hw_handle_buff_status
                0x200003f0       0xb0 CMakeFiles/tap_test.dir/home/crash/.pico-sdk/sdk/2.1.0/lib/tinyusb/src/portable/raspberrypi/rp2040/dcd_rp2040.c.o
 .time_critical.dcd_rp2040_irq
                0x200004a0      0x578 CMakeFiles/tap_test.dir/home/crash/.pico-sdk/sdk/2.1.0/lib/tinyusb/src/portable/raspberrypi/rp2040/dcd_rp2040.c.o
 .time_critical.prepare_ep_buffer
                0x20000a18       0xe0 CMakeFiles/tap_test.dir/home/crash/.pico-sdk/sdk/2.1.0/lib/tinyusb/src/portable/raspberrypi/rp2040/rp2040_usb.c.o
 .time_critical.sync_ep_buffer
                0x20000af8       0xa8 CMakeFiles/tap_test.dir/home/crash/.pico-sdk/sdk/2.1.0/lib/tinyusb/src/portable/raspberrypi/rp2040/rp2040_usb.c.o
 .time_critical._hw_endpoint_xfer_sync
                0x20000ba0       0x28 CMakeFiles/tap_test.dir/home/crash/.pico-sdk/sdk/2.1.0/lib/tinyusb/src/portable/raspberrypi/rp2040/rp2040_usb.c.o
 .time_critical.e15_is_bulkin_ep
                0x20000bc8       0x28 CMakeFiles/tap_test.dir/home/crash/.pico-sdk/sdk/2.1.0/lib/tinyusb/src/portable/raspberrypi/rp2040/rp2040_usb.c.o
 .time_critical.e15_is_critical_frame_period
                0x20000bf0       0x34 CMakeFiles/tap_test.dir/home/crash/.pico-sdk/sdk/2.1.0/lib/tinyusb/src/portable/raspberrypi/rp2040/rp2040_usb.c.o
 .time_critical.hw_endpoint_reset_transfer
                0x20000c24        0xc CMakeFiles/tap_test.dir/home/crash/.pico-sdk/sdk/2.1.0/lib/tinyusb/src/portable/raspberrypi/rp2040/rp2040_usb.c.o
                0x20000c24                hw_endpoint_reset_transfer
 .time_critical._hw_endpoint_buffer_control_update32
                0x20000c30       0x50 CMakeFiles/tap_test.dir/home/crash/.pico-sdk/sdk/2.1.0/lib/tinyusb/src/portable/raspberrypi/rp2040/rp2040_usb.c.o
                0x20000c30                _hw_endpoint_buffer_control_update32
 .time_critical.hw_endpoint_start_next_buffer
                0x20000c80       0x6c CMakeFiles/tap_test.dir/home/crash/.pico-sdk/sdk/2.1.0/lib/tinyusb/src/portable/raspberrypi/rp2040/rp2040_usb.c.o
                0x20000c80                hw_endpoint_start_next_buffer
 .time_critical.hw_endpoint_xfer_continue
                0x20000cec       0x40 CMakeFiles/tap_test.dir/home/crash/.pico-sdk/sdk/2.1.0/lib/tinyusb/src/portable/raspberrypi/rp2040/rp2040_usb.c.o
                0x20000cec                hw_endpoint_xfer_continue
 .time_critical.tinyusb
                0x20000d2c      0x1e4 CMakeFiles/tap_test.dir/home/crash/.pico-sdk/sdk/2.1.0/lib/tinyusb/src/device/usbd.c.o
                0x20000d2c                dcd_event_handler
 *(.text*)
 .text          0x20000f10        0x4 /home/crash/.pico-sdk/toolchain/13_3_Rel1/bin/../lib/gcc/arm-none-eabi/13.3.1/thumb/v6-m/nofp/libgcc.a(_dvmd_tls.o)
                0x20000f10                __aeabi_ldiv0
                0x20000f10                __aeabi_idiv0
 *fill*         0x20000f14        0x4 
 .text.__stub   0x20000f18       0x80 linker stubs
                0x20000f98                        . = ALIGN (0x4)
 *(.rodata*)
                0x20000f98                        . = ALIGN (0x4)
 *(.data*)
 .data.striped_spin_lock_num
                0x20000f98        0x1 CMakeFiles/tap_test.dir/home/crash/.pico-sdk/sdk/2.1.0/src/rp2_common/hardware_sync/sync.c.o
 *fill*         0x20000f99        0x3 
 .data          0x20000f9c       0x48 CMakeFiles/tap_test.dir/home/crash/.pico-sdk/sdk/2.1.0/src/rp2_common/hardware_irq/irq_handler_chain.S.o
                0x20000f9c                irq_handler_chain_slots
                0x20000fcc                irq_handler_chain_first_slot
                0x20000fd6                irq_handler_chain_remove_tail
 .data.default_alarm_pool
                0x20000fe4       0x18 CMakeFiles/tap_test.dir/home/crash/.pico-sdk/sdk/2.1.0/src/common/pico_time/time.c.o
 *fill*         0x20000ffc        0x4 
 .data.aeabi_bits_funcs
                0x20001000       0x10 CMakeFiles/tap_test.dir/home/crash/.pico-sdk/sdk/2.1.0/src/rp2_common/pico_bit_ops/bit_ops_aeabi.S.o
                0x20001000                aeabi_bits_funcs
                0x20001010                aeabi_bits_funcs_end
 .data.aeabi_mem_funcs
                0x20001010       0x10 CMakeFiles/tap_test.dir/home/crash/.pico-sdk/sdk/2.1.0/src/rp2_common/pico_mem_ops/mem_ops_aeabi.S.o
                0x20001010                aeabi_mem_funcs
                0x20001020                aeabi_mem_funcs_end
 .data.stdio_uart
                0x20001020       0x18 CMakeFiles/tap_test.dir/home/crash/.pico-sdk/sdk/2.1.0/src/rp2_common/pico_stdio_uart/stdio_uart.c.o
                0x20001020                stdio_uart
 .data.stdio_usb
                0x20001038       0x18 CMakeFiles/tap_test.dir/home/crash/.pico-sdk/sdk/2.1.0/src/rp2_common/pico_stdio_usb/stdio_usb.c.o
                0x20001038                stdio_usb
 .data._usbd_qdef
                0x20001050       0x1c CMakeFiles/tap_test.dir/home/crash/.pico-sdk/sdk/2.1.0/lib/tinyusb/src/device/usbd.c.o
                0x20001050                _usbd_qdef
 .data._usbd_rhport
                0x2000106c        0x1 CMakeFiles/tap_test.dir/home/crash/.pico-sdk/sdk/2.1.0/lib/tinyusb/src/device/usbd.c.o
                0x20001070                        . = ALIGN (0x4)
 *fill*         0x2000106d        0x3 
 *(.after_data.*)
                0x20001070                        . = ALIGN (0x4)
                0x20001070                        PROVIDE (__mutex_array_start = .)
 *(SORT_BY_NAME(.mutex_array.*))
 *(.mutex_array)
 .mutex_array   0x20001070        0x8 CMakeFiles/tap_test.dir/home/crash/.pico-sdk/sdk/2.1.0/src/rp2_common/pico_stdio/stdio.c.o
                0x20001078                        PROVIDE (__mutex_array_end = .)
                0x20001078                        . = ALIGN (0x4)
 *(.jcr)
                0x20001078                        . = ALIGN (0x4)

.tm_clone_table
                0x20001078        0x0 load address 0x10008cbc
 .tm_clone_table
                0x20001078        0x0 /home/crash/.pico-sdk/toolchain/13_3_Rel1/bin/../lib/gcc/arm-none-eabi/13.3.1/thumb/v6-m/nofp/crtbegin.o
 .tm_clone_table
                0x20001078        0x0 /home/crash/.pico-sdk/toolchain/13_3_Rel1/bin/../lib/gcc/arm-none-eabi/13.3.1/thumb/v6-m/nofp/crtend.o

.igot.plt       0x20001078        0x0 load address 0x10008cbc
 .igot.plt      0x20001078        0x0 /home/crash/.pico-sdk/toolchain/13_3_Rel1/bin/../lib/gcc/arm-none-eabi/13.3.1/thumb/v6-m/nofp/crtbegin.o

.tdata          0x20001078        0x0 load address 0x10008cbc
                0x20001078                        . = ALIGN (0x4)
 *(.tdata .tdata.* .gnu.linkonce.td.*)
                0x20001078                        __tdata_end = .
                0x20001078                        PROVIDE (__data_end__ = .)
                0x10007d04                        __etext = LOADADDR (.data)

.tbss           0x20001078        0x0 load address 0x10008cbc
                0x20001078                        . = ALIGN (0x4)
                0x20001078                        __bss_start__ = .
                0x20001078                        __tls_base = .
 *(.tbss .tbss.* .gnu.linkonce.tb.*)
 *(.tcommon)
                0x20001078                        __tls_end = .

.bss            0x20001078     0x10ac load address 0x10008cbc
                0x20001078                        . = ALIGN (0x4)
                0x20001078                        __tbss_end = .
 *(SORT_BY_ALIGNMENT(SORT_BY_NAME(.bss*)))
 .bss.default_alarm_pool_entries
                0x20001078      0x180 CMakeFiles/tap_test.dir/home/crash/.pico-sdk/sdk/2.1.0/src/common/pico_time/time.c.o
 .bss.last_avail_time.1
                0x200011f8        0x8 CMakeFiles/tap_test.dir/home/crash/.pico-sdk/sdk/2.1.0/src/rp2_common/pico_stdio_usb/stdio_usb.c.o
 .bss.sd_table  0x20001200      0x100 CMakeFiles/tap_test.dir/home/crash/.pico-sdk/sdk/2.1.0/src/rp2_common/pico_double/double_init_rom_rp2040.c.o
                0x20001200                sd_table
 .bss.sf_table  0x20001300      0x100 CMakeFiles/tap_test.dir/home/crash/.pico-sdk/sdk/2.1.0/src/rp2_common/pico_float/float_init_rom_rp2040.c.o
                0x20001300                sf_table
 .bss._app_driver
                0x20001400        0x4 CMakeFiles/tap_test.dir/home/crash/.pico-sdk/sdk/2.1.0/lib/tinyusb/src/device/usbd.c.o
 .bss._cdcd_fifo_cfg
                0x20001404        0x1 CMakeFiles/tap_test.dir/home/crash/.pico-sdk/sdk/2.1.0/lib/tinyusb/src/class/cdc/cdc_device.c.o
 *fill*         0x20001405        0x3 
 .bss._cdcd_itf
                0x20001408      0x2c8 CMakeFiles/tap_test.dir/home/crash/.pico-sdk/sdk/2.1.0/lib/tinyusb/src/class/cdc/cdc_device.c.o
 .bss._ctrl_xfer
                0x200016d0       0x14 CMakeFiles/tap_test.dir/home/crash/.pico-sdk/sdk/2.1.0/lib/tinyusb/src/device/usbd_control.c.o
 .bss._ubsd_mutexdef
                0x200016e4        0x8 CMakeFiles/tap_test.dir/home/crash/.pico-sdk/sdk/2.1.0/lib/tinyusb/src/device/usbd.c.o
 .bss._usbd_ctrl_buf
                0x200016ec       0x40 CMakeFiles/tap_test.dir/home/crash/.pico-sdk/sdk/2.1.0/lib/tinyusb/src/device/usbd_control.c.o
 .bss._usbd_dev
                0x2000172c       0x54 CMakeFiles/tap_test.dir/home/crash/.pico-sdk/sdk/2.1.0/lib/tinyusb/src/device/usbd.c.o
 .bss._usbd_mutex
                0x20001780        0x4 CMakeFiles/tap_test.dir/home/crash/.pico-sdk/sdk/2.1.0/lib/tinyusb/src/device/usbd.c.o
 .bss._usbd_q   0x20001784        0x4 CMakeFiles/tap_test.dir/home/crash/.pico-sdk/sdk/2.1.0/lib/tinyusb/src/device/usbd.c.o
 .bss._usbd_qdef_buf
                0x20001788       0xc0 CMakeFiles/tap_test.dir/home/crash/.pico-sdk/sdk/2.1.0/lib/tinyusb/src/device/usbd.c.o
                0x20001788                _usbd_qdef_buf
 .bss._vendord_itf
                0x20001848      0x2cc CMakeFiles/tap_test.dir/home/crash/.pico-sdk/sdk/2.1.0/lib/tinyusb/src/class/vendor/vendor_device.c.o
 .bss.boot2_copyout
                0x20001b14      0x100 CMakeFiles/tap_test.dir/home/crash/.pico-sdk/sdk/2.1.0/src/rp2_common/hardware_flash/flash.c.o
 .bss.chars_available_callback
                0x20001c14        0x4 CMakeFiles/tap_test.dir/home/crash/.pico-sdk/sdk/2.1.0/src/rp2_common/pico_stdio_uart/stdio_uart.c.o
 .bss.chars_available_callback
                0x20001c18        0x4 CMakeFiles/tap_test.dir/home/crash/.pico-sdk/sdk/2.1.0/src/rp2_common/pico_stdio_usb/stdio_usb.c.o
 .bss.chars_available_param
                0x20001c1c        0x4 CMakeFiles/tap_test.dir/home/crash/.pico-sdk/sdk/2.1.0/src/rp2_common/pico_stdio_uart/stdio_uart.c.o
 .bss.chars_available_param
                0x20001c20        0x4 CMakeFiles/tap_test.dir/home/crash/.pico-sdk/sdk/2.1.0/src/rp2_common/pico_stdio_usb/stdio_usb.c.o
 .bss.claimed   0x20001c24        0x4 CMakeFiles/tap_test.dir/home/crash/.pico-sdk/sdk/2.1.0/src/rp2_common/hardware_sync/sync.c.o
 .bss.claimed   0x20001c28        0x1 CMakeFiles/tap_test.dir/home/crash/.pico-sdk/sdk/2.1.0/src/rp2_common/hardware_timer/timer.c.o
 *fill*         0x20001c29        0x3 
 .bss.configured_freq
                0x20001c2c       0x28 CMakeFiles/tap_test.dir/home/crash/.pico-sdk/sdk/2.1.0/src/rp2_common/hardware_clocks/clocks.c.o
 .bss.desc_str.0
                0x20001c54       0x28 CMakeFiles/tap_test.dir/home/crash/.pico-sdk/sdk/2.1.0/src/rp2_common/pico_stdio_usb/stdio_usb_descriptors.c.o
 .bss.drivers   0x20001c7c        0x4 CMakeFiles/tap_test.dir/home/crash/.pico-sdk/sdk/2.1.0/src/rp2_common/pico_stdio/stdio.c.o
 .bss.e15_last_sof
                0x20001c80        0x4 CMakeFiles/tap_test.dir/home/crash/.pico-sdk/sdk/2.1.0/lib/tinyusb/src/portable/raspberrypi/rp2040/rp2040_usb.c.o
                0x20001c80                e15_last_sof
 .bss.filter    0x20001c84        0x4 CMakeFiles/tap_test.dir/home/crash/.pico-sdk/sdk/2.1.0/src/rp2_common/pico_stdio/stdio.c.o
 .bss.hw_endpoints
                0x20001c88      0x400 CMakeFiles/tap_test.dir/home/crash/.pico-sdk/sdk/2.1.0/lib/tinyusb/src/portable/raspberrypi/rp2040/dcd_rp2040.c.o
 .bss.lazy_vsnprintf
                0x20002088        0x4 CMakeFiles/tap_test.dir/home/crash/.pico-sdk/sdk/2.1.0/src/rp2_common/pico_printf/printf.c.o
 .bss.load_value
                0x2000208c        0x4 CMakeFiles/tap_test.dir/home/crash/.pico-sdk/sdk/2.1.0/src/rp2_common/hardware_watchdog/watchdog.c.o
 .bss.ms_last_change
                0x20002090        0x4 CMakeFiles/tap_test.dir/example.cpp.o
                0x20002090                ms_last_change
 .bss.ms_last_rx
                0x20002094        0x4 CMakeFiles/tap_test.dir/example.cpp.o
                0x20002094                ms_last_rx
 .bss.ms_last_tap
                0x20002098        0x4 CMakeFiles/tap_test.dir/example.cpp.o
                0x20002098                ms_last_tap
 .bss.next_buffer_ptr
                0x2000209c        0x4 CMakeFiles/tap_test.dir/home/crash/.pico-sdk/sdk/2.1.0/lib/tinyusb/src/portable/raspberrypi/rp2040/dcd_rp2040.c.o
 .bss.object.0  0x200020a0       0x18 /home/crash/.pico-sdk/toolchain/13_3_Rel1/bin/../lib/gcc/arm-none-eabi/13.3.1/thumb/v6-m/nofp/crtbegin.o
 .bss.one_shot_timer_crit_sec
                0x200020b8        0x8 CMakeFiles/tap_test.dir/home/crash/.pico-sdk/sdk/2.1.0/src/rp2_common/pico_stdio_usb/stdio_usb.c.o
 .bss.pools     0x200020c0       0x10 CMakeFiles/tap_test.dir/home/crash/.pico-sdk/sdk/2.1.0/src/common/pico_time/time.c.o
 .bss.retrieved_id
                0x200020d0        0x8 CMakeFiles/tap_test.dir/home/crash/.pico-sdk/sdk/2.1.0/src/rp2_common/pico_unique_id/unique_id.c.o
 .bss.sf_clz_func
                0x200020d8        0x4 CMakeFiles/tap_test.dir/home/crash/.pico-sdk/sdk/2.1.0/src/rp2_common/pico_double/double_init_rom_rp2040.c.o
                0x200020d8                sf_clz_func
 .bss.sleep_notifier
                0x200020dc        0x4 CMakeFiles/tap_test.dir/home/crash/.pico-sdk/sdk/2.1.0/src/common/pico_time/time.c.o
 .bss.stdio_usb_mutex
                0x200020e0        0x8 CMakeFiles/tap_test.dir/home/crash/.pico-sdk/sdk/2.1.0/src/rp2_common/pico_stdio_usb/stdio_usb.c.o
 .bss.tap       0x200020e8       0x18 CMakeFiles/tap_test.dir/example.cpp.o
                0x200020e8                tap
 .bss.uart_char_to_line_feed
                0x20002100        0x4 CMakeFiles/tap_test.dir/home/crash/.pico-sdk/sdk/2.1.0/src/rp2_common/hardware_uart/uart.c.o
                0x20002100                uart_char_to_line_feed
 .bss.uart_instance
                0x20002104        0x4 CMakeFiles/tap_test.dir/home/crash/.pico-sdk/sdk/2.1.0/src/rp2_common/pico_stdio_uart/stdio_uart.c.o
 .bss.usbd_serial_str
                0x20002108       0x11 CMakeFiles/tap_test.dir/home/crash/.pico-sdk/sdk/2.1.0/src/rp2_common/pico_stdio_usb/stdio_usb_descriptors.c.o
 .bss._app_driver_count
                0x20002119        0x1 CMakeFiles/tap_test.dir/home/crash/.pico-sdk/sdk/2.1.0/lib/tinyusb/src/device/usbd.c.o
 .bss._sof_enable
                0x2000211a        0x1 CMakeFiles/tap_test.dir/home/crash/.pico-sdk/sdk/2.1.0/lib/tinyusb/src/portable/raspberrypi/rp2040/dcd_rp2040.c.o
 .bss._usbd_queued_setup
                0x2000211b        0x1 CMakeFiles/tap_test.dir/home/crash/.pico-sdk/sdk/2.1.0/lib/tinyusb/src/device/usbd.c.o
 .bss.boot2_copyout_valid
                0x2000211c        0x1 CMakeFiles/tap_test.dir/home/crash/.pico-sdk/sdk/2.1.0/src/rp2_common/hardware_flash/flash.c.o
 .bss.irq_handler_chain_free_slot_head
                0x2000211d        0x1 CMakeFiles/tap_test.dir/home/crash/.pico-sdk/sdk/2.1.0/src/rp2_common/hardware_irq/irq.c.o
 .bss.itf_num   0x2000211e        0x1 CMakeFiles/tap_test.dir/home/crash/.pico-sdk/sdk/2.1.0/src/rp2_common/pico_stdio_usb/reset_interface.c.o
 .bss.low_priority_irq_num
                0x2000211f        0x1 CMakeFiles/tap_test.dir/home/crash/.pico-sdk/sdk/2.1.0/src/rp2_common/pico_stdio_usb/stdio_usb.c.o
 .bss.one_shot_timer_pending
                0x20002120        0x1 CMakeFiles/tap_test.dir/home/crash/.pico-sdk/sdk/2.1.0/src/rp2_common/pico_stdio_usb/stdio_usb.c.o
 .bss.user_irq_claimed
                0x20002121        0x1 CMakeFiles/tap_test.dir/home/crash/.pico-sdk/sdk/2.1.0/src/rp2_common/hardware_irq/irq.c.o
 *(COMMON)
                0x20002124                        . = ALIGN (0x4)
 *fill*         0x20002122        0x2 
                0x20002124                        __bss_end__ = .

.heap           0x20002124      0x800 load address 0x10008cbc
                0x20002124                        __end__ = .
                0x20002124                        end = __end__
 *(.heap*)
 .heap          0x20002124      0x800 CMakeFiles/tap_test.dir/home/crash/.pico-sdk/sdk/2.1.0/src/rp2_common/pico_crt0/crt0.S.o
                0x20040000                        __HeapLimit = (ORIGIN (RAM) + LENGTH (RAM))

.scratch_x      0x20040000        0x0 load address 0x10008cbc
                0x20040000                        __scratch_x_start__ = .
 *(.scratch_x.*)
                0x20040000                        . = ALIGN (0x4)
                0x20040000                        __scratch_x_end__ = .
                0x10008cbc                        __scratch_x_source__ = LOADADDR (.scratch_x)

.scratch_y      0x20041000        0x0 load address 0x10008cbc
                0x20041000                        __scratch_y_start__ = .
 *(.scratch_y.*)
                0x20041000                        . = ALIGN (0x4)
                0x20041000                        __scratch_y_end__ = .
                0x10008cbc                        __scratch_y_source__ = LOADADDR (.scratch_y)

.stack1_dummy
 *(.stack1*)

.stack_dummy    0x20041000      0x800
 *(.stack*)
 .stack         0x20041000      0x800 CMakeFiles/tap_test.dir/home/crash/.pico-sdk/sdk/2.1.0/src/rp2_common/pico_crt0/crt0.S.o

.flash_end      0x10008cbc        0x0
 *(.embedded_end_block*)
                0x10008cbc                        PROVIDE (__flash_binary_end = .)
                0x20040000                        __StackLimit = (ORIGIN (RAM) + LENGTH (RAM))
                0x20041000                        __StackOneTop = (ORIGIN (SCRATCH_X) + LENGTH (SCRATCH_X))
                0x20042000                        __StackTop = (ORIGIN (SCRATCH_Y) + LENGTH (SCRATCH_Y))
                0x20041000                        __StackOneBottom = (__StackOneTop - SIZEOF (.stack1_dummy))
                0x20041800                        __StackBottom = (__StackTop - SIZEOF (.stack_dummy))
                0x20042000                        PROVIDE (__stack = __StackTop)
                [!provide]                        PROVIDE (__heap_start = __end__)
                [!provide]                        PROVIDE (__heap_end = __HeapLimit)
                [!provide]                        PROVIDE (__tls_align = MAX (ALIGNOF (.tdata), ALIGNOF (.tbss)))
                [!provide]                        PROVIDE (__tls_size_align = (((__tls_size + __tls_align) - 0x1) & ~ ((__tls_align - 0x1))))
                [!provide]                        PROVIDE (__arm32_tls_tcb_offset = MAX (0x8, __tls_align))
                [!provide]                        PROVIDE (_end = __end__)
                [!provide]                        PROVIDE (__llvm_libc_heap_limit = __HeapLimit)
                0x00000001                        ASSERT ((__StackLimit >= __HeapLimit), region RAM overflowed)
                0x00000001                        ASSERT (((__binary_info_header_end - __logical_binary_start) <= 0x100), Binary info must be in first 256 bytes of the binary)
LOAD CMakeFiles/tap_test.dir/example.cpp.o
LOAD CMakeFiles/tap_test.dir/src/TAP.cpp.o
LOAD CMakeFiles/tap_test.dir/home/crash/.pico-sdk/sdk/2.1.0/src/rp2_common/pico_stdlib/stdlib.c.o
LOAD CMakeFiles/tap_test.dir/home/crash/.pico-sdk/sdk/2.1.0/src/rp2_common/hardware_gpio/gpio.c.o
LOAD CMakeFiles/tap_test.dir/home/crash/.pico-sdk/sdk/2.1.0/src/rp2040/pico_platform/platform.c.o
LOAD CMakeFiles/tap_test.dir/home/crash/.pico-sdk/sdk/2.1.0/src/rp2_common/pico_platform_panic/panic.c.o
LOAD CMakeFiles/tap_test.dir/home/crash/.pico-sdk/sdk/2.1.0/src/common/hardware_claim/claim.c.o
LOAD CMakeFiles/tap_test.dir/home/crash/.pico-sdk/sdk/2.1.0/src/rp2_common/hardware_sync/sync.c.o
LOAD CMakeFiles/tap_test.dir/home/crash/.pico-sdk/sdk/2.1.0/src/rp2_common/hardware_sync_spin_lock/sync_spin_lock.c.o
LOAD CMakeFiles/tap_test.dir/home/crash/.pico-sdk/sdk/2.1.0/src/rp2_common/hardware_irq/irq.c.o
LOAD CMakeFiles/tap_test.dir/home/crash/.pico-sdk/sdk/2.1.0/src/rp2_common/hardware_irq/irq_handler_chain.S.o
LOAD CMakeFiles/tap_test.dir/home/crash/.pico-sdk/sdk/2.1.0/src/common/pico_sync/sem.c.o
LOAD CMakeFiles/tap_test.dir/home/crash/.pico-sdk/sdk/2.1.0/src/common/pico_sync/lock_core.c.o
LOAD CMakeFiles/tap_test.dir/home/crash/.pico-sdk/sdk/2.1.0/src/common/pico_sync/mutex.c.o
LOAD CMakeFiles/tap_test.dir/home/crash/.pico-sdk/sdk/2.1.0/src/common/pico_sync/critical_section.c.o
LOAD CMakeFiles/tap_test.dir/home/crash/.pico-sdk/sdk/2.1.0/src/common/pico_time/time.c.o
LOAD CMakeFiles/tap_test.dir/home/crash/.pico-sdk/sdk/2.1.0/src/common/pico_time/timeout_helper.c.o
LOAD CMakeFiles/tap_test.dir/home/crash/.pico-sdk/sdk/2.1.0/src/rp2_common/hardware_timer/timer.c.o
LOAD CMakeFiles/tap_test.dir/home/crash/.pico-sdk/sdk/2.1.0/src/common/pico_util/datetime.c.o
LOAD CMakeFiles/tap_test.dir/home/crash/.pico-sdk/sdk/2.1.0/src/common/pico_util/pheap.c.o
LOAD CMakeFiles/tap_test.dir/home/crash/.pico-sdk/sdk/2.1.0/src/common/pico_util/queue.c.o
LOAD CMakeFiles/tap_test.dir/home/crash/.pico-sdk/sdk/2.1.0/src/rp2_common/hardware_uart/uart.c.o
LOAD CMakeFiles/tap_test.dir/home/crash/.pico-sdk/sdk/2.1.0/src/rp2_common/hardware_clocks/clocks.c.o
LOAD CMakeFiles/tap_test.dir/home/crash/.pico-sdk/sdk/2.1.0/src/rp2_common/hardware_pll/pll.c.o
LOAD CMakeFiles/tap_test.dir/home/crash/.pico-sdk/sdk/2.1.0/src/rp2_common/hardware_vreg/vreg.c.o
LOAD CMakeFiles/tap_test.dir/home/crash/.pico-sdk/sdk/2.1.0/src/rp2_common/hardware_watchdog/watchdog.c.o
LOAD CMakeFiles/tap_test.dir/home/crash/.pico-sdk/sdk/2.1.0/src/rp2_common/hardware_ticks/ticks.c.o
LOAD CMakeFiles/tap_test.dir/home/crash/.pico-sdk/sdk/2.1.0/src/rp2_common/pico_bootrom/bootrom.c.o
LOAD CMakeFiles/tap_test.dir/home/crash/.pico-sdk/sdk/2.1.0/src/rp2_common/pico_bootrom/bootrom_lock.c.o
LOAD CMakeFiles/tap_test.dir/home/crash/.pico-sdk/sdk/2.1.0/src/rp2_common/hardware_boot_lock/boot_lock.c.o
LOAD CMakeFiles/tap_test.dir/home/crash/.pico-sdk/sdk/2.1.0/src/rp2_common/pico_flash/flash.c.o
LOAD CMakeFiles/tap_test.dir/home/crash/.pico-sdk/sdk/2.1.0/src/rp2_common/hardware_xosc/xosc.c.o
LOAD CMakeFiles/tap_test.dir/home/crash/.pico-sdk/sdk/2.1.0/src/rp2_common/hardware_divider/divider.S.o